Archive member included to satisfy reference by file (symbol)

C:/ST/STM32CubeIDE_2.1.1/STM32CubeIDE/plugins/com.st.stm32cube.ide.mcu.externaltools.gnu-tools-for-stm32.14.3.rel1.win32_1.0.100.202602081740/tools/bin/../lib/gcc/arm-none-eabi/14.3.1/../../../../arm-none-eabi/lib/thumb/v7-m/nofp\libc_nano.a(libc_a-exit.o)
                              C:/ST/STM32CubeIDE_2.1.1/STM32CubeIDE/plugins/com.st.stm32cube.ide.mcu.externaltools.gnu-tools-for-stm32.14.3.rel1.win32_1.0.100.202602081740/tools/bin/../lib/gcc/arm-none-eabi/14.3.1/../../../../arm-none-eabi/lib/thumb/v7-m/nofp/crt0.o (exit)
C:/ST/STM32CubeIDE_2.1.1/STM32CubeIDE/plugins/com.st.stm32cube.ide.mcu.externaltools.gnu-tools-for-stm32.14.3.rel1.win32_1.0.100.202602081740/tools/bin/../lib/gcc/arm-none-eabi/14.3.1/../../../../arm-none-eabi/lib/thumb/v7-m/nofp\libc_nano.a(libc_a-findfp.o)
                              C:/ST/STM32CubeIDE_2.1.1/STM32CubeIDE/plugins/com.st.stm32cube.ide.mcu.externaltools.gnu-tools-for-stm32.14.3.rel1.win32_1.0.100.202602081740/tools/bin/../lib/gcc/arm-none-eabi/14.3.1/../../../../arm-none-eabi/lib/thumb/v7-m/nofp\libc_nano.a(libc_a-exit.o) (__stdio_exit_handler)
C:/ST/STM32CubeIDE_2.1.1/STM32CubeIDE/plugins/com.st.stm32cube.ide.mcu.externaltools.gnu-tools-for-stm32.14.3.rel1.win32_1.0.100.202602081740/tools/bin/../lib/gcc/arm-none-eabi/14.3.1/../../../../arm-none-eabi/lib/thumb/v7-m/nofp\libc_nano.a(libc_a-fwalk.o)
                              C:/ST/STM32CubeIDE_2.1.1/STM32CubeIDE/plugins/com.st.stm32cube.ide.mcu.externaltools.gnu-tools-for-stm32.14.3.rel1.win32_1.0.100.202602081740/tools/bin/../lib/gcc/arm-none-eabi/14.3.1/../../../../arm-none-eabi/lib/thumb/v7-m/nofp\libc_nano.a(libc_a-findfp.o) (_fwalk_sglue)
C:/ST/STM32CubeIDE_2.1.1/STM32CubeIDE/plugins/com.st.stm32cube.ide.mcu.externaltools.gnu-tools-for-stm32.14.3.rel1.win32_1.0.100.202602081740/tools/bin/../lib/gcc/arm-none-eabi/14.3.1/../../../../arm-none-eabi/lib/thumb/v7-m/nofp\libc_nano.a(libc_a-printf.o)
                              ./Src/task_timing.o (printf)
C:/ST/STM32CubeIDE_2.1.1/STM32CubeIDE/plugins/com.st.stm32cube.ide.mcu.externaltools.gnu-tools-for-stm32.14.3.rel1.win32_1.0.100.202602081740/tools/bin/../lib/gcc/arm-none-eabi/14.3.1/../../../../arm-none-eabi/lib/thumb/v7-m/nofp\libc_nano.a(libc_a-putchar.o)
                              ./Src/task_timing.o (putchar)
C:/ST/STM32CubeIDE_2.1.1/STM32CubeIDE/plugins/com.st.stm32cube.ide.mcu.externaltools.gnu-tools-for-stm32.14.3.rel1.win32_1.0.100.202602081740/tools/bin/../lib/gcc/arm-none-eabi/14.3.1/../../../../arm-none-eabi/lib/thumb/v7-m/nofp\libc_nano.a(libc_a-puts.o)
                              ./Src/task_timing.o (puts)
C:/ST/STM32CubeIDE_2.1.1/STM32CubeIDE/plugins/com.st.stm32cube.ide.mcu.externaltools.gnu-tools-for-stm32.14.3.rel1.win32_1.0.100.202602081740/tools/bin/../lib/gcc/arm-none-eabi/14.3.1/../../../../arm-none-eabi/lib/thumb/v7-m/nofp\libc_nano.a(libc_a-snprintf.o)
                              ./Src/main_uart.o (snprintf)
C:/ST/STM32CubeIDE_2.1.1/STM32CubeIDE/plugins/com.st.stm32cube.ide.mcu.externaltools.gnu-tools-for-stm32.14.3.rel1.win32_1.0.100.202602081740/tools/bin/../lib/gcc/arm-none-eabi/14.3.1/../../../../arm-none-eabi/lib/thumb/v7-m/nofp\libc_nano.a(libc_a-stdio.o)
                              C:/ST/STM32CubeIDE_2.1.1/STM32CubeIDE/plugins/com.st.stm32cube.ide.mcu.externaltools.gnu-tools-for-stm32.14.3.rel1.win32_1.0.100.202602081740/tools/bin/../lib/gcc/arm-none-eabi/14.3.1/../../../../arm-none-eabi/lib/thumb/v7-m/nofp\libc_nano.a(libc_a-findfp.o) (__sread)
C:/ST/STM32CubeIDE_2.1.1/STM32CubeIDE/plugins/com.st.stm32cube.ide.mcu.externaltools.gnu-tools-for-stm32.14.3.rel1.win32_1.0.100.202602081740/tools/bin/../lib/gcc/arm-none-eabi/14.3.1/../../../../arm-none-eabi/lib/thumb/v7-m/nofp\libc_nano.a(libc_a-wbuf.o)
                              C:/ST/STM32CubeIDE_2.1.1/STM32CubeIDE/plugins/com.st.stm32cube.ide.mcu.externaltools.gnu-tools-for-stm32.14.3.rel1.win32_1.0.100.202602081740/tools/bin/../lib/gcc/arm-none-eabi/14.3.1/../../../../arm-none-eabi/lib/thumb/v7-m/nofp\libc_nano.a(libc_a-puts.o) (__swbuf_r)
C:/ST/STM32CubeIDE_2.1.1/STM32CubeIDE/plugins/com.st.stm32cube.ide.mcu.externaltools.gnu-tools-for-stm32.14.3.rel1.win32_1.0.100.202602081740/tools/bin/../lib/gcc/arm-none-eabi/14.3.1/../../../../arm-none-eabi/lib/thumb/v7-m/nofp\libc_nano.a(libc_a-wsetup.o)
                              C:/ST/STM32CubeIDE_2.1.1/STM32CubeIDE/plugins/com.st.stm32cube.ide.mcu.externaltools.gnu-tools-for-stm32.14.3.rel1.win32_1.0.100.202602081740/tools/bin/../lib/gcc/arm-none-eabi/14.3.1/../../../../arm-none-eabi/lib/thumb/v7-m/nofp\libc_nano.a(libc_a-puts.o) (__swsetup_r)
C:/ST/STM32CubeIDE_2.1.1/STM32CubeIDE/plugins/com.st.stm32cube.ide.mcu.externaltools.gnu-tools-for-stm32.14.3.rel1.win32_1.0.100.202602081740/tools/bin/../lib/gcc/arm-none-eabi/14.3.1/../../../../arm-none-eabi/lib/thumb/v7-m/nofp\libc_nano.a(libc_a-memset.o)
[...]
Memory Configuration

Name             Origin             Length             Attributes
RAM              0x20000000         0x00005000         xrw
FLASH            0x08000000         0x00020000         xr
*default*        0x00000000         0xffffffff

Linker script and memory map

LOAD C:/ST/STM32CubeIDE_2.1.1/STM32CubeIDE/plugins/com.st.stm32cube.ide.mcu.externaltools.gnu-tools-for-stm32.14.3.rel1.win32_1.0.100.202602081740/tools/bin/../lib/gcc/arm-none-eabi/14.3.1/thumb/v7-m/nofp/crti.o
LOAD C:/ST/STM32CubeIDE_2.1.1/STM32CubeIDE/plugins/com.st.stm32cube.ide.mcu.externaltools.gnu-tools-for-stm32.14.3.rel1.win32_1.0.100.202602081740/tools/bin/../lib/gcc/arm-none-eabi/14.3.1/thumb/v7-m/nofp/crtbegin.o
LOAD C:/ST/STM32CubeIDE_2.1.1/STM32CubeIDE/plugins/com.st.stm32cube.ide.mcu.externaltools.gnu-tools-for-stm32.14.3.rel1.win32_1.0.100.202602081740/tools/bin/../lib/gcc/arm-none-eabi/14.3.1/../../../../arm-none-eabi/lib/thumb/v7-m/nofp/crt0.o
LOAD ./Src/EngTrModel.o
LOAD ./Src/EngTrModel_data.o
LOAD ./Src/lcd.o
LOAD ./Src/main_uart.o
LOAD ./Src/rtGetInf.o
LOAD ./Src/rtGetNaN.o
LOAD ./Src/rt_nonfinite.o
LOAD ./Src/syscall.o
LOAD ./Src/sysmem.o
LOAD ./Src/task_timing.o
LOAD ./Src/user_adc.o
LOAD ./Src/user_motor.o
LOAD ./Src/user_pwm.o
LOAD ./Src/user_timer.o
LOAD ./Src/user_uart.o
LOAD ./Startup/startup_stm32f103rbtx.o
START GROUP
LOAD C:/ST/STM32CubeIDE_2.1.1/STM32CubeIDE/plugins/com.st.stm32cube.ide.mcu.externaltools.gnu-tools-for-stm32.14.3.rel1.win32_1.0.100.202602081740/tools/bin/../lib/gcc/arm-none-eabi/14.3.1/../../../../arm-none-eabi/lib/thumb/v7-m/nofp\libc_nano.a
LOAD C:/ST/STM32CubeIDE_2.1.1/STM32CubeIDE/plugins/com.st.stm32cube.ide.mcu.externaltools.gnu-tools-for-stm32.14.3.rel1.win32_1.0.100.202602081740/tools/bin/../lib/gcc/arm-none-eabi/14.3.1/../../../../arm-none-eabi/lib/thumb/v7-m/nofp\libm.a
END GROUP
START GROUP
LOAD C:/ST/STM32CubeIDE_2.1.1/STM32CubeIDE/plugins/com.st.stm32cube.ide.mcu.externaltools.gnu-tools-for-stm32.14.3.rel1.win32_1.0.100.202602081740/tools/bin/../lib/gcc/arm-none-eabi/14.3.1/thumb/v7-m/nofp\libgcc.a
LOAD C:/ST/STM32CubeIDE_2.1.1/STM32CubeIDE/plugins/com.st.stm32cube.ide.mcu.externaltools.gnu-tools-for-stm32.14.3.rel1.win32_1.0.100.202602081740/tools/bin/../lib/gcc/arm-none-eabi/14.3.1/../../../../arm-none-eabi/lib/thumb/v7-m/nofp\libc_nano.a
END GROUP
START GROUP
LOAD C:/ST/STM32CubeIDE_2.1.1/STM32CubeIDE/plugins/com.st.stm32cube.ide.mcu.externaltools.gnu-tools-for-stm32.14.3.rel1.win32_1.0.100.202602081740/tools/bin/../lib/gcc/arm-none-eabi/14.3.1/thumb/v7-m/nofp\libgcc.a
LOAD C:/ST/STM32CubeIDE_2.1.1/STM32CubeIDE/plugins/com.st.stm32cube.ide.mcu.externaltools.gnu-tools-for-stm32.14.3.rel1.win32_1.0.100.202602081740/tools/bin/../lib/gcc/arm-none-eabi/14.3.1/../../../../arm-none-eabi/lib/thumb/v7-m/nofp\libc_nano.a
LOAD C:/ST/STM32CubeIDE_2.1.1/STM32CubeIDE/plugins/com.st.stm32cube.ide.mcu.externaltools.gnu-tools-for-stm32.14.3.rel1.win32_1.0.100.202602081740/tools/bin/../lib/gcc/arm-none-eabi/14.3.1/../../../../arm-none-eabi/lib/thumb/v7-m/nofp\libnosys.a
END GROUP
START GROUP
LOAD C:/ST/STM32CubeIDE_2.1.1/STM32CubeIDE/plugins/com.st.stm32cube.ide.mcu.externaltools.gnu-tools-for-stm32.14.3.rel1.win32_1.0.100.202602081740/tools/bin/../lib/gcc/arm-none-eabi/14.3.1/thumb/v7-m/nofp\libgcc.a
LOAD C:/ST/STM32CubeIDE_2.1.1/STM32CubeIDE/plugins/com.st.stm32cube.ide.mcu.externaltools.gnu-tools-for-stm32.14.3.rel1.win32_1.0.100.202602081740/tools/bin/../lib/gcc/arm-none-eabi/14.3.1/../../../../arm-none-eabi/lib/thumb/v7-m/nofp\libc_nano.a
LOAD C:/ST/STM32CubeIDE_2.1.1/STM32CubeIDE/plugins/com.st.stm32cube.ide.mcu.externaltools.gnu-tools-for-stm32.14.3.rel1.win32_1.0.100.202602081740/tools/bin/../lib/gcc/arm-none-eabi/14.3.1/../../../../arm-none-eabi/lib/thumb/v7-m/nofp\libnosys.a
END GROUP
LOAD C:/ST/STM32CubeIDE_2.1.1/STM32CubeIDE/plugins/com.st.stm32cube.ide.mcu.externaltools.gnu-tools-for-stm32.14.3.rel1.win32_1.0.100.202602081740/tools/bin/../lib/gcc/arm-none-eabi/14.3.1/thumb/v7-m/nofp/crtend.o
LOAD C:/ST/STM32CubeIDE_2.1.1/STM32CubeIDE/plugins/com.st.stm32cube.ide.mcu.externaltools.gnu-tools-for-stm32.14.3.rel1.win32_1.0.100.202602081740/tools/bin/../lib/gcc/arm-none-eabi/14.3.1/thumb/v7-m/nofp/crtn.o
                0x20005000                        _estack = (ORIGIN (RAM) + LENGTH (RAM))
                0x00000200                        _Min_Heap_Size = 0x200
                0x00000400                        _Min_Stack_Size = 0x400

.isr_vector     0x08000000      0x130
                0x08000000                        . = ALIGN (0x4)
 *(.isr_vector)
 .isr_vector    0x08000000      0x130 ./Startup/startup_stm32f103rbtx.o
                0x08000000                g_pfnVectors
                0x08000130                        . = ALIGN (0x4)

.text           0x08000130     0x46a4
                0x08000130                        . = ALIGN (0x4)
 *(.text)
 .text          0x08000130       0x40 C:/ST/STM32CubeIDE_2.1.1/STM32CubeIDE/plugins/com.st.stm32cube.ide.mcu.externaltools.gnu-tools-for-stm32.14.3.rel1.win32_1.0.100.202602081740/tools/bin/../lib/gcc/arm-none-eabi/14.3.1/thumb/v7-m/nofp/crtbegin.o
 .text          0x08000170       0x10 C:/ST/STM32CubeIDE_2.1.1/STM32CubeIDE/plugins/com.st.stm32cube.ide.mcu.externaltools.gnu-tools-for-stm32.14.3.rel1.win32_1.0.100.202602081740/tools/bin/../lib/gcc/arm-none-eabi/14.3.1/../../../../arm-none-eabi/lib/thumb/v7-m/nofp\libc_nano.a(libc_a-strlen.o)
                0x08000170                strlen
 .text          0x08000180      0x378 C:/ST/STM32CubeIDE_2.1.1/STM32CubeIDE/plugins/com.st.stm32cube.ide.mcu.externaltools.gnu-tools-for-stm32.14.3.rel1.win32_1.0.100.202602081740/tools/bin/../lib/gcc/arm-none-eabi/14.3.1/thumb/v7-m/nofp\libgcc.a(_arm_addsubdf3.o)
                0x08000180                __aeabi_drsub
                0x08000188                __aeabi_dsub
                0x08000188                __subdf3
                0x0800018c                __aeabi_dadd
                0x0800018c                __adddf3
                0x08000404                __floatunsidf
                0x08000404                __aeabi_ui2d
                0x08000424                __floatsidf
                0x08000424                __aeabi_i2d
                0x08000448                __aeabi_f2d
                0x08000448                __extendsfdf2
                0x0800048c                __floatundidf
                0x0800048c                __aeabi_ul2d
                0x0800049c                __floatdidf
                0x0800049c                __aeabi_l2d
 .text          0x080004f8      0x424 C:/ST/STM32CubeIDE_2.1.1/STM32CubeIDE/plugins/com.st.stm32cube.ide.mcu.externaltools.gnu-tools-for-stm32.14.3.rel1.win32_1.0.100.202602081740/tools/bin/../lib/gcc/arm-none-eabi/14.3.1/thumb/v7-m/nofp\libgcc.a(_arm_muldivdf3.o)
                0x080004f8                __aeabi_dmul
                0x080004f8                __muldf3
                0x0800074c                __divdf3
                0x0800074c                __aeabi_ddiv
 .text          0x0800091c      0x110 C:/ST/STM32CubeIDE_2.1.1/STM32CubeIDE/plugins/com.st.stm32cube.ide.mcu.externaltools.gnu-tools-for-stm32.14.3.rel1.win32_1.0.100.202602081740/tools/bin/../lib/gcc/arm-none-eabi/14.3.1/thumb/v7-m/nofp\libgcc.a(_arm_cmpdf2.o)
                0x0800091c                __gtdf2
                0x0800091c                __gedf2
                0x08000924                __ltdf2
                0x08000924                __ledf2
                0x0800092c                __nedf2
                0x0800092c                __eqdf2
                0x0800092c                __cmpdf2
                0x080009a8                __aeabi_cdrcmple
                0x080009b8                __aeabi_cdcmpeq
                0x080009b8                __aeabi_cdcmple
                0x080009c8                __aeabi_dcmpeq
                0x080009dc                __aeabi_dcmplt
                0x080009f0                __aeabi_dcmple
                0x08000a04                __aeabi_dcmpge
                0x08000a18                __aeabi_dcmpgt
 .text          0x08000a2c       0x2c C:/ST/STM32CubeIDE_2.1.1/STM32CubeIDE/plugins/com.st.stm32cube.ide.mcu.externaltools.gnu-tools-for-stm32.14.3.rel1.win32_1.0.100.202602081740/tools/bin/../lib/gcc/arm-none-eabi/14.3.1/thumb/v7-m/nofp\libgcc.a(_arm_unorddf2.o)
                0x08000a2c                __unorddf2
                0x08000a2c                __aeabi_dcmpun
 .text          0x08000a58       0x40 C:/ST/STM32CubeIDE_2.1.1/STM32CubeIDE/plugins/com.st.stm32cube.ide.mcu.externaltools.gnu-tools-for-stm32.14.3.rel1.win32_1.0.100.202602081740/tools/bin/../lib/gcc/arm-none-eabi/14.3.1/thumb/v7-m/nofp\libgcc.a(_arm_fixunsdfsi.o)
                0x08000a58                __aeabi_d2uiz
                0x08000a58                __fixunsdfsi
 *(.text*)
 .text.look2_binlxpw
                0x08000a98      0x3f8 ./Src/EngTrModel.o
                0x08000a98                look2_binlxpw
 .text.look1_binlxpw
                0x08000e90      0x1c8 ./Src/EngTrModel.o
                0x08000e90                look1_binlxpw
 .text.EngTrModel_gear_state
                0x08001058      0x10c ./Src/EngTrModel.o
 .text.rt_powd_snf
                0x08001164      0x234 ./Src/EngTrModel.o
                0x08001164                rt_powd_snf
 .text.EngTrModel_step
                0x08001398      0x5b4 ./Src/EngTrModel.o
                0x08001398                EngTrModel_step
 .text.EngTrModel_initialize
                0x0800194c        0xe ./Src/EngTrModel.o
                0x0800194c                EngTrModel_initialize
 *fill*         0x0800195a        0x2 
 .text.LCD_DWT_Init
                0x0800195c       0x40 ./Src/lcd.o
 .text.LCD_DelayUs
                0x0800199c       0x44 ./Src/lcd.o
 .text.LCD_Delay_10us
                0x080019e0        0xe ./Src/lcd.o
 .text.LCD_Delay_53us
                0x080019ee        0xe ./Src/lcd.o
 .text.LCD_Delay_100us
                0x080019fc        0xe ./Src/lcd.o
 .text.LCD_Delay_1ms
                0x08001a0a       0x10 ./Src/lcd.o
 .text.LCD_Delay_4_1ms
                0x08001a1a       0x10 ./Src/lcd.o
 .text.LCD_Delay_40ms
                0x08001a2a       0x10 ./Src/lcd.o
 *fill*         0x08001a3a        0x2 
 .text.LCD_Pulse_EN
                0x08001a3c       0x30 ./Src/lcd.o
                0x08001a3c                LCD_Pulse_EN
 .text.LCD_Out_Data4
                0x08001a6c       0x98 ./Src/lcd.o
                0x08001a6c                LCD_Out_Data4
 .text.LCD_Write_Byte
                0x08001b04       0x44 ./Src/lcd.o
                0x08001b04                LCD_Write_Byte
 .text.LCD_Write_Cmd
                0x08001b48       0x30 ./Src/lcd.o
                0x08001b48                LCD_Write_Cmd
 .text.LCD_Put_Char
                0x08001b78       0x30 ./Src/lcd.o
                0x08001b78                LCD_Put_Char
 .text.LCD_Set_Cursor
                0x08001ba8       0x56 ./Src/lcd.o
                0x08001ba8                LCD_Set_Cursor
 .text.LCD_Put_Str
                0x08001bfe       0x48 ./Src/lcd.o
                0x08001bfe                LCD_Put_Str
 *fill*         0x08001c46        0x2 
 .text.LCD_Init
                0x08001c48      0x14c ./Src/lcd.o
                0x08001c48                LCD_Init
 .text.main     0x08001d94      0x2b4 ./Src/main_uart.o
                0x08001d94                main
 .text.USER_GPIO_Init
                0x08002048       0x44 ./Src/main_uart.o
                0x08002048                USER_GPIO_Init
 .text.USER_SystemClock_Config
                0x0800208c       0x90 ./Src/main_uart.o
                0x0800208c                USER_SystemClock_Config
 .text.USER_ReadBrakeState
                0x0800211c       0x24 ./Src/main_uart.o
 .text.USER_ClampPercentFromRaw
                0x08002140       0x40 ./Src/main_uart.o
 .text.USER_ClampRpm
                0x08002180       0x74 ./Src/main_uart.o
 *fill*         0x080021f4        0x4 
 .text.USER_ClampSpeed
                0x080021f8       0x74 ./Src/main_uart.o
 .text.USER_LCD_WritePadded
                0x0800226c       0x96 ./Src/main_uart.o
 *fill*         0x08002302        0x2 
 .text.USER_LCD_UpdateStatus
                0x08002304       0x8c ./Src/main_uart.o
 .text.rtGetInf
                0x08002390       0x8c ./Src/rtGetInf.o
                0x08002390                rtGetInf
 .text.rtGetInfF
                0x0800241c       0x18 ./Src/rtGetInf.o
                0x0800241c                rtGetInfF
 .text.rtGetMinusInf
                0x08002434       0x8c ./Src/rtGetInf.o
                0x08002434                rtGetMinusInf
 .text.rtGetMinusInfF
                0x080024c0       0x1c ./Src/rtGetInf.o
                0x080024c0                rtGetMinusInfF
 .text.rtGetNaN
                0x080024dc       0x90 ./Src/rtGetNaN.o
                0x080024dc                rtGetNaN
 .text.rtGetNaNF
                0x0800256c       0x4c ./Src/rtGetNaN.o
                0x0800256c                rtGetNaNF
 .text.rt_InitInfAndNaN
                0x080025b8       0x70 ./Src/rt_nonfinite.o
                0x080025b8                rt_InitInfAndNaN
 .text.rtIsInf  0x08002628       0x48 ./Src/rt_nonfinite.o
                0x08002628                rtIsInf
 .text.rtIsNaN  0x08002670       0x9c ./Src/rt_nonfinite.o
                0x08002670                rtIsNaN
 .text._sbrk    0x0800270c       0x6c ./Src/sysmem.o
                0x0800270c                _sbrk
 .text.USER_ADC1_Init
                0x08002778       0xcc ./Src/user_adc.o
                0x08002778                USER_ADC1_Init
 .text.USER_ADC1_ReadThrottleRaw
                0x08002844       0x2c ./Src/user_adc.o
                0x08002844                USER_ADC1_ReadThrottleRaw
 .text.USER_ADC1_StartConversion
                0x08002870       0x1c ./Src/user_adc.o
 .text.USER_Motor_Init
                0x0800288c        0xc ./Src/user_motor.o
                0x0800288c                USER_Motor_Init
 .text.USER_PWM4_Init
                0x08002898       0xb8 ./Src/user_pwm.o
                0x08002898                USER_PWM4_Init
 .text.USER_PWM4_SetDutyPercent
                0x08002950       0x26 ./Src/user_pwm.o
                0x08002950                USER_PWM4_SetDutyPercent
 *fill*         0x08002976        0x2 
 .text.USER_PWM4_ClampDuty
                0x08002978       0x34 ./Src/user_pwm.o
 .text.USER_PWM4_ApplyDuty
                0x080029ac       0x30 ./Src/user_pwm.o
 .text.USER_TIM2_Init40ms
                0x080029dc       0x78 ./Src/user_timer.o
                0x080029dc                USER_TIM2_Init40ms
 .text.USER_TIM2_ConsumeTick
                0x08002a54       0x24 ./Src/user_timer.o
                0x08002a54                USER_TIM2_ConsumeTick
 .text.TIM2_IRQHandler
                0x08002a78       0x2c ./Src/user_timer.o
                0x08002a78                TIM2_IRQHandler
 .text.USER_GPIO_LED_Init
                0x08002aa4       0x38 ./Src/user_uart.o
                0x08002aa4                USER_GPIO_LED_Init
 .text.USER_USART2_Init
                0x08002adc       0xb0 ./Src/user_uart.o
                0x08002adc                USER_USART2_Init
 .text.USER_USART2_Transmit
                0x08002b8c       0x38 ./Src/user_uart.o
                0x08002b8c                USER_USART2_Transmit
 .text.USER_USART2_Send_8bit
                0x08002bc4       0x2c ./Src/user_uart.o
 .text.USER_USART2_SendString
                0x08002bf0       0x2a ./Src/user_uart.o
                0x08002bf0                USER_USART2_SendString
 *fill*         0x08002c1a        0x2 
 .text.USER_USART2_SendTelemetry
                0x08002c1c       0x78 ./Src/user_uart.o
                0x08002c1c                USER_USART2_SendTelemetry
 .text.Reset_Handler
                0x08002c94       0x50 ./Startup/startup_stm32f103rbtx.o
                0x08002c94                Reset_Handler
 .text.Default_Handler
                0x08002ce4        0x2 ./Startup/startup_stm32f103rbtx.o
                0x08002ce4                EXTI2_IRQHandler
                0x08002ce4                TIM8_TRG_COM_IRQHandler
                0x08002ce4                TIM8_CC_IRQHandler
                0x08002ce4                DebugMon_Handler
                0x08002ce4                TIM1_CC_IRQHandler
                0x08002ce4                HardFault_Handler
                0x08002ce4                TIM6_IRQHandler
                0x08002ce4                SysTick_Handler
                0x08002ce4                PVD_IRQHandler
                0x08002ce4                SDIO_IRQHandler
                0x08002ce4                PendSV_Handler
                0x08002ce4                NMI_Handler
                0x08002ce4                EXTI3_IRQHandler
                0x08002ce4                USB_HP_CAN_TX_IRQHandler
                0x08002ce4                EXTI0_IRQHandler
                0x08002ce4                I2C2_EV_IRQHandler
                0x08002ce4                UsageFault_Handler
                0x08002ce4                ADC1_2_IRQHandler
                0x08002ce4                SPI1_IRQHandler
                0x08002ce4                CAN_SCE_IRQHandler
                0x08002ce4                TAMPER_IRQHandler
                0x08002ce4                TIM8_UP_IRQHandler
                0x08002ce4                DMA2_Channel2_IRQHandler
                0x08002ce4                DMA1_Channel4_IRQHandler
                0x08002ce4                USART3_IRQHandler
                0x08002ce4                RTC_IRQHandler
                0x08002ce4                DMA1_Channel7_IRQHandler
                0x08002ce4                UART5_IRQHandler
                0x08002ce4                ADC3_IRQHandler
                0x08002ce4                TIM4_IRQHandler
                0x08002ce4                CAN_RX1_IRQHandler
                0x08002ce4                DMA2_Channel1_IRQHandler
                0x08002ce4                I2C1_EV_IRQHandler
                0x08002ce4                DMA1_Channel6_IRQHandler
                0x08002ce4                UART4_IRQHandler
                0x08002ce4                TIM3_IRQHandler
                0x08002ce4                RCC_IRQHandler
                0x08002ce4                TIM1_TRG_COM_IRQHandler
                0x08002ce4                DMA1_Channel1_IRQHandler
                0x08002ce4                Default_Handler
                0x08002ce4                EXTI15_10_IRQHandler
                0x08002ce4                TIM7_IRQHandler
                0x08002ce4                TIM5_IRQHandler
                0x08002ce4                EXTI9_5_IRQHandler
                0x08002ce4                SPI2_IRQHandler
                0x08002ce4                USB_LP_CAN_RX0_IRQHandler
                0x08002ce4                MemManage_Handler
                0x08002ce4                SVC_Handler
                0x08002ce4                DMA1_Channel5_IRQHandler
                0x08002ce4                EXTI4_IRQHandler
                0x08002ce4                DMA1_Channel3_IRQHandler
                0x08002ce4                FSMC_IRQHandler
                0x08002ce4                TIM1_UP_IRQHandler
                0x08002ce4                WWDG_IRQHandler
                0x08002ce4                TIM1_BRK_IRQHandler
                0x08002ce4                EXTI1_IRQHandler
                0x08002ce4                RTCAlarm_IRQHandler
                0x08002ce4                DMA2_Channel4_5_IRQHandler
                0x08002ce4                USART2_IRQHandler
                0x08002ce4                I2C2_ER_IRQHandler
                0x08002ce4                DMA1_Channel2_IRQHandler
                0x08002ce4                TIM8_BRK_IRQHandler
                0x08002ce4                FLASH_IRQHandler
                0x08002ce4                BusFault_Handler
                0x08002ce4                USART1_IRQHandler
                0x08002ce4                SPI3_IRQHandler
                0x08002ce4                I2C1_ER_IRQHandler
                0x08002ce4                DMA2_Channel3_IRQHandler
 *fill*         0x08002ce6        0x2 
 .text.snprintf
                0x08002ce8       0x6c C:/ST/STM32CubeIDE_2.1.1/STM32CubeIDE/plugins/com.st.stm32cube.ide.mcu.externaltools.gnu-tools-for-stm32.14.3.rel1.win32_1.0.100.202602081740/tools/bin/../lib/gcc/arm-none-eabi/14.3.1/../../../../arm-none-eabi/lib/thumb/v7-m/nofp\libc_nano.a(libc_a-snprintf.o)
                0x08002ce8                sniprintf
                0x08002ce8                snprintf
 .text.__errno  0x08002d54        0xc C:/ST/STM32CubeIDE_2.1.1/STM32CubeIDE/plugins/com.st.stm32cube.ide.mcu.externaltools.gnu-tools-for-stm32.14.3.rel1.win32_1.0.100.202602081740/tools/bin/../lib/gcc/arm-none-eabi/14.3.1/../../../../arm-none-eabi/lib/thumb/v7-m/nofp\libc_nano.a(libc_a-errno.o)
                0x08002d54                __errno
 .text.__libc_init_array
                0x08002d60       0x48 C:/ST/STM32CubeIDE_2.1.1/STM32CubeIDE/plugins/com.st.stm32cube.ide.mcu.externaltools.gnu-tools-for-stm32.14.3.rel1.win32_1.0.100.202602081740/tools/bin/../lib/gcc/arm-none-eabi/14.3.1/../../../../arm-none-eabi/lib/thumb/v7-m/nofp\libc_nano.a(libc_a-init.o)
                0x08002d60                __libc_init_array
 .text.__retarget_lock_acquire_recursive
                0x08002da8        0x2 C:/ST/STM32CubeIDE_2.1.1/STM32CubeIDE/plugins/com.st.stm32cube.ide.mcu.externaltools.gnu-tools-for-stm32.14.3.rel1.win32_1.0.100.202602081740/tools/bin/../lib/gcc/arm-none-eabi/14.3.1/../../../../arm-none-eabi/lib/thumb/v7-m/nofp\libc_nano.a(libc_a-lock.o)
                0x08002da8                __retarget_lock_acquire_recursive
 .text.__retarget_lock_release_recursive
                0x08002daa        0x2 C:/ST/STM32CubeIDE_2.1.1/STM32CubeIDE/plugins/com.st.stm32cube.ide.mcu.externaltools.gnu-tools-for-stm32.14.3.rel1.win32_1.0.100.202602081740/tools/bin/../lib/gcc/arm-none-eabi/14.3.1/../../../../arm-none-eabi/lib/thumb/v7-m/nofp\libc_nano.a(libc_a-lock.o)
                0x08002daa                __retarget_lock_release_recursive
 .text._free_r  0x08002dac       0x90 C:/ST/STM32CubeIDE_2.1.1/STM32CubeIDE/plugins/com.st.stm32cube.ide.mcu.externaltools.gnu-tools-for-stm32.14.3.rel1.win32_1.0.100.202602081740/tools/bin/../lib/gcc/arm-none-eabi/14.3.1/../../../../arm-none-eabi/lib/thumb/v7-m/nofp\libc_nano.a(libc_a-freer.o)
                0x08002dac                _free_r
 .text.sbrk_aligned
                0x08002e3c       0x44 C:/ST/STM32CubeIDE_2.1.1/STM32CubeIDE/plugins/com.st.stm32cube.ide.mcu.externaltools.gnu-tools-for-stm32.14.3.rel1.win32_1.0.100.202602081740/tools/bin/../lib/gcc/arm-none-eabi/14.3.1/../../../../arm-none-eabi/lib/thumb/v7-m/nofp\libc_nano.a(libc_a-mallocr.o)
 .text._malloc_r
                0x08002e80      0x100 C:/ST/STM32CubeIDE_2.1.1/STM32CubeIDE/plugins/com.st.stm32cube.ide.mcu.externaltools.gnu-tools-for-stm32.14.3.rel1.win32_1.0.100.202602081740/tools/bin/../lib/gcc/arm-none-eabi/14.3.1/../../../../arm-none-eabi/lib/thumb/v7-m/nofp\libc_nano.a(libc_a-mallocr.o)
                0x08002e80                _malloc_r
 .text.__malloc_lock
                0x08002f80        0xc C:/ST/STM32CubeIDE_2.1.1/STM32CubeIDE/plugins/com.st.stm32cube.ide.mcu.externaltools.gnu-tools-for-stm32.14.3.rel1.win32_1.0.100.202602081740/tools/bin/../lib/gcc/arm-none-eabi/14.3.1/../../../../arm-none-eabi/lib/thumb/v7-m/nofp\libc_nano.a(libc_a-mlock.o)
                0x08002f80                __malloc_lock
 .text.__malloc_unlock
                0x08002f8c        0xc C:/ST/STM32CubeIDE_2.1.1/STM32CubeIDE/plugins/com.st.stm32cube.ide.mcu.externaltools.gnu-tools-for-stm32.14.3.rel1.win32_1.0.100.202602081740/tools/bin/../lib/gcc/arm-none-eabi/14.3.1/../../../../arm-none-eabi/lib/thumb/v7-m/nofp\libc_nano.a(libc_a-mlock.o)
                0x08002f8c                __malloc_unlock
 .text.__ssputs_r
                0x08002f98       0xc0 C:/ST/STM32CubeIDE_2.1.1/STM32CubeIDE/plugins/com.st.stm32cube.ide.mcu.externaltools.gnu-tools-for-stm32.14.3.rel1.win32_1.0.100.202602081740/tools/bin/../lib/gcc/arm-none-eabi/14.3.1/../../../../arm-none-eabi/lib/thumb/v7-m/nofp\libc_nano.a(libc_a-nano-svfprintf.o)
                0x08002f98                __ssputs_r
 .text._svfprintf_r
                0x08003058      0x1f0 C:/ST/STM32CubeIDE_2.1.1/STM32CubeIDE/plugins/com.st.stm32cube.ide.mcu.externaltools.gnu-tools-for-stm32.14.3.rel1.win32_1.0.100.202602081740/tools/bin/../lib/gcc/arm-none-eabi/14.3.1/../../../../arm-none-eabi/lib/thumb/v7-m/nofp\libc_nano.a(libc_a-nano-svfprintf.o)
                0x08003058                _svfiprintf_r
                0x08003058                _svfprintf_r
 .text._printf_common
                0x08003248       0xe4 C:/ST/STM32CubeIDE_2.1.1/STM32CubeIDE/plugins/com.st.stm32cube.ide.mcu.externaltools.gnu-tools-for-stm32.14.3.rel1.win32_1.0.100.202602081740/tools/bin/../lib/gcc/arm-none-eabi/14.3.1/../../../../arm-none-eabi/lib/thumb/v7-m/nofp\libc_nano.a(libc_a-nano-vfprintf_i.o)
                0x08003248                _printf_common
 .text._printf_i
                0x0800332c      0x24c C:/ST/STM32CubeIDE_2.1.1/STM32CubeIDE/plugins/com.st.stm32cube.ide.mcu.externaltools.gnu-tools-for-stm32.14.3.rel1.win32_1.0.100.202602081740/tools/bin/../lib/gcc/arm-none-eabi/14.3.1/../../../../arm-none-eabi/lib/thumb/v7-m/nofp\libc_nano.a(libc_a-nano-vfprintf_i.o)
                0x0800332c                _printf_i
 .text.memmove  0x08003578       0x32 C:/ST/STM32CubeIDE_2.1.1/STM32CubeIDE/plugins/com.st.stm32cube.ide.mcu.externaltools.gnu-tools-for-stm32.14.3.rel1.win32_1.0.100.202602081740/tools/bin/../lib/gcc/arm-none-eabi/14.3.1/../../../../arm-none-eabi/lib/thumb/v7-m/nofp\libc_nano.a(libc_a-memmove.o)
                0x08003578                memmove
 *fill*         0x080035aa        0x2 
 .text._sbrk_r  0x080035ac       0x20 C:/ST/STM32CubeIDE_2.1.1/STM32CubeIDE/plugins/com.st.stm32cube.ide.mcu.externaltools.gnu-tools-for-stm32.14.3.rel1.win32_1.0.100.202602081740/tools/bin/../lib/gcc/arm-none-eabi/14.3.1/../../../../arm-none-eabi/lib/thumb/v7-m/nofp\libc_nano.a(libc_a-sbrkr.o)
                0x080035ac                _sbrk_r
 .text.memchr   0x080035cc       0x1c C:/ST/STM32CubeIDE_2.1.1/STM32CubeIDE/plugins/com.st.stm32cube.ide.mcu.externaltools.gnu-tools-for-stm32.14.3.rel1.win32_1.0.100.202602081740/tools/bin/../lib/gcc/arm-none-eabi/14.3.1/../../../../arm-none-eabi/lib/thumb/v7-m/nofp\libc_nano.a(libc_a-memchr-stub.o)
                0x080035cc                memchr
 .text.memcpy   0x080035e8       0x1c C:/ST/STM32CubeIDE_2.1.1/STM32CubeIDE/plugins/com.st.stm32cube.ide.mcu.externaltools.gnu-tools-for-stm32.14.3.rel1.win32_1.0.100.202602081740/tools/bin/../lib/gcc/arm-none-eabi/14.3.1/../../../../arm-none-eabi/lib/thumb/v7-m/nofp\libc_nano.a(libc_a-memcpy-stub.o)
                0x080035e8                memcpy
 .text._realloc_r
                0x08003604       0x5c C:/ST/STM32CubeIDE_2.1.1/STM32CubeIDE/plugins/com.st.stm32cube.ide.mcu.externaltools.gnu-tools-for-stm32.14.3.rel1.win32_1.0.100.202602081740/tools/bin/../lib/gcc/arm-none-eabi/14.3.1/../../../../arm-none-eabi/lib/thumb/v7-m/nofp\libc_nano.a(libc_a-reallocr.o)
                0x08003604                _realloc_r
 .text._malloc_usable_size_r
                0x08003660       0x10 C:/ST/STM32CubeIDE_2.1.1/STM32CubeIDE/plugins/com.st.stm32cube.ide.mcu.externaltools.gnu-tools-for-stm32.14.3.rel1.win32_1.0.100.202602081740/tools/bin/../lib/gcc/arm-none-eabi/14.3.1/../../../../arm-none-eabi/lib/thumb/v7-m/nofp\libc_nano.a(libc_a-msizer.o)
                0x08003660                _malloc_usable_size_r
 .text.pow      0x08003670       0xdc C:/ST/STM32CubeIDE_2.1.1/STM32CubeIDE/plugins/com.st.stm32cube.ide.mcu.externaltools.gnu-tools-for-stm32.14.3.rel1.win32_1.0.100.202602081740/tools/bin/../lib/gcc/arm-none-eabi/14.3.1/../../../../arm-none-eabi/lib/thumb/v7-m/nofp\libm.a(libm_a-w_pow.o)
                0x08003670                pow
 .text.sqrt     0x0800374c       0x50 C:/ST/STM32CubeIDE_2.1.1/STM32CubeIDE/plugins/com.st.stm32cube.ide.mcu.externaltools.gnu-tools-for-stm32.14.3.rel1.win32_1.0.100.202602081740/tools/bin/../lib/gcc/arm-none-eabi/14.3.1/../../../../arm-none-eabi/lib/thumb/v7-m/nofp\libm.a(libm_a-w_sqrt.o)
                0x0800374c                sqrt
 .text.finite   0x0800379c        0xc C:/ST/STM32CubeIDE_2.1.1/STM32CubeIDE/plugins/com.st.stm32cube.ide.mcu.externaltools.gnu-tools-for-stm32.14.3.rel1.win32_1.0.100.202602081740/tools/bin/../lib/gcc/arm-none-eabi/14.3.1/../../../../arm-none-eabi/lib/thumb/v7-m/nofp\libm.a(libm_a-s_finite.o)
                0x0800379c                finite
 .text.__ieee754_sqrt
                0x080037a8      0x1dc C:/ST/STM32CubeIDE_2.1.1/STM32CubeIDE/plugins/com.st.stm32cube.ide.mcu.externaltools.gnu-tools-for-stm32.14.3.rel1.win32_1.0.100.202602081740/tools/bin/../lib/gcc/arm-none-eabi/14.3.1/../../../../arm-none-eabi/lib/thumb/v7-m/nofp\libm.a(libm_a-e_sqrt.o)
                0x080037a8                __ieee754_sqrt
 *fill*         0x08003984        0x4 
 .text.floor    0x08003988      0x108 C:/ST/STM32CubeIDE_2.1.1/STM32CubeIDE/plugins/com.st.stm32cube.ide.mcu.externaltools.gnu-tools-for-stm32.14.3.rel1.win32_1.0.100.202602081740/tools/bin/../lib/gcc/arm-none-eabi/14.3.1/../../../../arm-none-eabi/lib/thumb/v7-m/nofp\libm.a(libm_a-s_floor.o)
                0x08003988                floor
 .text.__ieee754_pow
                0x08003a90      0xbc8 C:/ST/STM32CubeIDE_2.1.1/STM32CubeIDE/plugins/com.st.stm32cube.ide.mcu.externaltools.gnu-tools-for-stm32.14.3.rel1.win32_1.0.100.202602081740/tools/bin/../lib/gcc/arm-none-eabi/14.3.1/../../../../arm-none-eabi/lib/thumb/v7-m/nofp\libm.a(libm_a-e_pow.o)
                0x08003a90                __ieee754_pow
 .text.fabs     0x08004658        0x8 C:/ST/STM32CubeIDE_2.1.1/STM32CubeIDE/plugins/com.st.stm32cube.ide.mcu.externaltools.gnu-tools-for-stm32.14.3.rel1.win32_1.0.100.202602081740/tools/bin/../lib/gcc/arm-none-eabi/14.3.1/../../../../arm-none-eabi/lib/thumb/v7-m/nofp\libm.a(libm_a-s_fabs.o)
                0x08004658                fabs
 .text.scalbn   0x08004660       0xfc C:/ST/STM32CubeIDE_2.1.1/STM32CubeIDE/plugins/com.st.stm32cube.ide.mcu.externaltools.gnu-tools-for-stm32.14.3.rel1.win32_1.0.100.202602081740/tools/bin/../lib/gcc/arm-none-eabi/14.3.1/../../../../arm-none-eabi/lib/thumb/v7-m/nofp\libm.a(libm_a-s_scalbn.o)
                0x08004660                scalbn
 .text.with_errno
                0x0800475c       0x18 C:/ST/STM32CubeIDE_2.1.1/STM32CubeIDE/plugins/com.st.stm32cube.ide.mcu.externaltools.gnu-tools-for-stm32.14.3.rel1.win32_1.0.100.202602081740/tools/bin/../lib/gcc/arm-none-eabi/14.3.1/../../../../arm-none-eabi/lib/thumb/v7-m/nofp\libm.a(libm_a-math_err.o)
 .text.xflow    0x08004774       0x30 C:/ST/STM32CubeIDE_2.1.1/STM32CubeIDE/plugins/com.st.stm32cube.ide.mcu.externaltools.gnu-tools-for-stm32.14.3.rel1.win32_1.0.100.202602081740/tools/bin/../lib/gcc/arm-none-eabi/14.3.1/../../../../arm-none-eabi/lib/thumb/v7-m/nofp\libm.a(libm_a-math_err.o)
 .text.__math_uflow
                0x080047a4        0xc C:/ST/STM32CubeIDE_2.1.1/STM32CubeIDE/plugins/com.st.stm32cube.ide.mcu.externaltools.gnu-tools-for-stm32.14.3.rel1.win32_1.0.100.202602081740/tools/bin/../lib/gcc/arm-none-eabi/14.3.1/../../../../arm-none-eabi/lib/thumb/v7-m/nofp\libm.a(libm_a-math_err.o)
                0x080047a4                __math_uflow
 .text.__math_oflow
                0x080047b0        0xc C:/ST/STM32CubeIDE_2.1.1/STM32CubeIDE/plugins/com.st.stm32cube.ide.mcu.externaltools.gnu-tools-for-stm32.14.3.rel1.win32_1.0.100.202602081740/tools/bin/../lib/gcc/arm-none-eabi/14.3.1/../../../../arm-none-eabi/lib/thumb/v7-m/nofp\libm.a(libm_a-math_err.o)
                0x080047b0                __math_oflow
 *(.glue_7)
 .glue_7        0x080047bc        0x0 linker stubs
 *(.glue_7t)
 .glue_7t       0x080047bc        0x0 linker stubs
 *(.eh_frame)
 .eh_frame      0x080047bc        0x0 C:/ST/STM32CubeIDE_2.1.1/STM32CubeIDE/plugins/com.st.stm32cube.ide.mcu.externaltools.gnu-tools-for-stm32.14.3.rel1.win32_1.0.100.202602081740/tools/bin/../lib/gcc/arm-none-eabi/14.3.1/thumb/v7-m/nofp/crtbegin.o
 *(.init)
 .init          0x080047bc        0x4 C:/ST/STM32CubeIDE_2.1.1/STM32CubeIDE/plugins/com.st.stm32cube.ide.mcu.externaltools.gnu-tools-for-stm32.14.3.rel1.win32_1.0.100.202602081740/tools/bin/../lib/gcc/arm-none-eabi/14.3.1/thumb/v7-m/nofp/crti.o
                0x080047bc                _init
 .init          0x080047c0        0x8 C:/ST/STM32CubeIDE_2.1.1/STM32CubeIDE/plugins/com.st.stm32cube.ide.mcu.externaltools.gnu-tools-for-stm32.14.3.rel1.win32_1.0.100.202602081740/tools/bin/../lib/gcc/arm-none-eabi/14.3.1/thumb/v7-m/nofp/crtn.o
 *(.fini)
 .fini          0x080047c8        0x4 C:/ST/STM32CubeIDE_2.1.1/STM32CubeIDE/plugins/com.st.stm32cube.ide.mcu.externaltools.gnu-tools-for-stm32.14.3.rel1.win32_1.0.100.202602081740/tools/bin/../lib/gcc/arm-none-eabi/14.3.1/thumb/v7-m/nofp/crti.o
                0x080047c8                _fini
 .fini          0x080047cc        0x8 C:/ST/STM32CubeIDE_2.1.1/STM32CubeIDE/plugins/com.st.stm32cube.ide.mcu.externaltools.gnu-tools-for-stm32.14.3.rel1.win32_1.0.100.202602081740/tools/bin/../lib/gcc/arm-none-eabi/14.3.1/thumb/v7-m/nofp/crtn.o
                0x080047d4                        . = ALIGN (0x4)
                0x080047d4                        _etext = .

.vfp11_veneer   0x080047d4        0x0
 .vfp11_veneer  0x080047d4        0x0 linker stubs

.v4_bx          0x080047d4        0x0
 .v4_bx         0x080047d4        0x0 linker stubs

.iplt           0x080047d4        0x0
 .iplt          0x080047d4        0x0 C:/ST/STM32CubeIDE_2.1.1/STM32CubeIDE/plugins/com.st.stm32cube.ide.mcu.externaltools.gnu-tools-for-stm32.14.3.rel1.win32_1.0.100.202602081740/tools/bin/../lib/gcc/arm-none-eabi/14.3.1/thumb/v7-m/nofp/crtbegin.o

.rodata         0x080047d8      0x980
                0x080047d8                        . = ALIGN (0x4)
 *(.rodata)
 .rodata        0x080047d8       0xdd ./Src/main_uart.o
 *fill*         0x080048b5        0x3 
 .rodata        0x080048b8       0x11 ./Src/user_uart.o
 *(.rodata*)
 *fill*         0x080048c9        0x7 
 .rodata.EngTrModel_ConstP
                0x080048d0      0x840 ./Src/EngTrModel_data.o
                0x080048d0                EngTrModel_ConstP
 .rodata._svfprintf_r.str1.1
                0x08005110       0x33 C:/ST/STM32CubeIDE_2.1.1/STM32CubeIDE/plugins/com.st.stm32cube.ide.mcu.externaltools.gnu-tools-for-stm32.14.3.rel1.win32_1.0.100.202602081740/tools/bin/../lib/gcc/arm-none-eabi/14.3.1/../../../../arm-none-eabi/lib/thumb/v7-m/nofp\libc_nano.a(libc_a-nano-svfprintf.o)
                                 0x11 (size before relaxing)
 .rodata._printf_i.str1.1
                0x08005143       0x22 C:/ST/STM32CubeIDE_2.1.1/STM32CubeIDE/plugins/com.st.stm32cube.ide.mcu.externaltools.gnu-tools-for-stm32.14.3.rel1.win32_1.0.100.202602081740/tools/bin/../lib/gcc/arm-none-eabi/14.3.1/../../../../arm-none-eabi/lib/thumb/v7-m/nofp\libc_nano.a(libc_a-nano-vfprintf_i.o)
 *fill*         0x08005143        0x5 
 .rodata.tiny   0x08005148        0x8 C:/ST/STM32CubeIDE_2.1.1/STM32CubeIDE/plugins/com.st.stm32cube.ide.mcu.externaltools.gnu-tools-for-stm32.14.3.rel1.win32_1.0.100.202602081740/tools/bin/../lib/gcc/arm-none-eabi/14.3.1/../../../../arm-none-eabi/lib/thumb/v7-m/nofp\libm.a(libm_a-e_sqrt.o)
 .rodata.one    0x08005150        0x8 C:/ST/STM32CubeIDE_2.1.1/STM32CubeIDE/plugins/com.st.stm32cube.ide.mcu.externaltools.gnu-tools-for-stm32.14.3.rel1.win32_1.0.100.202602081740/tools/bin/../lib/gcc/arm-none-eabi/14.3.1/../../../../arm-none-eabi/lib/thumb/v7-m/nofp\libm.a(libm_a-e_sqrt.o)
                0x08005158                        . = ALIGN (0x4)

.ARM.extab      0x08005158        0x0
                0x08005158                        . = ALIGN (0x4)
 *(.ARM.extab* .gnu.linkonce.armextab.*)
                0x08005158                        . = ALIGN (0x4)

.ARM            0x08005158        0x8
                0x08005158                        . = ALIGN (0x4)
                0x08005158                        __exidx_start = .
 *(.ARM.exidx*)
 .ARM.exidx     0x08005158        0x8 C:/ST/STM32CubeIDE_2.1.1/STM32CubeIDE/plugins/com.st.stm32cube.ide.mcu.externaltools.gnu-tools-for-stm32.14.3.rel1.win32_1.0.100.202602081740/tools/bin/../lib/gcc/arm-none-eabi/14.3.1/../../../../arm-none-eabi/lib/thumb/v7-m/nofp\libc_nano.a(libc_a-strlen.o)
                0x08005160                        __exidx_end = .
                0x08005160                        . = ALIGN (0x4)

.preinit_array  0x08005160        0x0
                0x08005160                        . = ALIGN (0x4)
                0x08005160                        PROVIDE (__preinit_array_start = .)
 *(.preinit_array*)
                0x08005160                        PROVIDE (__preinit_array_end = .)
                0x08005160                        . = ALIGN (0x4)

.init_array     0x08005160        0x4
                0x08005160                        . = ALIGN (0x4)
                0x08005160                        PROVIDE (__init_array_start = .)
 *(SORT_BY_NAME(.init_array.*))
 *(.init_array*)
 .init_array    0x08005160        0x4 C:/ST/STM32CubeIDE_2.1.1/STM32CubeIDE/plugins/com.st.stm32cube.ide.mcu.externaltools.gnu-tools-for-stm32.14.3.rel1.win32_1.0.100.202602081740/tools/bin/../lib/gcc/arm-none-eabi/14.3.1/thumb/v7-m/nofp/crtbegin.o
                0x08005164                        PROVIDE (__init_array_end = .)
                0x08005164                        . = ALIGN (0x4)

.fini_array     0x08005164        0x4
                0x08005164                        . = ALIGN (0x4)
                [!provide]                        PROVIDE (__fini_array_start = .)
 *(SORT_BY_NAME(.fini_array.*))
 *(.fini_array*)
 .fini_array    0x08005164        0x4 C:/ST/STM32CubeIDE_2.1.1/STM32CubeIDE/plugins/com.st.stm32cube.ide.mcu.externaltools.gnu-tools-for-stm32.14.3.rel1.win32_1.0.100.202602081740/tools/bin/../lib/gcc/arm-none-eabi/14.3.1/thumb/v7-m/nofp/crtbegin.o
                [!provide]                        PROVIDE (__fini_array_end = .)
                0x08005168                        . = ALIGN (0x4)
                0x08005168                        _sidata = LOADADDR (.data)

.rel.dyn        0x08005168        0x0
 .rel.iplt      0x08005168        0x0 C:/ST/STM32CubeIDE_2.1.1/STM32CubeIDE/plugins/com.st.stm32cube.ide.mcu.externaltools.gnu-tools-for-stm32.14.3.rel1.win32_1.0.100.202602081740/tools/bin/../lib/gcc/arm-none-eabi/14.3.1/thumb/v7-m/nofp/crtbegin.o

.data           0x20000000       0x50 load address 0x08005168
                0x20000000                        . = ALIGN (0x4)
                0x20000000                        _sdata = .
 *(.data)
 *(.data*)
 .data._impure_ptr
                0x20000000        0x4 C:/ST/STM32CubeIDE_2.1.1/STM32CubeIDE/plugins/com.st.stm32cube.ide.mcu.externaltools.gnu-tools-for-stm32.14.3.rel1.win32_1.0.100.202602081740/tools/bin/../lib/gcc/arm-none-eabi/14.3.1/../../../../arm-none-eabi/lib/thumb/v7-m/nofp\libc_nano.a(libc_a-impure.o)
                0x20000000                _impure_ptr
 .data._impure_data
                0x20000004       0x4c C:/ST/STM32CubeIDE_2.1.1/STM32CubeIDE/plugins/com.st.stm32cube.ide.mcu.externaltools.gnu-tools-for-stm32.14.3.rel1.win32_1.0.100.202602081740/tools/bin/../lib/gcc/arm-none-eabi/14.3.1/../../../../arm-none-eabi/lib/thumb/v7-m/nofp\libc_nano.a(libc_a-impure.o)
                0x20000004                _impure_data
 *(.RamFunc)
 *(.RamFunc*)
                0x20000050                        . = ALIGN (0x4)
                0x20000050                        _edata = .

.igot.plt       0x20000050        0x0 load address 0x080051b8
 .igot.plt      0x20000050        0x0 C:/ST/STM32CubeIDE_2.1.1/STM32CubeIDE/plugins/com.st.stm32cube.ide.mcu.externaltools.gnu-tools-for-stm32.14.3.rel1.win32_1.0.100.202602081740/tools/bin/../lib/gcc/arm-none-eabi/14.3.1/thumb/v7-m/nofp/crtbegin.o
                0x20000050                        . = ALIGN (0x4)

.bss            0x20000050      0x254 load address 0x080051b8
                0x20000050                        _sbss = .
                0x20000050                        __bss_start__ = _sbss
 *(.bss)
 .bss           0x20000050       0x1c C:/ST/STM32CubeIDE_2.1.1/STM32CubeIDE/plugins/com.st.stm32cube.ide.mcu.externaltools.gnu-tools-for-stm32.14.3.rel1.win32_1.0.100.202602081740/tools/bin/../lib/gcc/arm-none-eabi/14.3.1/thumb/v7-m/nofp/crtbegin.o
 *(.bss*)
 *fill*         0x2000006c        0x4 
 .bss.EngTrModel_B
                0x20000070       0x30 ./Src/EngTrModel.o
                0x20000070                EngTrModel_B
 .bss.EngTrModel_DW
                0x200000a0       0x28 ./Src/EngTrModel.o
                0x200000a0                EngTrModel_DW
 .bss.EngTrModel_U
                0x200000c8       0x10 ./Src/EngTrModel.o
                0x200000c8                EngTrModel_U
 .bss.EngTrModel_Y
                0x200000d8       0x18 ./Src/EngTrModel.o
                0x200000d8                EngTrModel_Y
 .bss.g_dwt_enabled
                0x200000f0        0x4 ./Src/lcd.o
 *fill*         0x200000f4        0x4 
 .bss.USER_Debug_ModelEngineSpeed
                0x200000f8        0x8 ./Src/main_uart.o
                0x200000f8                USER_Debug_ModelEngineSpeed
 .bss.USER_Debug_ModelVehicleSpeed
                0x20000100        0x8 ./Src/main_uart.o
                0x20000100                USER_Debug_ModelVehicleSpeed
 .bss.USER_Debug_ModelGear
                0x20000108        0x8 ./Src/main_uart.o
                0x20000108                USER_Debug_ModelGear
 .bss.USER_Debug_ClampedEngineRpm
                0x20000110        0x2 ./Src/main_uart.o
                0x20000110                USER_Debug_ClampedEngineRpm
 .bss.USER_Debug_ClampedVehicleSpeed
                0x20000112        0x2 ./Src/main_uart.o
                0x20000112                USER_Debug_ClampedVehicleSpeed
 .bss.USER_Debug_ClampedGear
                0x20000114        0x1 ./Src/main_uart.o
                0x20000114                USER_Debug_ClampedGear
 *fill*         0x20000115        0x3 
 .bss.currentThrottle.2
                0x20000118        0x8 ./Src/main_uart.o
 .bss.currentBrake.1
                0x20000120        0x8 ./Src/main_uart.o
 .bss.lcdTickDivider.0
                0x20000128        0x1 ./Src/main_uart.o
 *fill*         0x20000129        0x7 
 .bss.rtInf     0x20000130        0x8 ./Src/rt_nonfinite.o
                0x20000130                rtInf
 .bss.rtMinusInf
                0x20000138        0x8 ./Src/rt_nonfinite.o
                0x20000138                rtMinusInf
 .bss.rtNaN     0x20000140        0x8 ./Src/rt_nonfinite.o
                0x20000140                rtNaN
 .bss.rtInfF    0x20000148        0x4 ./Src/rt_nonfinite.o
                0x20000148                rtInfF
 .bss.rtMinusInfF
                0x2000014c        0x4 ./Src/rt_nonfinite.o
                0x2000014c                rtMinusInfF
 .bss.rtNaNF    0x20000150        0x4 ./Src/rt_nonfinite.o
                0x20000150                rtNaNF
 .bss.__sbrk_heap_end
                0x20000154        0x4 ./Src/sysmem.o
 .bss.USER_TIM2_TickFlag
                0x20000158        0x1 ./Src/user_timer.o
 *fill*         0x20000159        0x3 
 .bss.__sf      0x2000015c      0x138 C:/ST/STM32CubeIDE_2.1.1/STM32CubeIDE/plugins/com.st.stm32cube.ide.mcu.externaltools.gnu-tools-for-stm32.14.3.rel1.win32_1.0.100.202602081740/tools/bin/../lib/gcc/arm-none-eabi/14.3.1/../../../../arm-none-eabi/lib/thumb/v7-m/nofp\libc_nano.a(libc_a-findfp.o)
                0x2000015c                __sf
 .bss.errno     0x20000294        0x4 C:/ST/STM32CubeIDE_2.1.1/STM32CubeIDE/plugins/com.st.stm32cube.ide.mcu.externaltools.gnu-tools-for-stm32.14.3.rel1.win32_1.0.100.202602081740/tools/bin/../lib/gcc/arm-none-eabi/14.3.1/../../../../arm-none-eabi/lib/thumb/v7-m/nofp\libc_nano.a(libc_a-reent.o)
                0x20000294                errno
 .bss.__lock___malloc_recursive_mutex
                0x20000298        0x1 C:/ST/STM32CubeIDE_2.1.1/STM32CubeIDE/plugins/com.st.stm32cube.ide.mcu.externaltools.gnu-tools-for-stm32.14.3.rel1.win32_1.0.100.202602081740/tools/bin/../lib/gcc/arm-none-eabi/14.3.1/../../../../arm-none-eabi/lib/thumb/v7-m/nofp\libc_nano.a(libc_a-lock.o)
                0x20000298                __lock___malloc_recursive_mutex
 *fill*         0x20000299        0x3 
 .bss.__malloc_sbrk_start
                0x2000029c        0x4 C:/ST/STM32CubeIDE_2.1.1/STM32CubeIDE/plugins/com.st.stm32cube.ide.mcu.externaltools.gnu-tools-for-stm32.14.3.rel1.win32_1.0.100.202602081740/tools/bin/../lib/gcc/arm-none-eabi/14.3.1/../../../../arm-none-eabi/lib/thumb/v7-m/nofp\libc_nano.a(libc_a-mallocr.o)
                0x2000029c                __malloc_sbrk_start
 .bss.__malloc_free_list
                0x200002a0        0x4 C:/ST/STM32CubeIDE_2.1.1/STM32CubeIDE/plugins/com.st.stm32cube.ide.mcu.externaltools.gnu-tools-for-stm32.14.3.rel1.win32_1.0.100.202602081740/tools/bin/../lib/gcc/arm-none-eabi/14.3.1/../../../../arm-none-eabi/lib/thumb/v7-m/nofp\libc_nano.a(libc_a-mallocr.o)
                0x200002a0                __malloc_free_list
 *(COMMON)
                0x200002a4                        . = ALIGN (0x4)
                0x200002a4                        _ebss = .
                0x200002a4                        __bss_end__ = _ebss

._user_heap_stack
                0x200002a4      0x604 load address 0x080051b8
                0x200002a8                        . = ALIGN (0x8)
 *fill*         0x200002a4        0x4 
                [!provide]                        PROVIDE (end = .)
                0x200002a8                        PROVIDE (_end = .)
                0x200004a8                        . = (. + _Min_Heap_Size)
 *fill*         0x200002a8      0x200 
                0x200008a8                        . = (. + _Min_Stack_Size)
 *fill*         0x200004a8      0x400 
                0x200008a8                        . = ALIGN (0x8)

/DISCARD/
 libc.a(*)
 libm.a(*)
 libgcc.a(*)

.ARM.attributes
                0x00000000       0x29
 *(.ARM.attributes)
 .ARM.attributes
                0x00000000       0x1d C:/ST/STM32CubeIDE_2.1.1/STM32CubeIDE/plugins/com.st.stm32cube.ide.mcu.externaltools.gnu-tools-for-stm32.14.3.rel1.win32_1.0.100.202602081740/tools/bin/../lib/gcc/arm-none-eabi/14.3.1/thumb/v7-m/nofp/crti.o
 .ARM.attributes
                0x0000001d       0x2d C:/ST/STM32CubeIDE_2.1.1/STM32CubeIDE/plugins/com.st.stm32cube.ide.mcu.externaltools.gnu-tools-for-stm32.14.3.rel1.win32_1.0.100.202602081740/tools/bin/../lib/gcc/arm-none-eabi/14.3.1/thumb/v7-m/nofp/crtbegin.o
 .ARM.attributes
                0x0000004a       0x2d ./Src/EngTrModel.o
 .ARM.attributes
                0x00000077       0x2d ./Src/EngTrModel_data.o
 .ARM.attributes
                0x000000a4       0x2d ./Src/lcd.o
 .ARM.attributes
                0x000000d1       0x2d ./Src/main_uart.o
 .ARM.attributes
                0x000000fe       0x2d ./Src/rtGetInf.o
 .ARM.attributes
                0x0000012b       0x2d ./Src/rtGetNaN.o
 .ARM.attributes
                0x00000158       0x2d ./Src/rt_nonfinite.o
 .ARM.attributes
                0x00000185       0x2d ./Src/sysmem.o
 .ARM.attributes
                0x000001b2       0x2d ./Src/user_adc.o
 .ARM.attributes
                0x000001df       0x2d ./Src/user_motor.o
 .ARM.attributes
                0x0000020c       0x2d ./Src/user_pwm.o
 .ARM.attributes
                0x00000239       0x2d ./Src/user_timer.o
 .ARM.attributes
                0x00000266       0x2d ./Src/user_uart.o
 .ARM.attributes
                0x00000293       0x21 ./Startup/startup_stm32f103rbtx.o
 .ARM.attributes
                0x000002b4       0x2d C:/ST/STM32CubeIDE_2.1.1/STM32CubeIDE/plugins/com.st.stm32cube.ide.mcu.externaltools.gnu-tools-for-stm32.14.3.rel1.win32_1.0.100.202602081740/tools/bin/../lib/gcc/arm-none-eabi/14.3.1/../../../../arm-none-eabi/lib/thumb/v7-m/nofp\libc_nano.a(libc_a-findfp.o)
 .ARM.attributes
                0x000002e1       0x2d C:/ST/STM32CubeIDE_2.1.1/STM32CubeIDE/plugins/com.st.stm32cube.ide.mcu.externaltools.gnu-tools-for-stm32.14.3.rel1.win32_1.0.100.202602081740/tools/bin/../lib/gcc/arm-none-eabi/14.3.1/../../../../arm-none-eabi/lib/thumb/v7-m/nofp\libc_nano.a(libc_a-snprintf.o)
 .ARM.attributes
                0x0000030e       0x2d C:/ST/STM32CubeIDE_2.1.1/STM32CubeIDE/plugins/com.st.stm32cube.ide.mcu.externaltools.gnu-tools-for-stm32.14.3.rel1.win32_1.0.100.202602081740/tools/bin/../lib/gcc/arm-none-eabi/14.3.1/../../../../arm-none-eabi/lib/thumb/v7-m/nofp\libc_nano.a(libc_a-reent.o)
 .ARM.attributes
                0x0000033b       0x2d C:/ST/STM32CubeIDE_2.1.1/STM32CubeIDE/plugins/com.st.stm32cube.ide.mcu.externaltools.gnu-tools-for-stm32.14.3.rel1.win32_1.0.100.202602081740/tools/bin/../lib/gcc/arm-none-eabi/14.3.1/../../../../arm-none-eabi/lib/thumb/v7-m/nofp\libc_nano.a(libc_a-impure.o)
 .ARM.attributes
                0x00000368       0x2d C:/ST/STM32CubeIDE_2.1.1/STM32CubeIDE/plugins/com.st.stm32cube.ide.mcu.externaltools.gnu-tools-for-stm32.14.3.rel1.win32_1.0.100.202602081740/tools/bin/../lib/gcc/arm-none-eabi/14.3.1/../../../../arm-none-eabi/lib/thumb/v7-m/nofp\libc_nano.a(libc_a-errno.o)
 .ARM.attributes
                0x00000395       0x2d C:/ST/STM32CubeIDE_2.1.1/STM32CubeIDE/plugins/com.st.stm32cube.ide.mcu.externaltools.gnu-tools-for-stm32.14.3.rel1.win32_1.0.100.202602081740/tools/bin/../lib/gcc/arm-none-eabi/14.3.1/../../../../arm-none-eabi/lib/thumb/v7-m/nofp\libc_nano.a(libc_a-init.o)
 .ARM.attributes
                0x000003c2       0x2d C:/ST/STM32CubeIDE_2.1.1/STM32CubeIDE/plugins/com.st.stm32cube.ide.mcu.externaltools.gnu-tools-for-stm32.14.3.rel1.win32_1.0.100.202602081740/tools/bin/../lib/gcc/arm-none-eabi/14.3.1/../../../../arm-none-eabi/lib/thumb/v7-m/nofp\libc_nano.a(libc_a-lock.o)
 .ARM.attributes
                0x000003ef       0x17 C:/ST/STM32CubeIDE_2.1.1/STM32CubeIDE/plugins/com.st.stm32cube.ide.mcu.externaltools.gnu-tools-for-stm32.14.3.rel1.win32_1.0.100.202602081740/tools/bin/../lib/gcc/arm-none-eabi/14.3.1/../../../../arm-none-eabi/lib/thumb/v7-m/nofp\libc_nano.a(libc_a-strlen.o)
 .ARM.attributes
                0x00000406       0x2d C:/ST/STM32CubeIDE_2.1.1/STM32CubeIDE/plugins/com.st.stm32cube.ide.mcu.externaltools.gnu-tools-for-stm32.14.3.rel1.win32_1.0.100.202602081740/tools/bin/../lib/gcc/arm-none-eabi/14.3.1/../../../../arm-none-eabi/lib/thumb/v7-m/nofp\libc_nano.a(libc_a-freer.o)
 .ARM.attributes
                0x00000433       0x2d C:/ST/STM32CubeIDE_2.1.1/STM32CubeIDE/plugins/com.st.stm32cube.ide.mcu.externaltools.gnu-tools-for-stm32.14.3.rel1.win32_1.0.100.202602081740/tools/bin/../lib/gcc/arm-none-eabi/14.3.1/../../../../arm-none-eabi/lib/thumb/v7-m/nofp\libc_nano.a(libc_a-mallocr.o)
 .ARM.attributes
                0x00000460       0x2d C:/ST/STM32CubeIDE_2.1.1/STM32CubeIDE/plugins/com.st.stm32cube.ide.mcu.externaltools.gnu-tools-for-stm32.14.3.rel1.win32_1.0.100.202602081740/tools/bin/../lib/gcc/arm-none-eabi/14.3.1/../../../../arm-none-eabi/lib/thumb/v7-m/nofp\libc_nano.a(libc_a-mlock.o)
 .ARM.attributes
                0x0000048d       0x2d C:/ST/STM32CubeIDE_2.1.1/STM32CubeIDE/plugins/com.st.stm32cube.ide.mcu.externaltools.gnu-tools-for-stm32.14.3.rel1.win32_1.0.100.202602081740/tools/bin/../lib/gcc/arm-none-eabi/14.3.1/../../../../arm-none-eabi/lib/thumb/v7-m/nofp\libc_nano.a(libc_a-nano-svfprintf.o)
 .ARM.attributes
                0x000004ba       0x2d C:/ST/STM32CubeIDE_2.1.1/STM32CubeIDE/plugins/com.st.stm32cube.ide.mcu.externaltools.gnu-tools-for-stm32.14.3.rel1.win32_1.0.100.202602081740/tools/bin/../lib/gcc/arm-none-eabi/14.3.1/../../../../arm-none-eabi/lib/thumb/v7-m/nofp\libc_nano.a(libc_a-nano-vfprintf_i.o)
 .ARM.attributes
                0x000004e7       0x2d C:/ST/STM32CubeIDE_2.1.1/STM32CubeIDE/plugins/com.st.stm32cube.ide.mcu.externaltools.gnu-tools-for-stm32.14.3.rel1.win32_1.0.100.202602081740/tools/bin/../lib/gcc/arm-none-eabi/14.3.1/../../../../arm-none-eabi/lib/thumb/v7-m/nofp\libc_nano.a(libc_a-memmove.o)
 .ARM.attributes
                0x00000514       0x2d C:/ST/STM32CubeIDE_2.1.1/STM32CubeIDE/plugins/com.st.stm32cube.ide.mcu.externaltools.gnu-tools-for-stm32.14.3.rel1.win32_1.0.100.202602081740/tools/bin/../lib/gcc/arm-none-eabi/14.3.1/../../../../arm-none-eabi/lib/thumb/v7-m/nofp\libc_nano.a(libc_a-sbrkr.o)
 .ARM.attributes
                0x00000541       0x2d C:/ST/STM32CubeIDE_2.1.1/STM32CubeIDE/plugins/com.st.stm32cube.ide.mcu.externaltools.gnu-tools-for-stm32.14.3.rel1.win32_1.0.100.202602081740/tools/bin/../lib/gcc/arm-none-eabi/14.3.1/../../../../arm-none-eabi/lib/thumb/v7-m/nofp\libc_nano.a(libc_a-memchr-stub.o)
 .ARM.attributes
                0x0000056e       0x2d C:/ST/STM32CubeIDE_2.1.1/STM32CubeIDE/plugins/com.st.stm32cube.ide.mcu.externaltools.gnu-tools-for-stm32.14.3.rel1.win32_1.0.100.202602081740/tools/bin/../lib/gcc/arm-none-eabi/14.3.1/../../../../arm-none-eabi/lib/thumb/v7-m/nofp\libc_nano.a(libc_a-memcpy-stub.o)
 .ARM.attributes
                0x0000059b       0x2d C:/ST/STM32CubeIDE_2.1.1/STM32CubeIDE/plugins/com.st.stm32cube.ide.mcu.externaltools.gnu-tools-for-stm32.14.3.rel1.win32_1.0.100.202602081740/tools/bin/../lib/gcc/arm-none-eabi/14.3.1/../../../../arm-none-eabi/lib/thumb/v7-m/nofp\libc_nano.a(libc_a-reallocr.o)
 .ARM.attributes
                0x000005c8       0x2d C:/ST/STM32CubeIDE_2.1.1/STM32CubeIDE/plugins/com.st.stm32cube.ide.mcu.externaltools.gnu-tools-for-stm32.14.3.rel1.win32_1.0.100.202602081740/tools/bin/../lib/gcc/arm-none-eabi/14.3.1/../../../../arm-none-eabi/lib/thumb/v7-m/nofp\libc_nano.a(libc_a-msizer.o)
 .ARM.attributes
                0x000005f5       0x2d C:/ST/STM32CubeIDE_2.1.1/STM32CubeIDE/plugins/com.st.stm32cube.ide.mcu.externaltools.gnu-tools-for-stm32.14.3.rel1.win32_1.0.100.202602081740/tools/bin/../lib/gcc/arm-none-eabi/14.3.1/../../../../arm-none-eabi/lib/thumb/v7-m/nofp\libm.a(libm_a-w_pow.o)
 .ARM.attributes
                0x00000622       0x2d C:/ST/STM32CubeIDE_2.1.1/STM32CubeIDE/plugins/com.st.stm32cube.ide.mcu.externaltools.gnu-tools-for-stm32.14.3.rel1.win32_1.0.100.202602081740/tools/bin/../lib/gcc/arm-none-eabi/14.3.1/../../../../arm-none-eabi/lib/thumb/v7-m/nofp\libm.a(libm_a-w_sqrt.o)
 .ARM.attributes
                0x0000064f       0x2d C:/ST/STM32CubeIDE_2.1.1/STM32CubeIDE/plugins/com.st.stm32cube.ide.mcu.externaltools.gnu-tools-for-stm32.14.3.rel1.win32_1.0.100.202602081740/tools/bin/../lib/gcc/arm-none-eabi/14.3.1/../../../../arm-none-eabi/lib/thumb/v7-m/nofp\libm.a(libm_a-s_finite.o)
 .ARM.attributes
                0x0000067c       0x2d C:/ST/STM32CubeIDE_2.1.1/STM32CubeIDE/plugins/com.st.stm32cube.ide.mcu.externaltools.gnu-tools-for-stm32.14.3.rel1.win32_1.0.100.202602081740/tools/bin/../lib/gcc/arm-none-eabi/14.3.1/../../../../arm-none-eabi/lib/thumb/v7-m/nofp\libm.a(libm_a-e_sqrt.o)
 .ARM.attributes
                0x000006a9       0x2d C:/ST/STM32CubeIDE_2.1.1/STM32CubeIDE/plugins/com.st.stm32cube.ide.mcu.externaltools.gnu-tools-for-stm32.14.3.rel1.win32_1.0.100.202602081740/tools/bin/../lib/gcc/arm-none-eabi/14.3.1/../../../../arm-none-eabi/lib/thumb/v7-m/nofp\libm.a(libm_a-s_floor.o)
 .ARM.attributes
                0x000006d6       0x2d C:/ST/STM32CubeIDE_2.1.1/STM32CubeIDE/plugins/com.st.stm32cube.ide.mcu.externaltools.gnu-tools-for-stm32.14.3.rel1.win32_1.0.100.202602081740/tools/bin/../lib/gcc/arm-none-eabi/14.3.1/../../../../arm-none-eabi/lib/thumb/v7-m/nofp\libm.a(libm_a-e_pow.o)
 .ARM.attributes
                0x00000703       0x2d C:/ST/STM32CubeIDE_2.1.1/STM32CubeIDE/plugins/com.st.stm32cube.ide.mcu.externaltools.gnu-tools-for-stm32.14.3.rel1.win32_1.0.100.202602081740/tools/bin/../lib/gcc/arm-none-eabi/14.3.1/../../../../arm-none-eabi/lib/thumb/v7-m/nofp\libm.a(libm_a-s_fabs.o)
 .ARM.attributes
                0x00000730       0x2d C:/ST/STM32CubeIDE_2.1.1/STM32CubeIDE/plugins/com.st.stm32cube.ide.mcu.externaltools.gnu-tools-for-stm32.14.3.rel1.win32_1.0.100.202602081740/tools/bin/../lib/gcc/arm-none-eabi/14.3.1/../../../../arm-none-eabi/lib/thumb/v7-m/nofp\libm.a(libm_a-s_scalbn.o)
 .ARM.attributes
                0x0000075d       0x2d C:/ST/STM32CubeIDE_2.1.1/STM32CubeIDE/plugins/com.st.stm32cube.ide.mcu.externaltools.gnu-tools-for-stm32.14.3.rel1.win32_1.0.100.202602081740/tools/bin/../lib/gcc/arm-none-eabi/14.3.1/../../../../arm-none-eabi/lib/thumb/v7-m/nofp\libm.a(libm_a-math_err.o)
 .ARM.attributes
                0x0000078a       0x1d C:/ST/STM32CubeIDE_2.1.1/STM32CubeIDE/plugins/com.st.stm32cube.ide.mcu.externaltools.gnu-tools-for-stm32.14.3.rel1.win32_1.0.100.202602081740/tools/bin/../lib/gcc/arm-none-eabi/14.3.1/thumb/v7-m/nofp\libgcc.a(_arm_addsubdf3.o)
 .ARM.attributes
                0x000007a7       0x1d C:/ST/STM32CubeIDE_2.1.1/STM32CubeIDE/plugins/com.st.stm32cube.ide.mcu.externaltools.gnu-tools-for-stm32.14.3.rel1.win32_1.0.100.202602081740/tools/bin/../lib/gcc/arm-none-eabi/14.3.1/thumb/v7-m/nofp\libgcc.a(_arm_muldivdf3.o)
 .ARM.attributes
                0x000007c4       0x1d C:/ST/STM32CubeIDE_2.1.1/STM32CubeIDE/plugins/com.st.stm32cube.ide.mcu.externaltools.gnu-tools-for-stm32.14.3.rel1.win32_1.0.100.202602081740/tools/bin/../lib/gcc/arm-none-eabi/14.3.1/thumb/v7-m/nofp\libgcc.a(_arm_cmpdf2.o)
 .ARM.attributes
                0x000007e1       0x1d C:/ST/STM32CubeIDE_2.1.1/STM32CubeIDE/plugins/com.st.stm32cube.ide.mcu.externaltools.gnu-tools-for-stm32.14.3.rel1.win32_1.0.100.202602081740/tools/bin/../lib/gcc/arm-none-eabi/14.3.1/thumb/v7-m/nofp\libgcc.a(_arm_unorddf2.o)
 .ARM.attributes
                0x000007fe       0x1d C:/ST/STM32CubeIDE_2.1.1/STM32CubeIDE/plugins/com.st.stm32cube.ide.mcu.externaltools.gnu-tools-for-stm32.14.3.rel1.win32_1.0.100.202602081740/tools/bin/../lib/gcc/arm-none-eabi/14.3.1/thumb/v7-m/nofp\libgcc.a(_arm_fixunsdfsi.o)
 .ARM.attributes
                0x0000081b       0x1d C:/ST/STM32CubeIDE_2.1.1/STM32CubeIDE/plugins/com.st.stm32cube.ide.mcu.externaltools.gnu-tools-for-stm32.14.3.rel1.win32_1.0.100.202602081740/tools/bin/../lib/gcc/arm-none-eabi/14.3.1/thumb/v7-m/nofp/crtn.o
OUTPUT(Cyclic.elf elf32-littlearm)
LOAD linker stubs
LOAD C:/ST/STM32CubeIDE_2.1.1/STM32CubeIDE/plugins/com.st.stm32cube.ide.mcu.externaltools.gnu-tools-for-stm32.14.3.rel1.win32_1.0.100.202602081740/tools/bin/../lib/gcc/arm-none-eabi/14.3.1/../../../../arm-none-eabi/lib/thumb/v7-m/nofp\libc.a
LOAD C:/ST/STM32CubeIDE_2.1.1/STM32CubeIDE/plugins/com.st.stm32cube.ide.mcu.externaltools.gnu-tools-for-stm32.14.3.rel1.win32_1.0.100.202602081740/tools/bin/../lib/gcc/arm-none-eabi/14.3.1/../../../../arm-none-eabi/lib/thumb/v7-m/nofp\libm.a
LOAD C:/ST/STM32CubeIDE_2.1.1/STM32CubeIDE/plugins/com.st.stm32cube.ide.mcu.externaltools.gnu-tools-for-stm32.14.3.rel1.win32_1.0.100.202602081740/tools/bin/../lib/gcc/arm-none-eabi/14.3.1/thumb/v7-m/nofp\libgcc.a

.debug_info     0x00000000     0x2f0c
 .debug_info    0x00000000      0x78b ./Src/EngTrModel.o
 .debug_info    0x0000078b      0x203 ./Src/EngTrModel_data.o
 .debug_info    0x0000098e      0x512 ./Src/lcd.o
 .debug_info    0x00000ea0      0x6cf ./Src/main_uart.o
 .debug_info    0x0000156f      0x3aa ./Src/rtGetInf.o
 .debug_info    0x00001919      0x2d4 ./Src/rtGetNaN.o
 .debug_info    0x00001bed      0x404 ./Src/rt_nonfinite.o
 .debug_info    0x00001ff1      0x168 ./Src/sysmem.o
 .debug_info    0x00002159      0x2b0 ./Src/user_adc.o
 .debug_info    0x00002409      0x104 ./Src/user_motor.o
 .debug_info    0x0000250d      0x323 ./Src/user_pwm.o
 .debug_info    0x00002830      0x275 ./Src/user_timer.o
 .debug_info    0x00002aa5      0x437 ./Src/user_uart.o
 .debug_info    0x00002edc       0x30 ./Startup/startup_stm32f103rbtx.o

.debug_abbrev   0x00000000     0x1009
 .debug_abbrev  0x00000000      0x227 ./Src/EngTrModel.o
 .debug_abbrev  0x00000227       0xa6 ./Src/EngTrModel_data.o
 .debug_abbrev  0x000002cd      0x19b ./Src/lcd.o
 .debug_abbrev  0x00000468      0x21b ./Src/main_uart.o
 .debug_abbrev  0x00000683      0x13a ./Src/rtGetInf.o
 .debug_abbrev  0x000007bd      0x117 ./Src/rtGetNaN.o
 .debug_abbrev  0x000008d4      0x17e ./Src/rt_nonfinite.o
 .debug_abbrev  0x00000a52       0xbc ./Src/sysmem.o
 .debug_abbrev  0x00000b0e       0xc4 ./Src/user_adc.o
 .debug_abbrev  0x00000bd2       0x83 ./Src/user_motor.o
 .debug_abbrev  0x00000c55      0x104 ./Src/user_pwm.o
 .debug_abbrev  0x00000d59       0xc3 ./Src/user_timer.o
 .debug_abbrev  0x00000e1c      0x1c9 ./Src/user_uart.o
 .debug_abbrev  0x00000fe5       0x24 ./Startup/startup_stm32f103rbtx.o

.debug_aranges  0x00000000      0x3a0
 .debug_aranges
                0x00000000       0x50 ./Src/EngTrModel.o
 .debug_aranges
                0x00000050       0x18 ./Src/EngTrModel_data.o
 .debug_aranges
                0x00000068       0xc0 ./Src/lcd.o
 .debug_aranges
                0x00000128       0x68 ./Src/main_uart.o
 .debug_aranges
                0x00000190       0x38 ./Src/rtGetInf.o
 .debug_aranges
                0x000001c8       0x28 ./Src/rtGetNaN.o
 .debug_aranges
                0x000001f0       0x40 ./Src/rt_nonfinite.o
 .debug_aranges
                0x00000230       0x20 ./Src/sysmem.o
 .debug_aranges
                0x00000250       0x30 ./Src/user_adc.o
 .debug_aranges
                0x00000280       0x38 ./Src/user_motor.o
 .debug_aranges
                0x000002b8       0x38 ./Src/user_pwm.o
 .debug_aranges
                0x000002f0       0x30 ./Src/user_timer.o
 .debug_aranges
                0x00000320       0x58 ./Src/user_uart.o
 .debug_aranges
                0x00000378       0x28 ./Startup/startup_stm32f103rbtx.o

.debug_rnglists
                0x00000000      0x279
 .debug_rnglists
                0x00000000       0x3c ./Src/EngTrModel.o
 .debug_rnglists
                0x0000003c       0x8f ./Src/lcd.o
 .debug_rnglists
                0x000000cb       0x4d ./Src/main_uart.o
 .debug_rnglists
                0x00000118       0x27 ./Src/rtGetInf.o
 .debug_rnglists
                0x0000013f       0x1a ./Src/rtGetNaN.o
 .debug_rnglists
                0x00000159       0x2c ./Src/rt_nonfinite.o
 .debug_rnglists
                0x00000185       0x13 ./Src/sysmem.o
 .debug_rnglists
                0x00000198       0x20 ./Src/user_adc.o
 .debug_rnglists
                0x000001b8       0x25 ./Src/user_motor.o
 .debug_rnglists
                0x000001dd       0x26 ./Src/user_pwm.o
 .debug_rnglists
                0x00000203       0x1f ./Src/user_timer.o
 .debug_rnglists
                0x00000222       0x3e ./Src/user_uart.o
 .debug_rnglists
                0x00000260       0x19 ./Startup/startup_stm32f103rbtx.o

.debug_macro    0x00000000     0x2d73
 .debug_macro   0x00000000      0x17a ./Src/EngTrModel.o
 .debug_macro   0x0000017a      0xad2 ./Src/EngTrModel.o
 .debug_macro   0x00000c4c       0x22 ./Src/EngTrModel.o
 .debug_macro   0x00000c6e       0x5b ./Src/EngTrModel.o
 .debug_macro   0x00000cc9       0x24 ./Src/EngTrModel.o
 .debug_macro   0x00000ced       0x94 ./Src/EngTrModel.o
 .debug_macro   0x00000d81       0x43 ./Src/EngTrModel.o
 .debug_macro   0x00000dc4       0x34 ./Src/EngTrModel.o
 .debug_macro   0x00000df8      0x190 ./Src/EngTrModel.o
 .debug_macro   0x00000f88       0x57 ./Src/EngTrModel.o
 .debug_macro   0x00000fdf      0x364 ./Src/EngTrModel.o
 .debug_macro   0x00001343       0x16 ./Src/EngTrModel.o
 .debug_macro   0x00001359       0x4a ./Src/EngTrModel.o
 .debug_macro   0x000013a3       0x34 ./Src/EngTrModel.o
 .debug_macro   0x000013d7       0x10 ./Src/EngTrModel.o
 .debug_macro   0x000013e7       0x58 ./Src/EngTrModel.o
 .debug_macro   0x0000143f       0x8e ./Src/EngTrModel.o
 .debug_macro   0x000014cd       0x1c ./Src/EngTrModel.o
 .debug_macro   0x000014e9      0x17e ./Src/EngTrModel.o
 .debug_macro   0x00001667      0x19b ./Src/EngTrModel.o
 .debug_macro   0x00001802       0x7f ./Src/EngTrModel.o
 .debug_macro   0x00001881       0x10 ./Src/EngTrModel.o
 .debug_macro   0x00001891      0x13e ./Src/EngTrModel_data.o
 .debug_macro   0x000019cf       0x87 ./Src/lcd.o
 .debug_macro   0x00001a56       0x8e ./Src/lcd.o
 .debug_macro   0x00001ae4       0x51 ./Src/lcd.o
 .debug_macro   0x00001b35      0x103 ./Src/lcd.o
 .debug_macro   0x00001c38       0x6a ./Src/lcd.o
 .debug_macro   0x00001ca2      0x1df ./Src/lcd.o
 .debug_macro   0x00001e81       0xb8 ./Src/lcd.o
 .debug_macro   0x00001f39       0xa0 ./Src/lcd.o
 .debug_macro   0x00001fd9      0x1e8 ./Src/main_uart.o
 .debug_macro   0x000021c1       0x61 ./Src/main_uart.o
 .debug_macro   0x00002222       0x16 ./Src/main_uart.o
 .debug_macro   0x00002238       0x9e ./Src/main_uart.o
 .debug_macro   0x000022d6      0x112 ./Src/main_uart.o
 .debug_macro   0x000023e8       0x10 ./Src/main_uart.o
 .debug_macro   0x000023f8       0x16 ./Src/main_uart.o
 .debug_macro   0x0000240e       0x16 ./Src/main_uart.o
 .debug_macro   0x00002424      0x146 ./Src/main_uart.o
 .debug_macro   0x0000256a       0x3a ./Src/main_uart.o
 .debug_macro   0x000025a4       0x41 ./Src/rtGetInf.o
 .debug_macro   0x000025e5       0x41 ./Src/rtGetNaN.o
 .debug_macro   0x00002626       0x4d ./Src/rt_nonfinite.o
 .debug_macro   0x00002673      0x116 ./Src/sysmem.o
 .debug_macro   0x00002789      0x23c ./Src/sysmem.o
 .debug_macro   0x000029c5       0xa0 ./Src/user_adc.o
 .debug_macro   0x00002a65       0x76 ./Src/user_motor.o
 .debug_macro   0x00002adb       0x8e ./Src/user_pwm.o
 .debug_macro   0x00002b69       0x88 ./Src/user_timer.o
 .debug_macro   0x00002bf1      0x182 ./Src/user_uart.o

.debug_line     0x00000000     0x48a4
 .debug_line    0x00000000      0xa58 ./Src/EngTrModel.o
 .debug_line    0x00000a58      0x591 ./Src/EngTrModel_data.o
 .debug_line    0x00000fe9      0x8d5 ./Src/lcd.o
 .debug_line    0x000018be      0x8dc ./Src/main_uart.o
 .debug_line    0x0000219a      0x20a ./Src/rtGetInf.o
 .debug_line    0x000023a4      0x1bc ./Src/rtGetNaN.o
 .debug_line    0x00002560      0x2e9 ./Src/rt_nonfinite.o
 .debug_line    0x00002849      0x588 ./Src/sysmem.o
 .debug_line    0x00002dd1      0x4f5 ./Src/user_adc.o
 .debug_line    0x000032c6      0x461 ./Src/user_motor.o
 .debug_line    0x00003727      0x500 ./Src/user_pwm.o
 .debug_line    0x00003c27      0x4a5 ./Src/user_timer.o
 .debug_line    0x000040cc      0x75d ./Src/user_uart.o
 .debug_line    0x00004829       0x7b ./Startup/startup_stm32f103rbtx.o

.debug_str      0x00000000     0x9f19
 .debug_str     0x00000000     0x9f19 ./Src/EngTrModel.o
                               0x7700 (size before relaxing)
 .debug_str     0x00009f19     0x7278 ./Src/EngTrModel_data.o
 .debug_str     0x00009f19     0x46aa ./Src/lcd.o
 .debug_str     0x00009f19     0x8eed ./Src/main_uart.o
 .debug_str     0x00009f19     0x34e8 ./Src/rtGetInf.o
 .debug_str     0x00009f19     0x34c0 ./Src/rtGetNaN.o
 .debug_str     0x00009f19     0x356d ./Src/rt_nonfinite.o
 .debug_str     0x00009f19     0x76a9 ./Src/sysmem.o
 .debug_str     0x00009f19     0x423c ./Src/user_adc.o
 .debug_str     0x00009f19     0x40e3 ./Src/user_motor.o
 .debug_str     0x00009f19     0x4222 ./Src/user_pwm.o
 .debug_str     0x00009f19     0x41be ./Src/user_timer.o
 .debug_str     0x00009f19     0x7e30 ./Src/user_uart.o
 .debug_str     0x00009f19       0x76 ./Startup/startup_stm32f103rbtx.o

.comment        0x00000000       0x43
 .comment       0x00000000       0x43 ./Src/EngTrModel.o
                                 0x44 (size before relaxing)
 .comment       0x00000043       0x44 ./Src/EngTrModel_data.o
 .comment       0x00000043       0x44 ./Src/lcd.o
 .comment       0x00000043       0x44 ./Src/main_uart.o
 .comment       0x00000043       0x44 ./Src/rtGetInf.o
 .comment       0x00000043       0x44 ./Src/rtGetNaN.o
 .comment       0x00000043       0x44 ./Src/rt_nonfinite.o
 .comment       0x00000043       0x44 ./Src/sysmem.o
 .comment       0x00000043       0x44 ./Src/user_adc.o
 .comment       0x00000043       0x44 ./Src/user_motor.o
 .comment       0x00000043       0x44 ./Src/user_pwm.o
 .comment       0x00000043       0x44 ./Src/user_timer.o
 .comment       0x00000043       0x44 ./Src/user_uart.o

.debug_frame    0x00000000     0x14c0
 .debug_frame   0x00000000      0x118 ./Src/EngTrModel.o
 .debug_frame   0x00000118      0x2ac ./Src/lcd.o
 .debug_frame   0x000003c4      0x154 ./Src/main_uart.o
 .debug_frame   0x00000518       0xa0 ./Src/rtGetInf.o
 .debug_frame   0x000005b8       0x58 ./Src/rtGetNaN.o
 .debug_frame   0x00000610       0xc4 ./Src/rt_nonfinite.o
 .debug_frame   0x000006d4       0x34 ./Src/sysmem.o
 .debug_frame   0x00000708       0x64 ./Src/user_adc.o
 .debug_frame   0x0000076c       0x98 ./Src/user_motor.o
 .debug_frame   0x00000804       0x98 ./Src/user_pwm.o
 .debug_frame   0x0000089c       0x6c ./Src/user_timer.o
 .debug_frame   0x00000908      0x128 ./Src/user_uart.o
 .debug_frame   0x00000a30      0x144 C:/ST/STM32CubeIDE_2.1.1/STM32CubeIDE/plugins/com.st.stm32cube.ide.mcu.externaltools.gnu-tools-for-stm32.14.3.rel1.win32_1.0.100.202602081740/tools/bin/../lib/gcc/arm-none-eabi/14.3.1/../../../../arm-none-eabi/lib/thumb/v7-m/nofp\libc_nano.a(libc_a-findfp.o)
 .debug_frame   0x00000b74       0x7c C:/ST/STM32CubeIDE_2.1.1/STM32CubeIDE/plugins/com.st.stm32cube.ide.mcu.externaltools.gnu-tools-for-stm32.14.3.rel1.win32_1.0.100.202602081740/tools/bin/../lib/gcc/arm-none-eabi/14.3.1/../../../../arm-none-eabi/lib/thumb/v7-m/nofp\libc_nano.a(libc_a-snprintf.o)
 .debug_frame   0x00000bf0       0x38 C:/ST/STM32CubeIDE_2.1.1/STM32CubeIDE/plugins/com.st.stm32cube.ide.mcu.externaltools.gnu-tools-for-stm32.14.3.rel1.win32_1.0.100.202602081740/tools/bin/../lib/gcc/arm-none-eabi/14.3.1/../../../../arm-none-eabi/lib/thumb/v7-m/nofp\libc_nano.a(libc_a-reent.o)
 .debug_frame   0x00000c28       0x20 C:/ST/STM32CubeIDE_2.1.1/STM32CubeIDE/plugins/com.st.stm32cube.ide.mcu.externaltools.gnu-tools-for-stm32.14.3.rel1.win32_1.0.100.202602081740/tools/bin/../lib/gcc/arm-none-eabi/14.3.1/../../../../arm-none-eabi/lib/thumb/v7-m/nofp\libc_nano.a(libc_a-errno.o)
 .debug_frame   0x00000c48       0x2c C:/ST/STM32CubeIDE_2.1.1/STM32CubeIDE/plugins/com.st.stm32cube.ide.mcu.externaltools.gnu-tools-for-stm32.14.3.rel1.win32_1.0.100.202602081740/tools/bin/../lib/gcc/arm-none-eabi/14.3.1/../../../../arm-none-eabi/lib/thumb/v7-m/nofp\libc_nano.a(libc_a-init.o)
 .debug_frame   0x00000c74       0xb0 C:/ST/STM32CubeIDE_2.1.1/STM32CubeIDE/plugins/com.st.stm32cube.ide.mcu.externaltools.gnu-tools-for-stm32.14.3.rel1.win32_1.0.100.202602081740/tools/bin/../lib/gcc/arm-none-eabi/14.3.1/../../../../arm-none-eabi/lib/thumb/v7-m/nofp\libc_nano.a(libc_a-lock.o)
 .debug_frame   0x00000d24       0x20 C:/ST/STM32CubeIDE_2.1.1/STM32CubeIDE/plugins/com.st.stm32cube.ide.mcu.externaltools.gnu-tools-for-stm32.14.3.rel1.win32_1.0.100.202602081740/tools/bin/../lib/gcc/arm-none-eabi/14.3.1/../../../../arm-none-eabi/lib/thumb/v7-m/nofp\libc_nano.a(libc_a-strlen.o)
 .debug_frame   0x00000d44       0x38 C:/ST/STM32CubeIDE_2.1.1/STM32CubeIDE/plugins/com.st.stm32cube.ide.mcu.externaltools.gnu-tools-for-stm32.14.3.rel1.win32_1.0.100.202602081740/tools/bin/../lib/gcc/arm-none-eabi/14.3.1/../../../../arm-none-eabi/lib/thumb/v7-m/nofp\libc_nano.a(libc_a-freer.o)
 .debug_frame   0x00000d7c       0x50 C:/ST/STM32CubeIDE_2.1.1/STM32CubeIDE/plugins/com.st.stm32cube.ide.mcu.externaltools.gnu-tools-for-stm32.14.3.rel1.win32_1.0.100.202602081740/tools/bin/../lib/gcc/arm-none-eabi/14.3.1/../../../../arm-none-eabi/lib/thumb/v7-m/nofp\libc_nano.a(libc_a-mallocr.o)
 .debug_frame   0x00000dcc       0x30 C:/ST/STM32CubeIDE_2.1.1/STM32CubeIDE/plugins/com.st.stm32cube.ide.mcu.externaltools.gnu-tools-for-stm32.14.3.rel1.win32_1.0.100.202602081740/tools/bin/../lib/gcc/arm-none-eabi/14.3.1/../../../../arm-none-eabi/lib/thumb/v7-m/nofp\libc_nano.a(libc_a-mlock.o)
 .debug_frame   0x00000dfc       0x90 C:/ST/STM32CubeIDE_2.1.1/STM32CubeIDE/plugins/com.st.stm32cube.ide.mcu.externaltools.gnu-tools-for-stm32.14.3.rel1.win32_1.0.100.202602081740/tools/bin/../lib/gcc/arm-none-eabi/14.3.1/../../../../arm-none-eabi/lib/thumb/v7-m/nofp\libc_nano.a(libc_a-nano-svfprintf.o)
 .debug_frame   0x00000e8c       0x60 C:/ST/STM32CubeIDE_2.1.1/STM32CubeIDE/plugins/com.st.stm32cube.ide.mcu.externaltools.gnu-tools-for-stm32.14.3.rel1.win32_1.0.100.202602081740/tools/bin/../lib/gcc/arm-none-eabi/14.3.1/../../../../arm-none-eabi/lib/thumb/v7-m/nofp\libc_nano.a(libc_a-nano-vfprintf_i.o)
 .debug_frame   0x00000eec       0x28 C:/ST/STM32CubeIDE_2.1.1/STM32CubeIDE/plugins/com.st.stm32cube.ide.mcu.externaltools.gnu-tools-for-stm32.14.3.rel1.win32_1.0.100.202602081740/tools/bin/../lib/gcc/arm-none-eabi/14.3.1/../../../../arm-none-eabi/lib/thumb/v7-m/nofp\libc_nano.a(libc_a-memmove.o)
 .debug_frame   0x00000f14       0x2c C:/ST/STM32CubeIDE_2.1.1/STM32CubeIDE/plugins/com.st.stm32cube.ide.mcu.externaltools.gnu-tools-for-stm32.14.3.rel1.win32_1.0.100.202602081740/tools/bin/../lib/gcc/arm-none-eabi/14.3.1/../../../../arm-none-eabi/lib/thumb/v7-m/nofp\libc_nano.a(libc_a-sbrkr.o)
 .debug_frame   0x00000f40       0x28 C:/ST/STM32CubeIDE_2.1.1/STM32CubeIDE/plugins/com.st.stm32cube.ide.mcu.externaltools.gnu-tools-for-stm32.14.3.rel1.win32_1.0.100.202602081740/tools/bin/../lib/gcc/arm-none-eabi/14.3.1/../../../../arm-none-eabi/lib/thumb/v7-m/nofp\libc_nano.a(libc_a-memchr-stub.o)
 .debug_frame   0x00000f68       0x28 C:/ST/STM32CubeIDE_2.1.1/STM32CubeIDE/plugins/com.st.stm32cube.ide.mcu.externaltools.gnu-tools-for-stm32.14.3.rel1.win32_1.0.100.202602081740/tools/bin/../lib/gcc/arm-none-eabi/14.3.1/../../../../arm-none-eabi/lib/thumb/v7-m/nofp\libc_nano.a(libc_a-memcpy-stub.o)
 .debug_frame   0x00000f90       0x3c C:/ST/STM32CubeIDE_2.1.1/STM32CubeIDE/plugins/com.st.stm32cube.ide.mcu.externaltools.gnu-tools-for-stm32.14.3.rel1.win32_1.0.100.202602081740/tools/bin/../lib/gcc/arm-none-eabi/14.3.1/../../../../arm-none-eabi/lib/thumb/v7-m/nofp\libc_nano.a(libc_a-reallocr.o)
 .debug_frame   0x00000fcc       0x20 C:/ST/STM32CubeIDE_2.1.1/STM32CubeIDE/plugins/com.st.stm32cube.ide.mcu.externaltools.gnu-tools-for-stm32.14.3.rel1.win32_1.0.100.202602081740/tools/bin/../lib/gcc/arm-none-eabi/14.3.1/../../../../arm-none-eabi/lib/thumb/v7-m/nofp\libc_nano.a(libc_a-msizer.o)
 .debug_frame   0x00000fec       0x34 C:/ST/STM32CubeIDE_2.1.1/STM32CubeIDE/plugins/com.st.stm32cube.ide.mcu.externaltools.gnu-tools-for-stm32.14.3.rel1.win32_1.0.100.202602081740/tools/bin/../lib/gcc/arm-none-eabi/14.3.1/../../../../arm-none-eabi/lib/thumb/v7-m/nofp\libm.a(libm_a-w_pow.o)
 .debug_frame   0x00001020       0x30 C:/ST/STM32CubeIDE_2.1.1/STM32CubeIDE/plugins/com.st.stm32cube.ide.mcu.externaltools.gnu-tools-for-stm32.14.3.rel1.win32_1.0.100.202602081740/tools/bin/../lib/gcc/arm-none-eabi/14.3.1/../../../../arm-none-eabi/lib/thumb/v7-m/nofp\libm.a(libm_a-w_sqrt.o)
 .debug_frame   0x00001050       0x20 C:/ST/STM32CubeIDE_2.1.1/STM32CubeIDE/plugins/com.st.stm32cube.ide.mcu.externaltools.gnu-tools-for-stm32.14.3.rel1.win32_1.0.100.202602081740/tools/bin/../lib/gcc/arm-none-eabi/14.3.1/../../../../arm-none-eabi/lib/thumb/v7-m/nofp\libm.a(libm_a-s_finite.o)
 .debug_frame   0x00001070       0x38 C:/ST/STM32CubeIDE_2.1.1/STM32CubeIDE/plugins/com.st.stm32cube.ide.mcu.externaltools.gnu-tools-for-stm32.14.3.rel1.win32_1.0.100.202602081740/tools/bin/../lib/gcc/arm-none-eabi/14.3.1/../../../../arm-none-eabi/lib/thumb/v7-m/nofp\libm.a(libm_a-e_sqrt.o)
 .debug_frame   0x000010a8       0x30 C:/ST/STM32CubeIDE_2.1.1/STM32CubeIDE/plugins/com.st.stm32cube.ide.mcu.externaltools.gnu-tools-for-stm32.14.3.rel1.win32_1.0.100.202602081740/tools/bin/../lib/gcc/arm-none-eabi/14.3.1/../../../../arm-none-eabi/lib/thumb/v7-m/nofp\libm.a(libm_a-s_floor.o)
 .debug_frame   0x000010d8       0x80 C:/ST/STM32CubeIDE_2.1.1/STM32CubeIDE/plugins/com.st.stm32cube.ide.mcu.externaltools.gnu-tools-for-stm32.14.3.rel1.win32_1.0.100.202602081740/tools/bin/../lib/gcc/arm-none-eabi/14.3.1/../../../../arm-none-eabi/lib/thumb/v7-m/nofp\libm.a(libm_a-e_pow.o)
 .debug_frame   0x00001158       0x20 C:/ST/STM32CubeIDE_2.1.1/STM32CubeIDE/plugins/com.st.stm32cube.ide.mcu.externaltools.gnu-tools-for-stm32.14.3.rel1.win32_1.0.100.202602081740/tools/bin/../lib/gcc/arm-none-eabi/14.3.1/../../../../arm-none-eabi/lib/thumb/v7-m/nofp\libm.a(libm_a-s_fabs.o)
 .debug_frame   0x00001178       0x30 C:/ST/STM32CubeIDE_2.1.1/STM32CubeIDE/plugins/com.st.stm32cube.ide.mcu.externaltools.gnu-tools-for-stm32.14.3.rel1.win32_1.0.100.202602081740/tools/bin/../lib/gcc/arm-none-eabi/14.3.1/../../../../arm-none-eabi/lib/thumb/v7-m/nofp\libm.a(libm_a-s_scalbn.o)
 .debug_frame   0x000011a8      0x114 C:/ST/STM32CubeIDE_2.1.1/STM32CubeIDE/plugins/com.st.stm32cube.ide.mcu.externaltools.gnu-tools-for-stm32.14.3.rel1.win32_1.0.100.202602081740/tools/bin/../lib/gcc/arm-none-eabi/14.3.1/../../../../arm-none-eabi/lib/thumb/v7-m/nofp\libm.a(libm_a-math_err.o)
 .debug_frame   0x000012bc       0xac C:/ST/STM32CubeIDE_2.1.1/STM32CubeIDE/plugins/com.st.stm32cube.ide.mcu.externaltools.gnu-tools-for-stm32.14.3.rel1.win32_1.0.100.202602081740/tools/bin/../lib/gcc/arm-none-eabi/14.3.1/thumb/v7-m/nofp\libgcc.a(_arm_addsubdf3.o)
 .debug_frame   0x00001368       0x50 C:/ST/STM32CubeIDE_2.1.1/STM32CubeIDE/plugins/com.st.stm32cube.ide.mcu.externaltools.gnu-tools-for-stm32.14.3.rel1.win32_1.0.100.202602081740/tools/bin/../lib/gcc/arm-none-eabi/14.3.1/thumb/v7-m/nofp\libgcc.a(_arm_muldivdf3.o)
 .debug_frame   0x000013b8       0xc4 C:/ST/STM32CubeIDE_2.1.1/STM32CubeIDE/plugins/com.st.stm32cube.ide.mcu.externaltools.gnu-tools-for-stm32.14.3.rel1.win32_1.0.100.202602081740/tools/bin/../lib/gcc/arm-none-eabi/14.3.1/thumb/v7-m/nofp\libgcc.a(_arm_cmpdf2.o)
 .debug_frame   0x0000147c       0x20 C:/ST/STM32CubeIDE_2.1.1/STM32CubeIDE/plugins/com.st.stm32cube.ide.mcu.externaltools.gnu-tools-for-stm32.14.3.rel1.win32_1.0.100.202602081740/tools/bin/../lib/gcc/arm-none-eabi/14.3.1/thumb/v7-m/nofp\libgcc.a(_arm_unorddf2.o)
 .debug_frame   0x0000149c       0x24 C:/ST/STM32CubeIDE_2.1.1/STM32CubeIDE/plugins/com.st.stm32cube.ide.mcu.externaltools.gnu-tools-for-stm32.14.3.rel1.win32_1.0.100.202602081740/tools/bin/../lib/gcc/arm-none-eabi/14.3.1/thumb/v7-m/nofp\libgcc.a(_arm_fixunsdfsi.o)

.debug_line_str
                0x00000000       0x5a
 .debug_line_str
                0x00000000       0x5a ./Startup/startup_stm32f103rbtx.o
