Archive member included to satisfy reference by file (symbol)

C:/ST/STM32CubeIDE_2.1.1/STM32CubeIDE/plugins/com.st.stm32cube.ide.mcu.externaltools.gnu-tools-for-stm32.14.3.rel1.win32_1.0.100.202602081740/tools/bin/../lib/gcc/arm-none-eabi/14.3.1/../../../../arm-none-eabi/lib/thumb/v7-m/nofp\libc_nano.a(libc_a-atof.o)
                              ./Src/task_app.o (atof)
C:/ST/STM32CubeIDE_2.1.1/STM32CubeIDE/plugins/com.st.stm32cube.ide.mcu.externaltools.gnu-tools-for-stm32.14.3.rel1.win32_1.0.100.202602081740/tools/bin/../lib/gcc/arm-none-eabi/14.3.1/../../../../arm-none-eabi/lib/thumb/v7-m/nofp\libc_nano.a(libc_a-atoi.o)
                              ./Src/task_app.o (atoi)
C:/ST/STM32CubeIDE_2.1.1/STM32CubeIDE/plugins/com.st.stm32cube.ide.mcu.externaltools.gnu-tools-for-stm32.14.3.rel1.win32_1.0.100.202602081740/tools/bin/../lib/gcc/arm-none-eabi/14.3.1/../../../../arm-none-eabi/lib/thumb/v7-m/nofp\libc_nano.a(libc_a-exit.o)
                              C:/ST/STM32CubeIDE_2.1.1/STM32CubeIDE/plugins/com.st.stm32cube.ide.mcu.externaltools.gnu-tools-for-stm32.14.3.rel1.win32_1.0.100.202602081740/tools/bin/../lib/gcc/arm-none-eabi/14.3.1/../../../../arm-none-eabi/lib/thumb/v7-m/nofp/crt0.o (exit)
C:/ST/STM32CubeIDE_2.1.1/STM32CubeIDE/plugins/com.st.stm32cube.ide.mcu.externaltools.gnu-tools-for-stm32.14.3.rel1.win32_1.0.100.202602081740/tools/bin/../lib/gcc/arm-none-eabi/14.3.1/../../../../arm-none-eabi/lib/thumb/v7-m/nofp\libc_nano.a(libc_a-strtod.o)
                              C:/ST/STM32CubeIDE_2.1.1/STM32CubeIDE/plugins/com.st.stm32cube.ide.mcu.externaltools.gnu-tools-for-stm32.14.3.rel1.win32_1.0.100.202602081740/tools/bin/../lib/gcc/arm-none-eabi/14.3.1/../../../../arm-none-eabi/lib/thumb/v7-m/nofp\libc_nano.a(libc_a-atof.o) (strtod)
C:/ST/STM32CubeIDE_2.1.1/STM32CubeIDE/plugins/com.st.stm32cube.ide.mcu.externaltools.gnu-tools-for-stm32.14.3.rel1.win32_1.0.100.202602081740/tools/bin/../lib/gcc/arm-none-eabi/14.3.1/../../../../arm-none-eabi/lib/thumb/v7-m/nofp\libc_nano.a(libc_a-strtol.o)
                              C:/ST/STM32CubeIDE_2.1.1/STM32CubeIDE/plugins/com.st.stm32cube.ide.mcu.externaltools.gnu-tools-for-stm32.14.3.rel1.win32_1.0.100.202602081740/tools/bin/../lib/gcc/arm-none-eabi/14.3.1/../../../../arm-none-eabi/lib/thumb/v7-m/nofp\libc_nano.a(libc_a-atoi.o) (_strtol_r)
C:/ST/STM32CubeIDE_2.1.1/STM32CubeIDE/plugins/com.st.stm32cube.ide.mcu.externaltools.gnu-tools-for-stm32.14.3.rel1.win32_1.0.100.202602081740/tools/bin/../lib/gcc/arm-none-eabi/14.3.1/../../../../arm-none-eabi/lib/thumb/v7-m/nofp\libc_nano.a(libc_a-ctype_.o)
                              C:/ST/STM32CubeIDE_2.1.1/STM32CubeIDE/plugins/com.st.stm32cube.ide.mcu.externaltools.gnu-tools-for-stm32.14.3.rel1.win32_1.0.100.202602081740/tools/bin/../lib/gcc/arm-none-eabi/14.3.1/../../../../arm-none-eabi/lib/thumb/v7-m/nofp\libc_nano.a(libc_a-strtol.o) (_ctype_)
C:/ST/STM32CubeIDE_2.1.1/STM32CubeIDE/plugins/com.st.stm32cube.ide.mcu.externaltools.gnu-tools-for-stm32.14.3.rel1.win32_1.0.100.202602081740/tools/bin/../lib/gcc/arm-none-eabi/14.3.1/../../../../arm-none-eabi/lib/thumb/v7-m/nofp\libc_nano.a(libc_a-findfp.o)
                              C:/ST/STM32CubeIDE_2.1.1/STM32CubeIDE/plugins/com.st.stm32cube.ide.mcu.externaltools.gnu-tools-for-stm32.14.3.rel1.win32_1.0.100.202602081740/tools/bin/../lib/gcc/arm-none-eabi/14.3.1/../../../../arm-none-eabi/lib/thumb/v7-m/nofp\libc_nano.a(libc_a-exit.o) (__stdio_exit_handler)
C:/ST/STM32CubeIDE_2.1.1/STM32CubeIDE/plugins/com.st.stm32cube.ide.mcu.externaltools.gnu-tools-for-stm32.14.3.rel1.win32_1.0.100.202602081740/tools/bin/../lib/gcc/arm-none-eabi/14.3.1/../../../../arm-none-eabi/lib/thumb/v7-m/nofp\libc_nano.a(libc_a-fwalk.o)
                              C:/ST/STM32CubeIDE_2.1.1/STM32CubeIDE/plugins/com.st.stm32cube.ide.mcu.externaltools.gnu-tools-for-stm32.14.3.rel1.win32_1.0.100.202602081740/tools/bin/../lib/gcc/arm-none-eabi/14.3.1/../../../../arm-none-eabi/lib/thumb/v7-m/nofp\libc_nano.a(libc_a-findfp.o) (_fwalk_sglue)
C:/ST/STM32CubeIDE_2.1.1/STM32CubeIDE/plugins/com.st.stm32cube.ide.mcu.externaltools.gnu-tools-for-stm32.14.3.rel1.win32_1.0.100.202602081740/tools/bin/../lib/gcc/arm-none-eabi/14.3.1/../../../../arm-none-eabi/lib/thumb/v7-m/nofp\libc_nano.a(libc_a-snprintf.o)
                              ./Src/main_uart.o (snprintf)
C:/ST/STM32CubeIDE_2.1.1/STM32CubeIDE/plugins/com.st.stm32cube.ide.mcu.externaltools.gnu-tools-for-stm32.14.3.rel1.win32_1.0.100.202602081740/tools/bin/../lib/gcc/arm-none-eabi/14.3.1/../../../../arm-none-eabi/lib/thumb/v7-m/nofp\libc_nano.a(libc_a-stdio.o)
                              C:/ST/STM32CubeIDE_2.1.1/STM32CubeIDE/plugins/com.st.stm32cube.ide.mcu.externaltools.gnu-tools-for-stm32.14.3.rel1.win32_1.0.100.202602081740/tools/bin/../lib/gcc/arm-none-eabi/14.3.1/../../../../arm-none-eabi/lib/thumb/v7-m/nofp\libc_nano.a(libc_a-findfp.o) (__sread)
[...]
Memory Configuration

Name             Origin             Length             Attributes
RAM              0x20000000         0x00005000         xrw
FLASH            0x08000000         0x00020000         xr
*default*        0x00000000         0xffffffff

Linker script and memory map

LOAD C:/ST/STM32CubeIDE_2.1.1/STM32CubeIDE/plugins/com.st.stm32cube.ide.mcu.externaltools.gnu-tools-for-stm32.14.3.rel1.win32_1.0.100.202602081740/tools/bin/../lib/gcc/arm-none-eabi/14.3.1/thumb/v7-m/nofp/crti.o
LOAD C:/ST/STM32CubeIDE_2.1.1/STM32CubeIDE/plugins/com.st.stm32cube.ide.mcu.externaltools.gnu-tools-for-stm32.14.3.rel1.win32_1.0.100.202602081740/tools/bin/../lib/gcc/arm-none-eabi/14.3.1/thumb/v7-m/nofp/crtbegin.o
LOAD C:/ST/STM32CubeIDE_2.1.1/STM32CubeIDE/plugins/com.st.stm32cube.ide.mcu.externaltools.gnu-tools-for-stm32.14.3.rel1.win32_1.0.100.202602081740/tools/bin/../lib/gcc/arm-none-eabi/14.3.1/../../../../arm-none-eabi/lib/thumb/v7-m/nofp/crt0.o
LOAD ./Src/EngTrModel.o
LOAD ./Src/EngTrModel_data.o
LOAD ./Src/heap_4.o
LOAD ./Src/lcd.o
LOAD ./Src/list.o
LOAD ./Src/main_uart.o
LOAD ./Src/port.o
LOAD ./Src/queue.o
LOAD ./Src/rtGetInf.o
LOAD ./Src/rtGetNaN.o
LOAD ./Src/rt_nonfinite.o
LOAD ./Src/syscall.o
LOAD ./Src/sysmem.o
LOAD ./Src/task_app.o
LOAD ./Src/tasks.o
LOAD ./Src/timers.o
LOAD ./Src/user_adc.o
LOAD ./Src/user_motor.o
LOAD ./Src/user_pwm.o
LOAD ./Src/user_timer.o
LOAD ./Src/user_uart.o
LOAD ./Startup/startup_stm32f103rbtx.o
START GROUP
LOAD C:/ST/STM32CubeIDE_2.1.1/STM32CubeIDE/plugins/com.st.stm32cube.ide.mcu.externaltools.gnu-tools-for-stm32.14.3.rel1.win32_1.0.100.202602081740/tools/bin/../lib/gcc/arm-none-eabi/14.3.1/../../../../arm-none-eabi/lib/thumb/v7-m/nofp\libc_nano.a
LOAD C:/ST/STM32CubeIDE_2.1.1/STM32CubeIDE/plugins/com.st.stm32cube.ide.mcu.externaltools.gnu-tools-for-stm32.14.3.rel1.win32_1.0.100.202602081740/tools/bin/../lib/gcc/arm-none-eabi/14.3.1/../../../../arm-none-eabi/lib/thumb/v7-m/nofp\libm.a
END GROUP
START GROUP
LOAD C:/ST/STM32CubeIDE_2.1.1/STM32CubeIDE/plugins/com.st.stm32cube.ide.mcu.externaltools.gnu-tools-for-stm32.14.3.rel1.win32_1.0.100.202602081740/tools/bin/../lib/gcc/arm-none-eabi/14.3.1/thumb/v7-m/nofp\libgcc.a
LOAD C:/ST/STM32CubeIDE_2.1.1/STM32CubeIDE/plugins/com.st.stm32cube.ide.mcu.externaltools.gnu-tools-for-stm32.14.3.rel1.win32_1.0.100.202602081740/tools/bin/../lib/gcc/arm-none-eabi/14.3.1/../../../../arm-none-eabi/lib/thumb/v7-m/nofp\libc_nano.a
END GROUP
START GROUP
LOAD C:/ST/STM32CubeIDE_2.1.1/STM32CubeIDE/plugins/com.st.stm32cube.ide.mcu.externaltools.gnu-tools-for-stm32.14.3.rel1.win32_1.0.100.202602081740/tools/bin/../lib/gcc/arm-none-eabi/14.3.1/thumb/v7-m/nofp\libgcc.a
LOAD C:/ST/STM32CubeIDE_2.1.1/STM32CubeIDE/plugins/com.st.stm32cube.ide.mcu.externaltools.gnu-tools-for-stm32.14.3.rel1.win32_1.0.100.202602081740/tools/bin/../lib/gcc/arm-none-eabi/14.3.1/../../../../arm-none-eabi/lib/thumb/v7-m/nofp\libc_nano.a
LOAD C:/ST/STM32CubeIDE_2.1.1/STM32CubeIDE/plugins/com.st.stm32cube.ide.mcu.externaltools.gnu-tools-for-stm32.14.3.rel1.win32_1.0.100.202602081740/tools/bin/../lib/gcc/arm-none-eabi/14.3.1/../../../../arm-none-eabi/lib/thumb/v7-m/nofp\libnosys.a
END GROUP
START GROUP
LOAD C:/ST/STM32CubeIDE_2.1.1/STM32CubeIDE/plugins/com.st.stm32cube.ide.mcu.externaltools.gnu-tools-for-stm32.14.3.rel1.win32_1.0.100.202602081740/tools/bin/../lib/gcc/arm-none-eabi/14.3.1/thumb/v7-m/nofp\libgcc.a
LOAD C:/ST/STM32CubeIDE_2.1.1/STM32CubeIDE/plugins/com.st.stm32cube.ide.mcu.externaltools.gnu-tools-for-stm32.14.3.rel1.win32_1.0.100.202602081740/tools/bin/../lib/gcc/arm-none-eabi/14.3.1/../../../../arm-none-eabi/lib/thumb/v7-m/nofp\libc_nano.a
LOAD C:/ST/STM32CubeIDE_2.1.1/STM32CubeIDE/plugins/com.st.stm32cube.ide.mcu.externaltools.gnu-tools-for-stm32.14.3.rel1.win32_1.0.100.202602081740/tools/bin/../lib/gcc/arm-none-eabi/14.3.1/../../../../arm-none-eabi/lib/thumb/v7-m/nofp\libnosys.a
END GROUP
LOAD C:/ST/STM32CubeIDE_2.1.1/STM32CubeIDE/plugins/com.st.stm32cube.ide.mcu.externaltools.gnu-tools-for-stm32.14.3.rel1.win32_1.0.100.202602081740/tools/bin/../lib/gcc/arm-none-eabi/14.3.1/thumb/v7-m/nofp/crtend.o
LOAD C:/ST/STM32CubeIDE_2.1.1/STM32CubeIDE/plugins/com.st.stm32cube.ide.mcu.externaltools.gnu-tools-for-stm32.14.3.rel1.win32_1.0.100.202602081740/tools/bin/../lib/gcc/arm-none-eabi/14.3.1/thumb/v7-m/nofp/crtn.o
                0x20005000                        _estack = (ORIGIN (RAM) + LENGTH (RAM))
                0x00000200                        _Min_Heap_Size = 0x200
                0x00000400                        _Min_Stack_Size = 0x400

.isr_vector     0x08000000      0x130
                0x08000000                        . = ALIGN (0x4)
 *(.isr_vector)
 .isr_vector    0x08000000      0x130 ./Startup/startup_stm32f103rbtx.o
                0x08000000                g_pfnVectors
                0x08000130                        . = ALIGN (0x4)

.text           0x08000130     0xa9dc
                0x08000130                        . = ALIGN (0x4)
 *(.text)
 .text          0x08000130       0x40 C:/ST/STM32CubeIDE_2.1.1/STM32CubeIDE/plugins/com.st.stm32cube.ide.mcu.externaltools.gnu-tools-for-stm32.14.3.rel1.win32_1.0.100.202602081740/tools/bin/../lib/gcc/arm-none-eabi/14.3.1/thumb/v7-m/nofp/crtbegin.o
 .text          0x08000170       0x10 C:/ST/STM32CubeIDE_2.1.1/STM32CubeIDE/plugins/com.st.stm32cube.ide.mcu.externaltools.gnu-tools-for-stm32.14.3.rel1.win32_1.0.100.202602081740/tools/bin/../lib/gcc/arm-none-eabi/14.3.1/../../../../arm-none-eabi/lib/thumb/v7-m/nofp\libc_nano.a(libc_a-strlen.o)
                0x08000170                strlen
 .text          0x08000180      0x378 C:/ST/STM32CubeIDE_2.1.1/STM32CubeIDE/plugins/com.st.stm32cube.ide.mcu.externaltools.gnu-tools-for-stm32.14.3.rel1.win32_1.0.100.202602081740/tools/bin/../lib/gcc/arm-none-eabi/14.3.1/thumb/v7-m/nofp\libgcc.a(_arm_addsubdf3.o)
                0x08000180                __aeabi_drsub
                0x08000188                __aeabi_dsub
                0x08000188                __subdf3
                0x0800018c                __aeabi_dadd
                0x0800018c                __adddf3
                0x08000404                __floatunsidf
                0x08000404                __aeabi_ui2d
                0x08000424                __floatsidf
                0x08000424                __aeabi_i2d
                0x08000448                __aeabi_f2d
                0x08000448                __extendsfdf2
                0x0800048c                __floatundidf
                0x0800048c                __aeabi_ul2d
                0x0800049c                __floatdidf
                0x0800049c                __aeabi_l2d
 .text          0x080004f8      0x424 C:/ST/STM32CubeIDE_2.1.1/STM32CubeIDE/plugins/com.st.stm32cube.ide.mcu.externaltools.gnu-tools-for-stm32.14.3.rel1.win32_1.0.100.202602081740/tools/bin/../lib/gcc/arm-none-eabi/14.3.1/thumb/v7-m/nofp\libgcc.a(_arm_muldivdf3.o)
                0x080004f8                __aeabi_dmul
                0x080004f8                __muldf3
                0x0800074c                __divdf3
                0x0800074c                __aeabi_ddiv
 .text          0x0800091c      0x110 C:/ST/STM32CubeIDE_2.1.1/STM32CubeIDE/plugins/com.st.stm32cube.ide.mcu.externaltools.gnu-tools-for-stm32.14.3.rel1.win32_1.0.100.202602081740/tools/bin/../lib/gcc/arm-none-eabi/14.3.1/thumb/v7-m/nofp\libgcc.a(_arm_cmpdf2.o)
                0x0800091c                __gtdf2
                0x0800091c                __gedf2
                0x08000924                __ltdf2
                0x08000924                __ledf2
                0x0800092c                __nedf2
                0x0800092c                __eqdf2
                0x0800092c                __cmpdf2
                0x080009a8                __aeabi_cdrcmple
                0x080009b8                __aeabi_cdcmpeq
                0x080009b8                __aeabi_cdcmple
                0x080009c8                __aeabi_dcmpeq
                0x080009dc                __aeabi_dcmplt
                0x080009f0                __aeabi_dcmple
                0x08000a04                __aeabi_dcmpge
                0x08000a18                __aeabi_dcmpgt
 .text          0x08000a2c       0x2c C:/ST/STM32CubeIDE_2.1.1/STM32CubeIDE/plugins/com.st.stm32cube.ide.mcu.externaltools.gnu-tools-for-stm32.14.3.rel1.win32_1.0.100.202602081740/tools/bin/../lib/gcc/arm-none-eabi/14.3.1/thumb/v7-m/nofp\libgcc.a(_arm_unorddf2.o)
                0x08000a2c                __unorddf2
                0x08000a2c                __aeabi_dcmpun
 .text          0x08000a58       0x40 C:/ST/STM32CubeIDE_2.1.1/STM32CubeIDE/plugins/com.st.stm32cube.ide.mcu.externaltools.gnu-tools-for-stm32.14.3.rel1.win32_1.0.100.202602081740/tools/bin/../lib/gcc/arm-none-eabi/14.3.1/thumb/v7-m/nofp\libgcc.a(_arm_fixunsdfsi.o)
                0x08000a58                __aeabi_d2uiz
                0x08000a58                __fixunsdfsi
 .text          0x08000a98       0xa0 C:/ST/STM32CubeIDE_2.1.1/STM32CubeIDE/plugins/com.st.stm32cube.ide.mcu.externaltools.gnu-tools-for-stm32.14.3.rel1.win32_1.0.100.202602081740/tools/bin/../lib/gcc/arm-none-eabi/14.3.1/thumb/v7-m/nofp\libgcc.a(_arm_truncdfsf2.o)
                0x08000a98                __truncdfsf2
                0x08000a98                __aeabi_d2f
 .text          0x08000b38      0x21c C:/ST/STM32CubeIDE_2.1.1/STM32CubeIDE/plugins/com.st.stm32cube.ide.mcu.externaltools.gnu-tools-for-stm32.14.3.rel1.win32_1.0.100.202602081740/tools/bin/../lib/gcc/arm-none-eabi/14.3.1/thumb/v7-m/nofp\libgcc.a(_arm_addsubsf3.o)
                0x08000b38                __aeabi_frsub
                0x08000b40                __subsf3
                0x08000b40                __aeabi_fsub
                0x08000b44                __aeabi_fadd
                0x08000b44                __addsf3
                0x08000ca4                __aeabi_ui2f
                0x08000ca4                __floatunsisf
                0x08000cac                __aeabi_i2f
                0x08000cac                __floatsisf
                0x08000cc8                __aeabi_ul2f
                0x08000cc8                __floatundisf
                0x08000cd8                __aeabi_l2f
                0x08000cd8                __floatdisf
 .text          0x08000d54      0x2a0 C:/ST/STM32CubeIDE_2.1.1/STM32CubeIDE/plugins/com.st.stm32cube.ide.mcu.externaltools.gnu-tools-for-stm32.14.3.rel1.win32_1.0.100.202602081740/tools/bin/../lib/gcc/arm-none-eabi/14.3.1/thumb/v7-m/nofp\libgcc.a(_arm_muldivsf3.o)
                0x08000d54                __mulsf3
                0x08000d54                __aeabi_fmul
                0x08000ebc                __aeabi_fdiv
                0x08000ebc                __divsf3
 .text          0x08000ff4       0xec C:/ST/STM32CubeIDE_2.1.1/STM32CubeIDE/plugins/com.st.stm32cube.ide.mcu.externaltools.gnu-tools-for-stm32.14.3.rel1.win32_1.0.100.202602081740/tools/bin/../lib/gcc/arm-none-eabi/14.3.1/thumb/v7-m/nofp\libgcc.a(_arm_cmpsf2.o)
                0x08000ff4                __gesf2
                0x08000ff4                __gtsf2
                0x08000ffc                __lesf2
                0x08000ffc                __ltsf2
                0x08001004                __nesf2
                0x08001004                __eqsf2
                0x08001004                __cmpsf2
                0x08001064                __aeabi_cfrcmple
                0x0800106c                __aeabi_cfcmpeq
                0x0800106c                __aeabi_cfcmple
                0x0800107c                __aeabi_fcmpeq
                0x08001090                __aeabi_fcmplt
                0x080010a4                __aeabi_fcmple
                0x080010b8                __aeabi_fcmpge
                0x080010cc                __aeabi_fcmpgt
 .text          0x080010e0       0x4c C:/ST/STM32CubeIDE_2.1.1/STM32CubeIDE/plugins/com.st.stm32cube.ide.mcu.externaltools.gnu-tools-for-stm32.14.3.rel1.win32_1.0.100.202602081740/tools/bin/../lib/gcc/arm-none-eabi/14.3.1/thumb/v7-m/nofp\libgcc.a(_arm_fixsfsi.o)
                0x080010e0                __aeabi_f2iz
                0x080010e0                __fixsfsi
 .text          0x0800112c       0x40 C:/ST/STM32CubeIDE_2.1.1/STM32CubeIDE/plugins/com.st.stm32cube.ide.mcu.externaltools.gnu-tools-for-stm32.14.3.rel1.win32_1.0.100.202602081740/tools/bin/../lib/gcc/arm-none-eabi/14.3.1/thumb/v7-m/nofp\libgcc.a(_arm_fixunssfsi.o)
                0x0800112c                __fixunssfsi
                0x0800112c                __aeabi_f2uiz
 .text          0x0800116c       0x30 C:/ST/STM32CubeIDE_2.1.1/STM32CubeIDE/plugins/com.st.stm32cube.ide.mcu.externaltools.gnu-tools-for-stm32.14.3.rel1.win32_1.0.100.202602081740/tools/bin/../lib/gcc/arm-none-eabi/14.3.1/thumb/v7-m/nofp\libgcc.a(_fixdfdi.o)
                0x0800116c                __fixdfdi
                0x0800116c                __aeabi_d2lz
 .text          0x0800119c       0x3c C:/ST/STM32CubeIDE_2.1.1/STM32CubeIDE/plugins/com.st.stm32cube.ide.mcu.externaltools.gnu-tools-for-stm32.14.3.rel1.win32_1.0.100.202602081740/tools/bin/../lib/gcc/arm-none-eabi/14.3.1/thumb/v7-m/nofp\libgcc.a(_fixunsdfdi.o)
                0x0800119c                __fixunsdfdi
                0x0800119c                __aeabi_d2ulz
 *(.text*)
 .text.look2_binlxpw
                0x080011d8      0x3f8 ./Src/EngTrModel.o
                0x080011d8                look2_binlxpw
 .text.look1_binlxpw
                0x080015d0      0x1c8 ./Src/EngTrModel.o
                0x080015d0                look1_binlxpw
 .text.EngTrModel_gear_state
                0x08001798      0x10c ./Src/EngTrModel.o
 .text.rt_powd_snf
                0x080018a4      0x234 ./Src/EngTrModel.o
                0x080018a4                rt_powd_snf
 .text.EngTrModel_step
                0x08001ad8      0x5b4 ./Src/EngTrModel.o
                0x08001ad8                EngTrModel_step
 .text.EngTrModel_initialize
                0x0800208c        0xe ./Src/EngTrModel.o
                0x0800208c                EngTrModel_initialize
 *fill*         0x0800209a        0x2 
 .text.pvPortMalloc
                0x0800209c      0x270 ./Src/heap_4.o
                0x0800209c                pvPortMalloc
 .text.vPortFree
                0x0800230c       0xec ./Src/heap_4.o
                0x0800230c                vPortFree
 .text.prvHeapInit
                0x080023f8       0xb4 ./Src/heap_4.o
 .text.prvInsertBlockIntoFreeList
                0x080024ac       0xf4 ./Src/heap_4.o
 .text.DWT_Init
                0x080025a0       0x28 ./Src/lcd.o
 .text.LCD_DelayUs
                0x080025c8       0x34 ./Src/lcd.o
 .text.LCD_Delay_10us
                0x080025fc        0xe ./Src/lcd.o
 .text.LCD_Delay_53us
                0x0800260a        0xe ./Src/lcd.o
 .text.LCD_Delay_100us
                0x08002618        0xe ./Src/lcd.o
 .text.LCD_Delay_1ms
                0x08002626       0x22 ./Src/lcd.o
 .text.LCD_Delay_4_1ms
                0x08002648       0x22 ./Src/lcd.o
 .text.LCD_Delay_40ms
                0x0800266a       0x22 ./Src/lcd.o
 .text.LCD_Pulse_EN
                0x0800268c       0x30 ./Src/lcd.o
                0x0800268c                LCD_Pulse_EN
 .text.LCD_Out_Data4
                0x080026bc       0x98 ./Src/lcd.o
                0x080026bc                LCD_Out_Data4
 .text.LCD_Write_Byte
                0x08002754       0x4c ./Src/lcd.o
                0x08002754                LCD_Write_Byte
 .text.LCD_Write_Cmd
                0x080027a0       0x30 ./Src/lcd.o
                0x080027a0                LCD_Write_Cmd
 .text.LCD_Put_Char
                0x080027d0       0x30 ./Src/lcd.o
                0x080027d0                LCD_Put_Char
 .text.LCD_Set_Cursor
                0x08002800       0x56 ./Src/lcd.o
                0x08002800                LCD_Set_Cursor
 .text.LCD_Put_Str
                0x08002856       0x48 ./Src/lcd.o
                0x08002856                LCD_Put_Str
 *fill*         0x0800289e        0x2 
 .text.LCD_Init
                0x080028a0      0x154 ./Src/lcd.o
                0x080028a0                LCD_Init
 .text.vListInitialise
                0x080029f4       0x3e ./Src/list.o
                0x080029f4                vListInitialise
 .text.vListInitialiseItem
                0x08002a32       0x18 ./Src/list.o
                0x08002a32                vListInitialiseItem
 .text.vListInsert
                0x08002a4a       0x70 ./Src/list.o
                0x08002a4a                vListInsert
 .text.uxListRemove
                0x08002aba       0x52 ./Src/list.o
                0x08002aba                uxListRemove
 .text.main     0x08002b0c       0x74 ./Src/main_uart.o
                0x08002b0c                main
 .text.USER_GPIO_Init
                0x08002b80       0x44 ./Src/main_uart.o
                0x08002b80                USER_GPIO_Init
 .text.USER_SystemClock_Config
                0x08002bc4       0x90 ./Src/main_uart.o
                0x08002bc4                USER_SystemClock_Config
 .text.pxPortInitialiseStack
                0x08002c54       0x58 ./Src/port.o
                0x08002c54                pxPortInitialiseStack
 .text.prvTaskExitError
                0x08002cac       0x58 ./Src/port.o
 .text.SVC_Handler
                0x08002d04       0x28 ./Src/port.o
                0x08002d04                SVC_Handler
 .text.prvPortStartFirstTask
                0x08002d2c       0x24 ./Src/port.o
 .text.xPortStartScheduler
                0x08002d50      0x17c ./Src/port.o
                0x08002d50                xPortStartScheduler
 .text.vPortEnterCritical
                0x08002ecc       0x60 ./Src/port.o
                0x08002ecc                vPortEnterCritical
 .text.vPortExitCritical
                0x08002f2c       0x54 ./Src/port.o
                0x08002f2c                vPortExitCritical
 .text.PendSV_Handler
                0x08002f80       0x48 ./Src/port.o
                0x08002f80                PendSV_Handler
 .text.SysTick_Handler
                0x08002fc8       0x44 ./Src/port.o
                0x08002fc8                SysTick_Handler
 .text.vPortSetupTimerInterrupt
                0x0800300c       0x34 ./Src/port.o
                0x0800300c                vPortSetupTimerInterrupt
 .text.vPortValidateInterruptPriority
                0x08003040       0x80 ./Src/port.o
                0x08003040                vPortValidateInterruptPriority
 .text.xQueueGenericReset
                0x080030c0      0x124 ./Src/queue.o
                0x080030c0                xQueueGenericReset
 .text.xQueueGenericCreate
                0x080031e4       0x9e ./Src/queue.o
                0x080031e4                xQueueGenericCreate
 .text.prvInitialiseNewQueue
                0x08003282       0x3e ./Src/queue.o
 .text.xQueueGenericSend
                0x080032c0      0x204 ./Src/queue.o
                0x080032c0                xQueueGenericSend
 .text.xQueueReceive
                0x080034c4      0x1c4 ./Src/queue.o
                0x080034c4                xQueueReceive
 .text.xQueuePeek
                0x08003688      0x1b0 ./Src/queue.o
                0x08003688                xQueuePeek
 .text.prvCopyDataToQueue
                0x08003838       0xb8 ./Src/queue.o
 .text.prvCopyDataFromQueue
                0x080038f0       0x4c ./Src/queue.o
 .text.prvUnlockQueue
                0x0800393c       0xa4 ./Src/queue.o
 .text.prvIsQueueEmpty
                0x080039e0       0x2c ./Src/queue.o
 .text.prvIsQueueFull
                0x08003a0c       0x30 ./Src/queue.o
 .text.vQueueAddToRegistry
                0x08003a3c       0x9c ./Src/queue.o
                0x08003a3c                vQueueAddToRegistry
 .text.rtGetInf
                0x08003ad8       0x8c ./Src/rtGetInf.o
                0x08003ad8                rtGetInf
 .text.rtGetInfF
                0x08003b64       0x18 ./Src/rtGetInf.o
                0x08003b64                rtGetInfF
 .text.rtGetMinusInf
                0x08003b7c       0x8c ./Src/rtGetInf.o
                0x08003b7c                rtGetMinusInf
 .text.rtGetMinusInfF
                0x08003c08       0x1c ./Src/rtGetInf.o
                0x08003c08                rtGetMinusInfF
 .text.rtGetNaN
                0x08003c24       0x90 ./Src/rtGetNaN.o
                0x08003c24                rtGetNaN
 .text.rtGetNaNF
                0x08003cb4       0x4c ./Src/rtGetNaN.o
                0x08003cb4                rtGetNaNF
 .text.rt_InitInfAndNaN
                0x08003d00       0x70 ./Src/rt_nonfinite.o
                0x08003d00                rt_InitInfAndNaN
 .text.rtIsInf  0x08003d70       0x48 ./Src/rt_nonfinite.o
                0x08003d70                rtIsInf
 .text.rtIsNaN  0x08003db8       0x9c ./Src/rt_nonfinite.o
                0x08003db8                rtIsNaN
 .text._getpid  0x08003e54        0xe ./Src/syscall.o
                0x08003e54                _getpid
 .text._kill    0x08003e62       0x20 ./Src/syscall.o
                0x08003e62                _kill
 .text._exit    0x08003e82       0x16 ./Src/syscall.o
                0x08003e82                _exit
 .text._read    0x08003e98       0x3a ./Src/syscall.o
                0x08003e98                _read
 .text._close   0x08003ed2       0x16 ./Src/syscall.o
                0x08003ed2                _close
 .text._fstat   0x08003ee8       0x1e ./Src/syscall.o
                0x08003ee8                _fstat
 .text._isatty  0x08003f06       0x14 ./Src/syscall.o
                0x08003f06                _isatty
 .text._lseek   0x08003f1a       0x18 ./Src/syscall.o
                0x08003f1a                _lseek
 *fill*         0x08003f32        0x2 
 .text._sbrk    0x08003f34       0x6c ./Src/sysmem.o
                0x08003f34                _sbrk
 .text.USER_SmoothThrottle
                0x08003fa0       0xc0 ./Src/task_app.o
 .text.USER_SmoothBrake
                0x08004060       0x34 ./Src/task_app.o
 .text.USER_ClampRpm
                0x08004094       0x6c ./Src/task_app.o
 .text.USER_ClampSpeed
                0x08004100       0x6c ./Src/task_app.o
 *fill*         0x0800416c        0x4 
 .text.vControlTask
                0x08004170      0x200 ./Src/task_app.o
                0x08004170                vControlTask
 .text.vADCTask
                0x08004370       0xb8 ./Src/task_app.o
                0x08004370                vADCTask
 .text.vTelemetryTask
                0x08004428       0x64 ./Src/task_app.o
                0x08004428                vTelemetryTask
 .text.vLCDTask
                0x0800448c      0x100 ./Src/task_app.o
                0x0800448c                vLCDTask
 .text.vMotorTask
                0x0800458c      0x304 ./Src/task_app.o
                0x0800458c                vMotorTask
 .text.vRemoteTask
                0x08004890      0x100 ./Src/task_app.o
                0x08004890                vRemoteTask
 .text.vCreateAllTasks
                0x08004990      0x21c ./Src/task_app.o
                0x08004990                vCreateAllTasks
 .text.prvCreateTask
                0x08004bac       0x78 ./Src/tasks.o
 .text.xTaskCreate
                0x08004c24       0x46 ./Src/tasks.o
                0x08004c24                xTaskCreate
 .text.prvInitialiseNewTask
                0x08004c6a      0x144 ./Src/tasks.o
 *fill*         0x08004dae        0x2 
 .text.prvAddNewTaskToReadyList
                0x08004db0      0x128 ./Src/tasks.o
 .text.xTaskDelayUntil
                0x08004ed8      0x104 ./Src/tasks.o
                0x08004ed8                xTaskDelayUntil
 .text.vTaskDelay
                0x08004fdc       0x6c ./Src/tasks.o
                0x08004fdc                vTaskDelay
 .text.prvCreateIdleTasks
                0x08005048       0xac ./Src/tasks.o
 .text.vTaskStartScheduler
                0x080050f4       0x7c ./Src/tasks.o
                0x080050f4                vTaskStartScheduler
 .text.vTaskSuspendAll
                0x08005170       0x1c ./Src/tasks.o
                0x08005170                vTaskSuspendAll
 .text.xTaskResumeAll
                0x0800518c      0x210 ./Src/tasks.o
                0x0800518c                xTaskResumeAll
 .text.xTaskGetTickCount
                0x0800539c       0x1c ./Src/tasks.o
                0x0800539c                xTaskGetTickCount
 .text.xTaskIncrementTick
                0x080053b8      0x234 ./Src/tasks.o
                0x080053b8                xTaskIncrementTick
 .text.vTaskSwitchContext
                0x080055ec       0xb8 ./Src/tasks.o
                0x080055ec                vTaskSwitchContext
 .text.vTaskPlaceOnEventList
                0x080056a4       0x4c ./Src/tasks.o
                0x080056a4                vTaskPlaceOnEventList
 .text.xTaskRemoveFromEventList
                0x080056f0      0x1b0 ./Src/tasks.o
                0x080056f0                xTaskRemoveFromEventList
 .text.vTaskInternalSetTimeOutState
                0x080058a0       0x2c ./Src/tasks.o
                0x080058a0                vTaskInternalSetTimeOutState
 .text.xTaskCheckForTimeOut
                0x080058cc       0xd0 ./Src/tasks.o
                0x080058cc                xTaskCheckForTimeOut
 .text.vTaskMissedYield
                0x0800599c       0x18 ./Src/tasks.o
                0x0800599c                vTaskMissedYield
 .text.prvIdleTask
                0x080059b4       0x30 ./Src/tasks.o
 .text.prvInitialiseTaskLists
                0x080059e4       0x80 ./Src/tasks.o
 .text.prvCheckTasksWaitingTermination
                0x08005a64       0x5c ./Src/tasks.o
 .text.prvDeleteTCB
                0x08005ac0       0x20 ./Src/tasks.o
 .text.prvResetNextTaskUnblockTime
                0x08005ae0       0x34 ./Src/tasks.o
 .text.xTaskGetSchedulerState
                0x08005b14       0x3c ./Src/tasks.o
                0x08005b14                xTaskGetSchedulerState
 .text.ulTaskGenericNotifyTake
                0x08005b50      0x110 ./Src/tasks.o
                0x08005b50                ulTaskGenericNotifyTake
 .text.vTaskGenericNotifyGiveFromISR
                0x08005c60      0x218 ./Src/tasks.o
                0x08005c60                vTaskGenericNotifyGiveFromISR
 .text.prvAddCurrentTaskToDelayedList
                0x08005e78      0x104 ./Src/tasks.o
 .text.USER_ADC1_Init
                0x08005f7c       0xc4 ./Src/user_adc.o
                0x08005f7c                USER_ADC1_Init
 .text.USER_ADC1_ReadThrottleRaw
                0x08006040       0x38 ./Src/user_adc.o
                0x08006040                USER_ADC1_ReadThrottleRaw
 .text.USER_Motor_Init
                0x08006078      0x12c ./Src/user_motor.o
                0x08006078                USER_Motor_Init
 .text.USER_Motor_SetSpeed
                0x080061a4      0x160 ./Src/user_motor.o
                0x080061a4                USER_Motor_SetSpeed
 .text.USER_Motor_Enable
                0x08006304       0x2c ./Src/user_motor.o
                0x08006304                USER_Motor_Enable
 .text.USER_Motor_ReadEncoders
                0x08006330       0x70 ./Src/user_motor.o
                0x08006330                USER_Motor_ReadEncoders
 .text.USER_PWM4_Init
                0x080063a0       0xb8 ./Src/user_pwm.o
                0x080063a0                USER_PWM4_Init
 .text.USER_PWM4_SetDutyPercent
                0x08006458       0x26 ./Src/user_pwm.o
                0x08006458                USER_PWM4_SetDutyPercent
 *fill*         0x0800647e        0x2 
 .text.USER_PWM4_ClampDuty
                0x08006480       0x34 ./Src/user_pwm.o
 .text.USER_PWM4_ApplyDuty
                0x080064b4       0x30 ./Src/user_pwm.o
 .text.USER_TIM2_Init40ms
                0x080064e4       0x8c ./Src/user_timer.o
                0x080064e4                USER_TIM2_Init40ms
 .text.TIM2_IRQHandler
                0x08006570       0x5c ./Src/user_timer.o
                0x08006570                TIM2_IRQHandler
 .text.USER_GPIO_LED_Init
                0x080065cc       0x38 ./Src/user_uart.o
                0x080065cc                USER_GPIO_LED_Init
 .text._write   0x08006604       0x4c ./Src/user_uart.o
                0x08006604                _write
 .text.USER_USART3_Init
                0x08006650       0xdc ./Src/user_uart.o
                0x08006650                USER_USART3_Init
 .text.USER_USART3_Transmit
                0x0800672c       0x38 ./Src/user_uart.o
                0x0800672c                USER_USART3_Transmit
 .text.USER_USART3_Send_8bit
                0x08006764       0x2c ./Src/user_uart.o
 .text.USER_USART3_SendString
                0x08006790       0x2a ./Src/user_uart.o
                0x08006790                USER_USART3_SendString
 *fill*         0x080067ba        0x2 
 .text.USER_USART3_SendTelemetry
                0x080067bc       0x78 ./Src/user_uart.o
                0x080067bc                USER_USART3_SendTelemetry
 .text.USART3_IRQHandler
                0x08006834       0x80 ./Src/user_uart.o
                0x08006834                USART3_IRQHandler
 .text.Reset_Handler
                0x080068b4       0x50 ./Startup/startup_stm32f103rbtx.o
                0x080068b4                Reset_Handler
 .text.Default_Handler
                0x08006904        0x2 ./Startup/startup_stm32f103rbtx.o
                0x08006904                EXTI2_IRQHandler
                0x08006904                TIM8_TRG_COM_IRQHandler
                0x08006904                TIM8_CC_IRQHandler
                0x08006904                DebugMon_Handler
                0x08006904                TIM1_CC_IRQHandler
                0x08006904                HardFault_Handler
                0x08006904                TIM6_IRQHandler
                0x08006904                PVD_IRQHandler
                0x08006904                SDIO_IRQHandler
                0x08006904                NMI_Handler
                0x08006904                EXTI3_IRQHandler
                0x08006904                USB_HP_CAN_TX_IRQHandler
                0x08006904                EXTI0_IRQHandler
                0x08006904                I2C2_EV_IRQHandler
                0x08006904                UsageFault_Handler
                0x08006904                ADC1_2_IRQHandler
                0x08006904                SPI1_IRQHandler
                0x08006904                CAN_SCE_IRQHandler
                0x08006904                TAMPER_IRQHandler
                0x08006904                TIM8_UP_IRQHandler
                0x08006904                DMA2_Channel2_IRQHandler
                0x08006904                DMA1_Channel4_IRQHandler
                0x08006904                RTC_IRQHandler
                0x08006904                DMA1_Channel7_IRQHandler
                0x08006904                UART5_IRQHandler
                0x08006904                ADC3_IRQHandler
                0x08006904                TIM4_IRQHandler
                0x08006904                CAN_RX1_IRQHandler
                0x08006904                DMA2_Channel1_IRQHandler
                0x08006904                I2C1_EV_IRQHandler
                0x08006904                DMA1_Channel6_IRQHandler
                0x08006904                UART4_IRQHandler
                0x08006904                TIM3_IRQHandler
                0x08006904                RCC_IRQHandler
                0x08006904                TIM1_TRG_COM_IRQHandler
                0x08006904                DMA1_Channel1_IRQHandler
                0x08006904                Default_Handler
                0x08006904                EXTI15_10_IRQHandler
                0x08006904                TIM7_IRQHandler
                0x08006904                TIM5_IRQHandler
                0x08006904                EXTI9_5_IRQHandler
                0x08006904                SPI2_IRQHandler
                0x08006904                USB_LP_CAN_RX0_IRQHandler
                0x08006904                MemManage_Handler
                0x08006904                DMA1_Channel5_IRQHandler
                0x08006904                EXTI4_IRQHandler
                0x08006904                DMA1_Channel3_IRQHandler
                0x08006904                FSMC_IRQHandler
                0x08006904                TIM1_UP_IRQHandler
                0x08006904                WWDG_IRQHandler
                0x08006904                TIM1_BRK_IRQHandler
                0x08006904                EXTI1_IRQHandler
                0x08006904                RTCAlarm_IRQHandler
                0x08006904                DMA2_Channel4_5_IRQHandler
                0x08006904                USART2_IRQHandler
                0x08006904                I2C2_ER_IRQHandler
                0x08006904                DMA1_Channel2_IRQHandler
                0x08006904                TIM8_BRK_IRQHandler
                0x08006904                FLASH_IRQHandler
                0x08006904                BusFault_Handler
                0x08006904                USART1_IRQHandler
                0x08006904                SPI3_IRQHandler
                0x08006904                I2C1_ER_IRQHandler
                0x08006904                DMA2_Channel3_IRQHandler
 .text.atof     0x08006906        0x6 C:/ST/STM32CubeIDE_2.1.1/STM32CubeIDE/plugins/com.st.stm32cube.ide.mcu.externaltools.gnu-tools-for-stm32.14.3.rel1.win32_1.0.100.202602081740/tools/bin/../lib/gcc/arm-none-eabi/14.3.1/../../../../arm-none-eabi/lib/thumb/v7-m/nofp\libc_nano.a(libc_a-atof.o)
                0x08006906                atof
 .text.atoi     0x0800690c        0x8 C:/ST/STM32CubeIDE_2.1.1/STM32CubeIDE/plugins/com.st.stm32cube.ide.mcu.externaltools.gnu-tools-for-stm32.14.3.rel1.win32_1.0.100.202602081740/tools/bin/../lib/gcc/arm-none-eabi/14.3.1/../../../../arm-none-eabi/lib/thumb/v7-m/nofp\libc_nano.a(libc_a-atoi.o)
                0x0800690c                atoi
 .text.sulp     0x08006914       0x42 C:/ST/STM32CubeIDE_2.1.1/STM32CubeIDE/plugins/com.st.stm32cube.ide.mcu.externaltools.gnu-tools-for-stm32.14.3.rel1.win32_1.0.100.202602081740/tools/bin/../lib/gcc/arm-none-eabi/14.3.1/../../../../arm-none-eabi/lib/thumb/v7-m/nofp\libc_nano.a(libc_a-strtod.o)
 *fill*         0x08006956        0x2 
 .text._strtod_l
                0x08006958      0xba8 C:/ST/STM32CubeIDE_2.1.1/STM32CubeIDE/plugins/com.st.stm32cube.ide.mcu.externaltools.gnu-tools-for-stm32.14.3.rel1.win32_1.0.100.202602081740/tools/bin/../lib/gcc/arm-none-eabi/14.3.1/../../../../arm-none-eabi/lib/thumb/v7-m/nofp\libc_nano.a(libc_a-strtod.o)
                0x08006958                _strtod_l
 .text.strtod   0x08007500       0x18 C:/ST/STM32CubeIDE_2.1.1/STM32CubeIDE/plugins/com.st.stm32cube.ide.mcu.externaltools.gnu-tools-for-stm32.14.3.rel1.win32_1.0.100.202602081740/tools/bin/../lib/gcc/arm-none-eabi/14.3.1/../../../../arm-none-eabi/lib/thumb/v7-m/nofp\libc_nano.a(libc_a-strtod.o)
                0x08007500                strtod
 .text._strtol_l.isra.0
                0x08007518       0xf4 C:/ST/STM32CubeIDE_2.1.1/STM32CubeIDE/plugins/com.st.stm32cube.ide.mcu.externaltools.gnu-tools-for-stm32.14.3.rel1.win32_1.0.100.202602081740/tools/bin/../lib/gcc/arm-none-eabi/14.3.1/../../../../arm-none-eabi/lib/thumb/v7-m/nofp\libc_nano.a(libc_a-strtol.o)
 .text.strtol   0x0800760c       0x14 C:/ST/STM32CubeIDE_2.1.1/STM32CubeIDE/plugins/com.st.stm32cube.ide.mcu.externaltools.gnu-tools-for-stm32.14.3.rel1.win32_1.0.100.202602081740/tools/bin/../lib/gcc/arm-none-eabi/14.3.1/../../../../arm-none-eabi/lib/thumb/v7-m/nofp\libc_nano.a(libc_a-strtol.o)
                0x0800760c                strtol
 .text.std      0x08007620       0x6c C:/ST/STM32CubeIDE_2.1.1/STM32CubeIDE/plugins/com.st.stm32cube.ide.mcu.externaltools.gnu-tools-for-stm32.14.3.rel1.win32_1.0.100.202602081740/tools/bin/../lib/gcc/arm-none-eabi/14.3.1/../../../../arm-none-eabi/lib/thumb/v7-m/nofp\libc_nano.a(libc_a-findfp.o)
 .text.stdio_exit_handler
                0x0800768c       0x18 C:/ST/STM32CubeIDE_2.1.1/STM32CubeIDE/plugins/com.st.stm32cube.ide.mcu.externaltools.gnu-tools-for-stm32.14.3.rel1.win32_1.0.100.202602081740/tools/bin/../lib/gcc/arm-none-eabi/14.3.1/../../../../arm-none-eabi/lib/thumb/v7-m/nofp\libc_nano.a(libc_a-findfp.o)
 .text.cleanup_stdio
                0x080076a4       0x40 C:/ST/STM32CubeIDE_2.1.1/STM32CubeIDE/plugins/com.st.stm32cube.ide.mcu.externaltools.gnu-tools-for-stm32.14.3.rel1.win32_1.0.100.202602081740/tools/bin/../lib/gcc/arm-none-eabi/14.3.1/../../../../arm-none-eabi/lib/thumb/v7-m/nofp\libc_nano.a(libc_a-findfp.o)
 .text.global_stdio_init.part.0
                0x080076e4       0x40 C:/ST/STM32CubeIDE_2.1.1/STM32CubeIDE/plugins/com.st.stm32cube.ide.mcu.externaltools.gnu-tools-for-stm32.14.3.rel1.win32_1.0.100.202602081740/tools/bin/../lib/gcc/arm-none-eabi/14.3.1/../../../../arm-none-eabi/lib/thumb/v7-m/nofp\libc_nano.a(libc_a-findfp.o)
 .text.__sfp_lock_acquire
                0x08007724        0xc C:/ST/STM32CubeIDE_2.1.1/STM32CubeIDE/plugins/com.st.stm32cube.ide.mcu.externaltools.gnu-tools-for-stm32.14.3.rel1.win32_1.0.100.202602081740/tools/bin/../lib/gcc/arm-none-eabi/14.3.1/../../../../arm-none-eabi/lib/thumb/v7-m/nofp\libc_nano.a(libc_a-findfp.o)
                0x08007724                __sfp_lock_acquire
 .text.__sfp_lock_release
                0x08007730        0xc C:/ST/STM32CubeIDE_2.1.1/STM32CubeIDE/plugins/com.st.stm32cube.ide.mcu.externaltools.gnu-tools-for-stm32.14.3.rel1.win32_1.0.100.202602081740/tools/bin/../lib/gcc/arm-none-eabi/14.3.1/../../../../arm-none-eabi/lib/thumb/v7-m/nofp\libc_nano.a(libc_a-findfp.o)
                0x08007730                __sfp_lock_release
 .text.__sinit  0x0800773c       0x30 C:/ST/STM32CubeIDE_2.1.1/STM32CubeIDE/plugins/com.st.stm32cube.ide.mcu.externaltools.gnu-tools-for-stm32.14.3.rel1.win32_1.0.100.202602081740/tools/bin/../lib/gcc/arm-none-eabi/14.3.1/../../../../arm-none-eabi/lib/thumb/v7-m/nofp\libc_nano.a(libc_a-findfp.o)
                0x0800773c                __sinit
 .text._fwalk_sglue
                0x0800776c       0x3c C:/ST/STM32CubeIDE_2.1.1/STM32CubeIDE/plugins/com.st.stm32cube.ide.mcu.externaltools.gnu-tools-for-stm32.14.3.rel1.win32_1.0.100.202602081740/tools/bin/../lib/gcc/arm-none-eabi/14.3.1/../../../../arm-none-eabi/lib/thumb/v7-m/nofp\libc_nano.a(libc_a-fwalk.o)
                0x0800776c                _fwalk_sglue
 .text.snprintf
                0x080077a8       0x6c C:/ST/STM32CubeIDE_2.1.1/STM32CubeIDE/plugins/com.st.stm32cube.ide.mcu.externaltools.gnu-tools-for-stm32.14.3.rel1.win32_1.0.100.202602081740/tools/bin/../lib/gcc/arm-none-eabi/14.3.1/../../../../arm-none-eabi/lib/thumb/v7-m/nofp\libc_nano.a(libc_a-snprintf.o)
                0x080077a8                sniprintf
                0x080077a8                snprintf
 .text.__sread  0x08007814       0x22 C:/ST/STM32CubeIDE_2.1.1/STM32CubeIDE/plugins/com.st.stm32cube.ide.mcu.externaltools.gnu-tools-for-stm32.14.3.rel1.win32_1.0.100.202602081740/tools/bin/../lib/gcc/arm-none-eabi/14.3.1/../../../../arm-none-eabi/lib/thumb/v7-m/nofp\libc_nano.a(libc_a-stdio.o)
                0x08007814                __sread
 .text.__swrite
                0x08007836       0x38 C:/ST/STM32CubeIDE_2.1.1/STM32CubeIDE/plugins/com.st.stm32cube.ide.mcu.externaltools.gnu-tools-for-stm32.14.3.rel1.win32_1.0.100.202602081740/tools/bin/../lib/gcc/arm-none-eabi/14.3.1/../../../../arm-none-eabi/lib/thumb/v7-m/nofp\libc_nano.a(libc_a-stdio.o)
                0x08007836                __swrite
 .text.__sseek  0x0800786e       0x26 C:/ST/STM32CubeIDE_2.1.1/STM32CubeIDE/plugins/com.st.stm32cube.ide.mcu.externaltools.gnu-tools-for-stm32.14.3.rel1.win32_1.0.100.202602081740/tools/bin/../lib/gcc/arm-none-eabi/14.3.1/../../../../arm-none-eabi/lib/thumb/v7-m/nofp\libc_nano.a(libc_a-stdio.o)
                0x0800786e                __sseek
 .text.__sclose
                0x08007894        0x8 C:/ST/STM32CubeIDE_2.1.1/STM32CubeIDE/plugins/com.st.stm32cube.ide.mcu.externaltools.gnu-tools-for-stm32.14.3.rel1.win32_1.0.100.202602081740/tools/bin/../lib/gcc/arm-none-eabi/14.3.1/../../../../arm-none-eabi/lib/thumb/v7-m/nofp\libc_nano.a(libc_a-stdio.o)
                0x08007894                __sclose
 .text.memset   0x0800789c       0x10 C:/ST/STM32CubeIDE_2.1.1/STM32CubeIDE/plugins/com.st.stm32cube.ide.mcu.externaltools.gnu-tools-for-stm32.14.3.rel1.win32_1.0.100.202602081740/tools/bin/../lib/gcc/arm-none-eabi/14.3.1/../../../../arm-none-eabi/lib/thumb/v7-m/nofp\libc_nano.a(libc_a-memset.o)
                0x0800789c                memset
 .text.strncmp  0x080078ac       0x24 C:/ST/STM32CubeIDE_2.1.1/STM32CubeIDE/plugins/com.st.stm32cube.ide.mcu.externaltools.gnu-tools-for-stm32.14.3.rel1.win32_1.0.100.202602081740/tools/bin/../lib/gcc/arm-none-eabi/14.3.1/../../../../arm-none-eabi/lib/thumb/v7-m/nofp\libc_nano.a(libc_a-strncmp.o)
                0x080078ac                strncmp
 .text._close_r
                0x080078d0       0x20 C:/ST/STM32CubeIDE_2.1.1/STM32CubeIDE/plugins/com.st.stm32cube.ide.mcu.externaltools.gnu-tools-for-stm32.14.3.rel1.win32_1.0.100.202602081740/tools/bin/../lib/gcc/arm-none-eabi/14.3.1/../../../../arm-none-eabi/lib/thumb/v7-m/nofp\libc_nano.a(libc_a-closer.o)
                0x080078d0                _close_r
 .text._lseek_r
                0x080078f0       0x24 C:/ST/STM32CubeIDE_2.1.1/STM32CubeIDE/plugins/com.st.stm32cube.ide.mcu.externaltools.gnu-tools-for-stm32.14.3.rel1.win32_1.0.100.202602081740/tools/bin/../lib/gcc/arm-none-eabi/14.3.1/../../../../arm-none-eabi/lib/thumb/v7-m/nofp\libc_nano.a(libc_a-lseekr.o)
                0x080078f0                _lseek_r
 .text._read_r  0x08007914       0x24 C:/ST/STM32CubeIDE_2.1.1/STM32CubeIDE/plugins/com.st.stm32cube.ide.mcu.externaltools.gnu-tools-for-stm32.14.3.rel1.win32_1.0.100.202602081740/tools/bin/../lib/gcc/arm-none-eabi/14.3.1/../../../../arm-none-eabi/lib/thumb/v7-m/nofp\libc_nano.a(libc_a-readr.o)
                0x08007914                _read_r
 .text._write_r
                0x08007938       0x24 C:/ST/STM32CubeIDE_2.1.1/STM32CubeIDE/plugins/com.st.stm32cube.ide.mcu.externaltools.gnu-tools-for-stm32.14.3.rel1.win32_1.0.100.202602081740/tools/bin/../lib/gcc/arm-none-eabi/14.3.1/../../../../arm-none-eabi/lib/thumb/v7-m/nofp\libc_nano.a(libc_a-writer.o)
                0x08007938                _write_r
 .text.__errno  0x0800795c        0xc C:/ST/STM32CubeIDE_2.1.1/STM32CubeIDE/plugins/com.st.stm32cube.ide.mcu.externaltools.gnu-tools-for-stm32.14.3.rel1.win32_1.0.100.202602081740/tools/bin/../lib/gcc/arm-none-eabi/14.3.1/../../../../arm-none-eabi/lib/thumb/v7-m/nofp\libc_nano.a(libc_a-errno.o)
                0x0800795c                __errno
 .text.__libc_init_array
                0x08007968       0x48 C:/ST/STM32CubeIDE_2.1.1/STM32CubeIDE/plugins/com.st.stm32cube.ide.mcu.externaltools.gnu-tools-for-stm32.14.3.rel1.win32_1.0.100.202602081740/tools/bin/../lib/gcc/arm-none-eabi/14.3.1/../../../../arm-none-eabi/lib/thumb/v7-m/nofp\libc_nano.a(libc_a-init.o)
                0x08007968                __libc_init_array
 .text.__retarget_lock_init_recursive
                0x080079b0        0x2 C:/ST/STM32CubeIDE_2.1.1/STM32CubeIDE/plugins/com.st.stm32cube.ide.mcu.externaltools.gnu-tools-for-stm32.14.3.rel1.win32_1.0.100.202602081740/tools/bin/../lib/gcc/arm-none-eabi/14.3.1/../../../../arm-none-eabi/lib/thumb/v7-m/nofp\libc_nano.a(libc_a-lock.o)
                0x080079b0                __retarget_lock_init_recursive
 .text.__retarget_lock_acquire_recursive
                0x080079b2        0x2 C:/ST/STM32CubeIDE_2.1.1/STM32CubeIDE/plugins/com.st.stm32cube.ide.mcu.externaltools.gnu-tools-for-stm32.14.3.rel1.win32_1.0.100.202602081740/tools/bin/../lib/gcc/arm-none-eabi/14.3.1/../../../../arm-none-eabi/lib/thumb/v7-m/nofp\libc_nano.a(libc_a-lock.o)
                0x080079b2                __retarget_lock_acquire_recursive
 .text.__retarget_lock_release_recursive
                0x080079b4        0x2 C:/ST/STM32CubeIDE_2.1.1/STM32CubeIDE/plugins/com.st.stm32cube.ide.mcu.externaltools.gnu-tools-for-stm32.14.3.rel1.win32_1.0.100.202602081740/tools/bin/../lib/gcc/arm-none-eabi/14.3.1/../../../../arm-none-eabi/lib/thumb/v7-m/nofp\libc_nano.a(libc_a-lock.o)
                0x080079b4                __retarget_lock_release_recursive
 .text.memcpy   0x080079b6       0x1c C:/ST/STM32CubeIDE_2.1.1/STM32CubeIDE/plugins/com.st.stm32cube.ide.mcu.externaltools.gnu-tools-for-stm32.14.3.rel1.win32_1.0.100.202602081740/tools/bin/../lib/gcc/arm-none-eabi/14.3.1/../../../../arm-none-eabi/lib/thumb/v7-m/nofp\libc_nano.a(libc_a-memcpy-stub.o)
                0x080079b6                memcpy
 *fill*         0x080079d2        0x2 
 .text.nan      0x080079d4        0xc C:/ST/STM32CubeIDE_2.1.1/STM32CubeIDE/plugins/com.st.stm32cube.ide.mcu.externaltools.gnu-tools-for-stm32.14.3.rel1.win32_1.0.100.202602081740/tools/bin/../lib/gcc/arm-none-eabi/14.3.1/../../../../arm-none-eabi/lib/thumb/v7-m/nofp\libc_nano.a(libm_a-s_nan.o)
                0x080079d4                nan
 .text._free_r  0x080079e0       0x90 C:/ST/STM32CubeIDE_2.1.1/STM32CubeIDE/plugins/com.st.stm32cube.ide.mcu.externaltools.gnu-tools-for-stm32.14.3.rel1.win32_1.0.100.202602081740/tools/bin/../lib/gcc/arm-none-eabi/14.3.1/../../../../arm-none-eabi/lib/thumb/v7-m/nofp\libc_nano.a(libc_a-freer.o)
                0x080079e0                _free_r
 .text.rshift   0x08007a70       0xa6 C:/ST/STM32CubeIDE_2.1.1/STM32CubeIDE/plugins/com.st.stm32cube.ide.mcu.externaltools.gnu-tools-for-stm32.14.3.rel1.win32_1.0.100.202602081740/tools/bin/../lib/gcc/arm-none-eabi/14.3.1/../../../../arm-none-eabi/lib/thumb/v7-m/nofp\libc_nano.a(libc_a-gdtoa-gethex.o)
 .text.__hexdig_fun
                0x08007b16       0x2a C:/ST/STM32CubeIDE_2.1.1/STM32CubeIDE/plugins/com.st.stm32cube.ide.mcu.externaltools.gnu-tools-for-stm32.14.3.rel1.win32_1.0.100.202602081740/tools/bin/../lib/gcc/arm-none-eabi/14.3.1/../../../../arm-none-eabi/lib/thumb/v7-m/nofp\libc_nano.a(libc_a-gdtoa-gethex.o)
                0x08007b16                __hexdig_fun
 .text.__gethex
                0x08007b40      0x420 C:/ST/STM32CubeIDE_2.1.1/STM32CubeIDE/plugins/com.st.stm32cube.ide.mcu.externaltools.gnu-tools-for-stm32.14.3.rel1.win32_1.0.100.202602081740/tools/bin/../lib/gcc/arm-none-eabi/14.3.1/../../../../arm-none-eabi/lib/thumb/v7-m/nofp\libc_nano.a(libc_a-gdtoa-gethex.o)
                0x08007b40                __gethex
 .text.L_shift  0x08007f60       0x24 C:/ST/STM32CubeIDE_2.1.1/STM32CubeIDE/plugins/com.st.stm32cube.ide.mcu.externaltools.gnu-tools-for-stm32.14.3.rel1.win32_1.0.100.202602081740/tools/bin/../lib/gcc/arm-none-eabi/14.3.1/../../../../arm-none-eabi/lib/thumb/v7-m/nofp\libc_nano.a(libc_a-gdtoa-hexnan.o)
 .text.__match  0x08007f84       0x28 C:/ST/STM32CubeIDE_2.1.1/STM32CubeIDE/plugins/com.st.stm32cube.ide.mcu.externaltools.gnu-tools-for-stm32.14.3.rel1.win32_1.0.100.202602081740/tools/bin/../lib/gcc/arm-none-eabi/14.3.1/../../../../arm-none-eabi/lib/thumb/v7-m/nofp\libc_nano.a(libc_a-gdtoa-hexnan.o)
                0x08007f84                __match
 .text.__hexnan
                0x08007fac      0x13a C:/ST/STM32CubeIDE_2.1.1/STM32CubeIDE/plugins/com.st.stm32cube.ide.mcu.externaltools.gnu-tools-for-stm32.14.3.rel1.win32_1.0.100.202602081740/tools/bin/../lib/gcc/arm-none-eabi/14.3.1/../../../../arm-none-eabi/lib/thumb/v7-m/nofp\libc_nano.a(libc_a-gdtoa-hexnan.o)
                0x08007fac                __hexnan
 *fill*         0x080080e6        0x2 
 .text.sbrk_aligned
                0x080080e8       0x44 C:/ST/STM32CubeIDE_2.1.1/STM32CubeIDE/plugins/com.st.stm32cube.ide.mcu.externaltools.gnu-tools-for-stm32.14.3.rel1.win32_1.0.100.202602081740/tools/bin/../lib/gcc/arm-none-eabi/14.3.1/../../../../arm-none-eabi/lib/thumb/v7-m/nofp\libc_nano.a(libc_a-mallocr.o)
 .text._malloc_r
                0x0800812c      0x100 C:/ST/STM32CubeIDE_2.1.1/STM32CubeIDE/plugins/com.st.stm32cube.ide.mcu.externaltools.gnu-tools-for-stm32.14.3.rel1.win32_1.0.100.202602081740/tools/bin/../lib/gcc/arm-none-eabi/14.3.1/../../../../arm-none-eabi/lib/thumb/v7-m/nofp\libc_nano.a(libc_a-mallocr.o)
                0x0800812c                _malloc_r
 .text.__ascii_mbtowc
                0x0800822c       0x24 C:/ST/STM32CubeIDE_2.1.1/STM32CubeIDE/plugins/com.st.stm32cube.ide.mcu.externaltools.gnu-tools-for-stm32.14.3.rel1.win32_1.0.100.202602081740/tools/bin/../lib/gcc/arm-none-eabi/14.3.1/../../../../arm-none-eabi/lib/thumb/v7-m/nofp\libc_nano.a(libc_a-mbtowc_r.o)
                0x0800822c                __ascii_mbtowc
 .text.__malloc_lock
                0x08008250        0xc C:/ST/STM32CubeIDE_2.1.1/STM32CubeIDE/plugins/com.st.stm32cube.ide.mcu.externaltools.gnu-tools-for-stm32.14.3.rel1.win32_1.0.100.202602081740/tools/bin/../lib/gcc/arm-none-eabi/14.3.1/../../../../arm-none-eabi/lib/thumb/v7-m/nofp\libc_nano.a(libc_a-mlock.o)
                0x08008250                __malloc_lock
 .text.__malloc_unlock
                0x0800825c        0xc C:/ST/STM32CubeIDE_2.1.1/STM32CubeIDE/plugins/com.st.stm32cube.ide.mcu.externaltools.gnu-tools-for-stm32.14.3.rel1.win32_1.0.100.202602081740/tools/bin/../lib/gcc/arm-none-eabi/14.3.1/../../../../arm-none-eabi/lib/thumb/v7-m/nofp\libc_nano.a(libc_a-mlock.o)
                0x0800825c                __malloc_unlock
 .text._Balloc  0x08008268       0x7c C:/ST/STM32CubeIDE_2.1.1/STM32CubeIDE/plugins/com.st.stm32cube.ide.mcu.externaltools.gnu-tools-for-stm32.14.3.rel1.win32_1.0.100.202602081740/tools/bin/../lib/gcc/arm-none-eabi/14.3.1/../../../../arm-none-eabi/lib/thumb/v7-m/nofp\libc_nano.a(libc_a-mprec.o)
                0x08008268                _Balloc
 .text._Bfree   0x080082e4       0x44 C:/ST/STM32CubeIDE_2.1.1/STM32CubeIDE/plugins/com.st.stm32cube.ide.mcu.externaltools.gnu-tools-for-stm32.14.3.rel1.win32_1.0.100.202602081740/tools/bin/../lib/gcc/arm-none-eabi/14.3.1/../../../../arm-none-eabi/lib/thumb/v7-m/nofp\libc_nano.a(libc_a-mprec.o)
                0x080082e4                _Bfree
 .text.__multadd
                0x08008328       0x8c C:/ST/STM32CubeIDE_2.1.1/STM32CubeIDE/plugins/com.st.stm32cube.ide.mcu.externaltools.gnu-tools-for-stm32.14.3.rel1.win32_1.0.100.202602081740/tools/bin/../lib/gcc/arm-none-eabi/14.3.1/../../../../arm-none-eabi/lib/thumb/v7-m/nofp\libc_nano.a(libc_a-mprec.o)
                0x08008328                __multadd
 .text.__s2b    0x080083b4       0x94 C:/ST/STM32CubeIDE_2.1.1/STM32CubeIDE/plugins/com.st.stm32cube.ide.mcu.externaltools.gnu-tools-for-stm32.14.3.rel1.win32_1.0.100.202602081740/tools/bin/../lib/gcc/arm-none-eabi/14.3.1/../../../../arm-none-eabi/lib/thumb/v7-m/nofp\libc_nano.a(libc_a-mprec.o)
                0x080083b4                __s2b
 .text.__hi0bits
                0x08008448       0x3e C:/ST/STM32CubeIDE_2.1.1/STM32CubeIDE/plugins/com.st.stm32cube.ide.mcu.externaltools.gnu-tools-for-stm32.14.3.rel1.win32_1.0.100.202602081740/tools/bin/../lib/gcc/arm-none-eabi/14.3.1/../../../../arm-none-eabi/lib/thumb/v7-m/nofp\libc_nano.a(libc_a-mprec.o)
                0x08008448                __hi0bits
 .text.__lo0bits
                0x08008486       0x5a C:/ST/STM32CubeIDE_2.1.1/STM32CubeIDE/plugins/com.st.stm32cube.ide.mcu.externaltools.gnu-tools-for-stm32.14.3.rel1.win32_1.0.100.202602081740/tools/bin/../lib/gcc/arm-none-eabi/14.3.1/../../../../arm-none-eabi/lib/thumb/v7-m/nofp\libc_nano.a(libc_a-mprec.o)
                0x08008486                __lo0bits
 .text.__i2b    0x080084e0       0x2c C:/ST/STM32CubeIDE_2.1.1/STM32CubeIDE/plugins/com.st.stm32cube.ide.mcu.externaltools.gnu-tools-for-stm32.14.3.rel1.win32_1.0.100.202602081740/tools/bin/../lib/gcc/arm-none-eabi/14.3.1/../../../../arm-none-eabi/lib/thumb/v7-m/nofp\libc_nano.a(libc_a-mprec.o)
                0x080084e0                __i2b
 .text.__multiply
                0x0800850c      0x150 C:/ST/STM32CubeIDE_2.1.1/STM32CubeIDE/plugins/com.st.stm32cube.ide.mcu.externaltools.gnu-tools-for-stm32.14.3.rel1.win32_1.0.100.202602081740/tools/bin/../lib/gcc/arm-none-eabi/14.3.1/../../../../arm-none-eabi/lib/thumb/v7-m/nofp\libc_nano.a(libc_a-mprec.o)
                0x0800850c                __multiply
 .text.__pow5mult
                0x0800865c       0xb8 C:/ST/STM32CubeIDE_2.1.1/STM32CubeIDE/plugins/com.st.stm32cube.ide.mcu.externaltools.gnu-tools-for-stm32.14.3.rel1.win32_1.0.100.202602081740/tools/bin/../lib/gcc/arm-none-eabi/14.3.1/../../../../arm-none-eabi/lib/thumb/v7-m/nofp\libc_nano.a(libc_a-mprec.o)
                0x0800865c                __pow5mult
 .text.__lshift
                0x08008714       0xd8 C:/ST/STM32CubeIDE_2.1.1/STM32CubeIDE/plugins/com.st.stm32cube.ide.mcu.externaltools.gnu-tools-for-stm32.14.3.rel1.win32_1.0.100.202602081740/tools/bin/../lib/gcc/arm-none-eabi/14.3.1/../../../../arm-none-eabi/lib/thumb/v7-m/nofp\libc_nano.a(libc_a-mprec.o)
                0x08008714                __lshift
 .text.__mcmp   0x080087ec       0x36 C:/ST/STM32CubeIDE_2.1.1/STM32CubeIDE/plugins/com.st.stm32cube.ide.mcu.externaltools.gnu-tools-for-stm32.14.3.rel1.win32_1.0.100.202602081740/tools/bin/../lib/gcc/arm-none-eabi/14.3.1/../../../../arm-none-eabi/lib/thumb/v7-m/nofp\libc_nano.a(libc_a-mprec.o)
                0x080087ec                __mcmp
 *fill*         0x08008822        0x2 
 .text.__mdiff  0x08008824      0x130 C:/ST/STM32CubeIDE_2.1.1/STM32CubeIDE/plugins/com.st.stm32cube.ide.mcu.externaltools.gnu-tools-for-stm32.14.3.rel1.win32_1.0.100.202602081740/tools/bin/../lib/gcc/arm-none-eabi/14.3.1/../../../../arm-none-eabi/lib/thumb/v7-m/nofp\libc_nano.a(libc_a-mprec.o)
                0x08008824                __mdiff
 .text.__ulp    0x08008954       0x40 C:/ST/STM32CubeIDE_2.1.1/STM32CubeIDE/plugins/com.st.stm32cube.ide.mcu.externaltools.gnu-tools-for-stm32.14.3.rel1.win32_1.0.100.202602081740/tools/bin/../lib/gcc/arm-none-eabi/14.3.1/../../../../arm-none-eabi/lib/thumb/v7-m/nofp\libc_nano.a(libc_a-mprec.o)
                0x08008954                __ulp
 .text.__b2d    0x08008994       0x90 C:/ST/STM32CubeIDE_2.1.1/STM32CubeIDE/plugins/com.st.stm32cube.ide.mcu.externaltools.gnu-tools-for-stm32.14.3.rel1.win32_1.0.100.202602081740/tools/bin/../lib/gcc/arm-none-eabi/14.3.1/../../../../arm-none-eabi/lib/thumb/v7-m/nofp\libc_nano.a(libc_a-mprec.o)
                0x08008994                __b2d
 .text.__d2b    0x08008a24       0xb0 C:/ST/STM32CubeIDE_2.1.1/STM32CubeIDE/plugins/com.st.stm32cube.ide.mcu.externaltools.gnu-tools-for-stm32.14.3.rel1.win32_1.0.100.202602081740/tools/bin/../lib/gcc/arm-none-eabi/14.3.1/../../../../arm-none-eabi/lib/thumb/v7-m/nofp\libc_nano.a(libc_a-mprec.o)
                0x08008a24                __d2b
 .text.__ratio  0x08008ad4       0x60 C:/ST/STM32CubeIDE_2.1.1/STM32CubeIDE/plugins/com.st.stm32cube.ide.mcu.externaltools.gnu-tools-for-stm32.14.3.rel1.win32_1.0.100.202602081740/tools/bin/../lib/gcc/arm-none-eabi/14.3.1/../../../../arm-none-eabi/lib/thumb/v7-m/nofp\libc_nano.a(libc_a-mprec.o)
                0x08008ad4                __ratio
 .text.__copybits
                0x08008b34       0x46 C:/ST/STM32CubeIDE_2.1.1/STM32CubeIDE/plugins/com.st.stm32cube.ide.mcu.externaltools.gnu-tools-for-stm32.14.3.rel1.win32_1.0.100.202602081740/tools/bin/../lib/gcc/arm-none-eabi/14.3.1/../../../../arm-none-eabi/lib/thumb/v7-m/nofp\libc_nano.a(libc_a-mprec.o)
                0x08008b34                __copybits
 .text.__any_on
                0x08008b7a       0x42 C:/ST/STM32CubeIDE_2.1.1/STM32CubeIDE/plugins/com.st.stm32cube.ide.mcu.externaltools.gnu-tools-for-stm32.14.3.rel1.win32_1.0.100.202602081740/tools/bin/../lib/gcc/arm-none-eabi/14.3.1/../../../../arm-none-eabi/lib/thumb/v7-m/nofp\libc_nano.a(libc_a-mprec.o)
                0x08008b7a                __any_on
 .text.__ascii_wctomb
                0x08008bbc       0x1a C:/ST/STM32CubeIDE_2.1.1/STM32CubeIDE/plugins/com.st.stm32cube.ide.mcu.externaltools.gnu-tools-for-stm32.14.3.rel1.win32_1.0.100.202602081740/tools/bin/../lib/gcc/arm-none-eabi/14.3.1/../../../../arm-none-eabi/lib/thumb/v7-m/nofp\libc_nano.a(libc_a-wctomb_r.o)
                0x08008bbc                __ascii_wctomb
 .text.__ssputs_r
                0x08008bd6       0xc0 C:/ST/STM32CubeIDE_2.1.1/STM32CubeIDE/plugins/com.st.stm32cube.ide.mcu.externaltools.gnu-tools-for-stm32.14.3.rel1.win32_1.0.100.202602081740/tools/bin/../lib/gcc/arm-none-eabi/14.3.1/../../../../arm-none-eabi/lib/thumb/v7-m/nofp\libc_nano.a(libc_a-nano-svfprintf.o)
                0x08008bd6                __ssputs_r
 *fill*         0x08008c96        0x2 
 .text._svfprintf_r
                0x08008c98      0x1f0 C:/ST/STM32CubeIDE_2.1.1/STM32CubeIDE/plugins/com.st.stm32cube.ide.mcu.externaltools.gnu-tools-for-stm32.14.3.rel1.win32_1.0.100.202602081740/tools/bin/../lib/gcc/arm-none-eabi/14.3.1/../../../../arm-none-eabi/lib/thumb/v7-m/nofp\libc_nano.a(libc_a-nano-svfprintf.o)
                0x08008c98                _svfiprintf_r
                0x08008c98                _svfprintf_r
 .text._printf_common
                0x08008e88       0xe4 C:/ST/STM32CubeIDE_2.1.1/STM32CubeIDE/plugins/com.st.stm32cube.ide.mcu.externaltools.gnu-tools-for-stm32.14.3.rel1.win32_1.0.100.202602081740/tools/bin/../lib/gcc/arm-none-eabi/14.3.1/../../../../arm-none-eabi/lib/thumb/v7-m/nofp\libc_nano.a(libc_a-nano-vfprintf_i.o)
                0x08008e88                _printf_common
 .text._printf_i
                0x08008f6c      0x24c C:/ST/STM32CubeIDE_2.1.1/STM32CubeIDE/plugins/com.st.stm32cube.ide.mcu.externaltools.gnu-tools-for-stm32.14.3.rel1.win32_1.0.100.202602081740/tools/bin/../lib/gcc/arm-none-eabi/14.3.1/../../../../arm-none-eabi/lib/thumb/v7-m/nofp\libc_nano.a(libc_a-nano-vfprintf_i.o)
                0x08008f6c                _printf_i
 .text.__sflush_r
                0x080091b8       0xfc C:/ST/STM32CubeIDE_2.1.1/STM32CubeIDE/plugins/com.st.stm32cube.ide.mcu.externaltools.gnu-tools-for-stm32.14.3.rel1.win32_1.0.100.202602081740/tools/bin/../lib/gcc/arm-none-eabi/14.3.1/../../../../arm-none-eabi/lib/thumb/v7-m/nofp\libc_nano.a(libc_a-fflush.o)
                0x080091b8                __sflush_r
 .text._fflush_r
                0x080092b4       0x50 C:/ST/STM32CubeIDE_2.1.1/STM32CubeIDE/plugins/com.st.stm32cube.ide.mcu.externaltools.gnu-tools-for-stm32.14.3.rel1.win32_1.0.100.202602081740/tools/bin/../lib/gcc/arm-none-eabi/14.3.1/../../../../arm-none-eabi/lib/thumb/v7-m/nofp\libc_nano.a(libc_a-fflush.o)
                0x080092b4                _fflush_r
 .text.memmove  0x08009304       0x32 C:/ST/STM32CubeIDE_2.1.1/STM32CubeIDE/plugins/com.st.stm32cube.ide.mcu.externaltools.gnu-tools-for-stm32.14.3.rel1.win32_1.0.100.202602081740/tools/bin/../lib/gcc/arm-none-eabi/14.3.1/../../../../arm-none-eabi/lib/thumb/v7-m/nofp\libc_nano.a(libc_a-memmove.o)
                0x08009304                memmove
 *fill*         0x08009336        0x2 
 .text._sbrk_r  0x08009338       0x20 C:/ST/STM32CubeIDE_2.1.1/STM32CubeIDE/plugins/com.st.stm32cube.ide.mcu.externaltools.gnu-tools-for-stm32.14.3.rel1.win32_1.0.100.202602081740/tools/bin/../lib/gcc/arm-none-eabi/14.3.1/../../../../arm-none-eabi/lib/thumb/v7-m/nofp\libc_nano.a(libc_a-sbrkr.o)
                0x08009338                _sbrk_r
 .text.memchr   0x08009358       0x1c C:/ST/STM32CubeIDE_2.1.1/STM32CubeIDE/plugins/com.st.stm32cube.ide.mcu.externaltools.gnu-tools-for-stm32.14.3.rel1.win32_1.0.100.202602081740/tools/bin/../lib/gcc/arm-none-eabi/14.3.1/../../../../arm-none-eabi/lib/thumb/v7-m/nofp\libc_nano.a(libc_a-memchr-stub.o)
                0x08009358                memchr
 .text.__assert_func
                0x08009374       0x3c C:/ST/STM32CubeIDE_2.1.1/STM32CubeIDE/plugins/com.st.stm32cube.ide.mcu.externaltools.gnu-tools-for-stm32.14.3.rel1.win32_1.0.100.202602081740/tools/bin/../lib/gcc/arm-none-eabi/14.3.1/../../../../arm-none-eabi/lib/thumb/v7-m/nofp\libc_nano.a(libc_a-assert.o)
                0x08009374                __assert_func
 .text._calloc_r
                0x080093b0       0x28 C:/ST/STM32CubeIDE_2.1.1/STM32CubeIDE/plugins/com.st.stm32cube.ide.mcu.externaltools.gnu-tools-for-stm32.14.3.rel1.win32_1.0.100.202602081740/tools/bin/../lib/gcc/arm-none-eabi/14.3.1/../../../../arm-none-eabi/lib/thumb/v7-m/nofp\libc_nano.a(libc_a-callocr.o)
                0x080093b0                _calloc_r
 .text.malloc   0x080093d8       0x10 C:/ST/STM32CubeIDE_2.1.1/STM32CubeIDE/plugins/com.st.stm32cube.ide.mcu.externaltools.gnu-tools-for-stm32.14.3.rel1.win32_1.0.100.202602081740/tools/bin/../lib/gcc/arm-none-eabi/14.3.1/../../../../arm-none-eabi/lib/thumb/v7-m/nofp\libc_nano.a(libc_a-malloc.o)
                0x080093d8                malloc
 .text._realloc_r
                0x080093e8       0x5c C:/ST/STM32CubeIDE_2.1.1/STM32CubeIDE/plugins/com.st.stm32cube.ide.mcu.externaltools.gnu-tools-for-stm32.14.3.rel1.win32_1.0.100.202602081740/tools/bin/../lib/gcc/arm-none-eabi/14.3.1/../../../../arm-none-eabi/lib/thumb/v7-m/nofp\libc_nano.a(libc_a-reallocr.o)
                0x080093e8                _realloc_r
 .text.fprintf  0x08009444       0x24 C:/ST/STM32CubeIDE_2.1.1/STM32CubeIDE/plugins/com.st.stm32cube.ide.mcu.externaltools.gnu-tools-for-stm32.14.3.rel1.win32_1.0.100.202602081740/tools/bin/../lib/gcc/arm-none-eabi/14.3.1/../../../../arm-none-eabi/lib/thumb/v7-m/nofp\libc_nano.a(libc_a-fprintf.o)
                0x08009444                fiprintf
                0x08009444                fprintf
 .text.abort    0x08009468        0xe C:/ST/STM32CubeIDE_2.1.1/STM32CubeIDE/plugins/com.st.stm32cube.ide.mcu.externaltools.gnu-tools-for-stm32.14.3.rel1.win32_1.0.100.202602081740/tools/bin/../lib/gcc/arm-none-eabi/14.3.1/../../../../arm-none-eabi/lib/thumb/v7-m/nofp\libc_nano.a(libc_a-abort.o)
                0x08009468                abort
 .text._malloc_usable_size_r
                0x08009476       0x10 C:/ST/STM32CubeIDE_2.1.1/STM32CubeIDE/plugins/com.st.stm32cube.ide.mcu.externaltools.gnu-tools-for-stm32.14.3.rel1.win32_1.0.100.202602081740/tools/bin/../lib/gcc/arm-none-eabi/14.3.1/../../../../arm-none-eabi/lib/thumb/v7-m/nofp\libc_nano.a(libc_a-msizer.o)
                0x08009476                _malloc_usable_size_r
 .text.__sfputc_r
                0x08009486       0x2a C:/ST/STM32CubeIDE_2.1.1/STM32CubeIDE/plugins/com.st.stm32cube.ide.mcu.externaltools.gnu-tools-for-stm32.14.3.rel1.win32_1.0.100.202602081740/tools/bin/../lib/gcc/arm-none-eabi/14.3.1/../../../../arm-none-eabi/lib/thumb/v7-m/nofp\libc_nano.a(libc_a-nano-vfprintf.o)
 .text.__sfputs_r
                0x080094b0       0x24 C:/ST/STM32CubeIDE_2.1.1/STM32CubeIDE/plugins/com.st.stm32cube.ide.mcu.externaltools.gnu-tools-for-stm32.14.3.rel1.win32_1.0.100.202602081740/tools/bin/../lib/gcc/arm-none-eabi/14.3.1/../../../../arm-none-eabi/lib/thumb/v7-m/nofp\libc_nano.a(libc_a-nano-vfprintf.o)
                0x080094b0                __sfputs_r
 .text._vfprintf_r
                0x080094d4      0x228 C:/ST/STM32CubeIDE_2.1.1/STM32CubeIDE/plugins/com.st.stm32cube.ide.mcu.externaltools.gnu-tools-for-stm32.14.3.rel1.win32_1.0.100.202602081740/tools/bin/../lib/gcc/arm-none-eabi/14.3.1/../../../../arm-none-eabi/lib/thumb/v7-m/nofp\libc_nano.a(libc_a-nano-vfprintf.o)
                0x080094d4                _vfprintf_r
                0x080094d4                _vfiprintf_r
 .text.__swbuf_r
                0x080096fc       0x7c C:/ST/STM32CubeIDE_2.1.1/STM32CubeIDE/plugins/com.st.stm32cube.ide.mcu.externaltools.gnu-tools-for-stm32.14.3.rel1.win32_1.0.100.202602081740/tools/bin/../lib/gcc/arm-none-eabi/14.3.1/../../../../arm-none-eabi/lib/thumb/v7-m/nofp\libc_nano.a(libc_a-wbuf.o)
                0x080096fc                __swbuf_r
 .text.__swsetup_r
                0x08009778       0xa8 C:/ST/STM32CubeIDE_2.1.1/STM32CubeIDE/plugins/com.st.stm32cube.ide.mcu.externaltools.gnu-tools-for-stm32.14.3.rel1.win32_1.0.100.202602081740/tools/bin/../lib/gcc/arm-none-eabi/14.3.1/../../../../arm-none-eabi/lib/thumb/v7-m/nofp\libc_nano.a(libc_a-wsetup.o)
                0x08009778                __swsetup_r
 .text._raise_r
                0x08009820       0x50 C:/ST/STM32CubeIDE_2.1.1/STM32CubeIDE/plugins/com.st.stm32cube.ide.mcu.externaltools.gnu-tools-for-stm32.14.3.rel1.win32_1.0.100.202602081740/tools/bin/../lib/gcc/arm-none-eabi/14.3.1/../../../../arm-none-eabi/lib/thumb/v7-m/nofp\libc_nano.a(libc_a-signal.o)
                0x08009820                _raise_r
 .text.raise    0x08009870       0x10 C:/ST/STM32CubeIDE_2.1.1/STM32CubeIDE/plugins/com.st.stm32cube.ide.mcu.externaltools.gnu-tools-for-stm32.14.3.rel1.win32_1.0.100.202602081740/tools/bin/../lib/gcc/arm-none-eabi/14.3.1/../../../../arm-none-eabi/lib/thumb/v7-m/nofp\libc_nano.a(libc_a-signal.o)
                0x08009870                raise
 .text._kill_r  0x08009880       0x24 C:/ST/STM32CubeIDE_2.1.1/STM32CubeIDE/plugins/com.st.stm32cube.ide.mcu.externaltools.gnu-tools-for-stm32.14.3.rel1.win32_1.0.100.202602081740/tools/bin/../lib/gcc/arm-none-eabi/14.3.1/../../../../arm-none-eabi/lib/thumb/v7-m/nofp\libc_nano.a(libc_a-signalr.o)
                0x08009880                _kill_r
 .text._getpid_r
                0x080098a4        0x4 C:/ST/STM32CubeIDE_2.1.1/STM32CubeIDE/plugins/com.st.stm32cube.ide.mcu.externaltools.gnu-tools-for-stm32.14.3.rel1.win32_1.0.100.202602081740/tools/bin/../lib/gcc/arm-none-eabi/14.3.1/../../../../arm-none-eabi/lib/thumb/v7-m/nofp\libc_nano.a(libc_a-signalr.o)
                0x080098a4                _getpid_r
 .text.__swhatbuf_r
                0x080098a8       0x48 C:/ST/STM32CubeIDE_2.1.1/STM32CubeIDE/plugins/com.st.stm32cube.ide.mcu.externaltools.gnu-tools-for-stm32.14.3.rel1.win32_1.0.100.202602081740/tools/bin/../lib/gcc/arm-none-eabi/14.3.1/../../../../arm-none-eabi/lib/thumb/v7-m/nofp\libc_nano.a(libc_a-makebuf.o)
                0x080098a8                __swhatbuf_r
 .text.__smakebuf_r
                0x080098f0       0x72 C:/ST/STM32CubeIDE_2.1.1/STM32CubeIDE/plugins/com.st.stm32cube.ide.mcu.externaltools.gnu-tools-for-stm32.14.3.rel1.win32_1.0.100.202602081740/tools/bin/../lib/gcc/arm-none-eabi/14.3.1/../../../../arm-none-eabi/lib/thumb/v7-m/nofp\libc_nano.a(libc_a-makebuf.o)
                0x080098f0                __smakebuf_r
 *fill*         0x08009962        0x2 
 .text._fstat_r
                0x08009964       0x24 C:/ST/STM32CubeIDE_2.1.1/STM32CubeIDE/plugins/com.st.stm32cube.ide.mcu.externaltools.gnu-tools-for-stm32.14.3.rel1.win32_1.0.100.202602081740/tools/bin/../lib/gcc/arm-none-eabi/14.3.1/../../../../arm-none-eabi/lib/thumb/v7-m/nofp\libc_nano.a(libc_a-fstatr.o)
                0x08009964                _fstat_r
 .text._isatty_r
                0x08009988       0x20 C:/ST/STM32CubeIDE_2.1.1/STM32CubeIDE/plugins/com.st.stm32cube.ide.mcu.externaltools.gnu-tools-for-stm32.14.3.rel1.win32_1.0.100.202602081740/tools/bin/../lib/gcc/arm-none-eabi/14.3.1/../../../../arm-none-eabi/lib/thumb/v7-m/nofp\libc_nano.a(libc_a-isattyr.o)
                0x08009988                _isatty_r
 .text.pow      0x080099a8       0xdc C:/ST/STM32CubeIDE_2.1.1/STM32CubeIDE/plugins/com.st.stm32cube.ide.mcu.externaltools.gnu-tools-for-stm32.14.3.rel1.win32_1.0.100.202602081740/tools/bin/../lib/gcc/arm-none-eabi/14.3.1/../../../../arm-none-eabi/lib/thumb/v7-m/nofp\libm.a(libm_a-w_pow.o)
                0x080099a8                pow
 .text.sqrt     0x08009a84       0x50 C:/ST/STM32CubeIDE_2.1.1/STM32CubeIDE/plugins/com.st.stm32cube.ide.mcu.externaltools.gnu-tools-for-stm32.14.3.rel1.win32_1.0.100.202602081740/tools/bin/../lib/gcc/arm-none-eabi/14.3.1/../../../../arm-none-eabi/lib/thumb/v7-m/nofp\libm.a(libm_a-w_sqrt.o)
                0x08009a84                sqrt
 .text.finite   0x08009ad4        0xc C:/ST/STM32CubeIDE_2.1.1/STM32CubeIDE/plugins/com.st.stm32cube.ide.mcu.externaltools.gnu-tools-for-stm32.14.3.rel1.win32_1.0.100.202602081740/tools/bin/../lib/gcc/arm-none-eabi/14.3.1/../../../../arm-none-eabi/lib/thumb/v7-m/nofp\libm.a(libm_a-s_finite.o)
                0x08009ad4                finite
 .text.__ieee754_sqrt
                0x08009ae0      0x1dc C:/ST/STM32CubeIDE_2.1.1/STM32CubeIDE/plugins/com.st.stm32cube.ide.mcu.externaltools.gnu-tools-for-stm32.14.3.rel1.win32_1.0.100.202602081740/tools/bin/../lib/gcc/arm-none-eabi/14.3.1/../../../../arm-none-eabi/lib/thumb/v7-m/nofp\libm.a(libm_a-e_sqrt.o)
                0x08009ae0                __ieee754_sqrt
 *fill*         0x08009cbc        0x4 
 .text.floor    0x08009cc0      0x108 C:/ST/STM32CubeIDE_2.1.1/STM32CubeIDE/plugins/com.st.stm32cube.ide.mcu.externaltools.gnu-tools-for-stm32.14.3.rel1.win32_1.0.100.202602081740/tools/bin/../lib/gcc/arm-none-eabi/14.3.1/../../../../arm-none-eabi/lib/thumb/v7-m/nofp\libm.a(libm_a-s_floor.o)
                0x08009cc0                floor
 .text.__ieee754_pow
                0x08009dc8      0xbc8 C:/ST/STM32CubeIDE_2.1.1/STM32CubeIDE/plugins/com.st.stm32cube.ide.mcu.externaltools.gnu-tools-for-stm32.14.3.rel1.win32_1.0.100.202602081740/tools/bin/../lib/gcc/arm-none-eabi/14.3.1/../../../../arm-none-eabi/lib/thumb/v7-m/nofp\libm.a(libm_a-e_pow.o)
                0x08009dc8                __ieee754_pow
 .text.fabs     0x0800a990        0x8 C:/ST/STM32CubeIDE_2.1.1/STM32CubeIDE/plugins/com.st.stm32cube.ide.mcu.externaltools.gnu-tools-for-stm32.14.3.rel1.win32_1.0.100.202602081740/tools/bin/../lib/gcc/arm-none-eabi/14.3.1/../../../../arm-none-eabi/lib/thumb/v7-m/nofp\libm.a(libm_a-s_fabs.o)
                0x0800a990                fabs
 .text.scalbn   0x0800a998       0xfc C:/ST/STM32CubeIDE_2.1.1/STM32CubeIDE/plugins/com.st.stm32cube.ide.mcu.externaltools.gnu-tools-for-stm32.14.3.rel1.win32_1.0.100.202602081740/tools/bin/../lib/gcc/arm-none-eabi/14.3.1/../../../../arm-none-eabi/lib/thumb/v7-m/nofp\libm.a(libm_a-s_scalbn.o)
                0x0800a998                scalbn
 .text.with_errno
                0x0800aa94       0x18 C:/ST/STM32CubeIDE_2.1.1/STM32CubeIDE/plugins/com.st.stm32cube.ide.mcu.externaltools.gnu-tools-for-stm32.14.3.rel1.win32_1.0.100.202602081740/tools/bin/../lib/gcc/arm-none-eabi/14.3.1/../../../../arm-none-eabi/lib/thumb/v7-m/nofp\libm.a(libm_a-math_err.o)
 .text.xflow    0x0800aaac       0x30 C:/ST/STM32CubeIDE_2.1.1/STM32CubeIDE/plugins/com.st.stm32cube.ide.mcu.externaltools.gnu-tools-for-stm32.14.3.rel1.win32_1.0.100.202602081740/tools/bin/../lib/gcc/arm-none-eabi/14.3.1/../../../../arm-none-eabi/lib/thumb/v7-m/nofp\libm.a(libm_a-math_err.o)
 .text.__math_uflow
                0x0800aadc        0xc C:/ST/STM32CubeIDE_2.1.1/STM32CubeIDE/plugins/com.st.stm32cube.ide.mcu.externaltools.gnu-tools-for-stm32.14.3.rel1.win32_1.0.100.202602081740/tools/bin/../lib/gcc/arm-none-eabi/14.3.1/../../../../arm-none-eabi/lib/thumb/v7-m/nofp\libm.a(libm_a-math_err.o)
                0x0800aadc                __math_uflow
 .text.__math_oflow
                0x0800aae8        0xc C:/ST/STM32CubeIDE_2.1.1/STM32CubeIDE/plugins/com.st.stm32cube.ide.mcu.externaltools.gnu-tools-for-stm32.14.3.rel1.win32_1.0.100.202602081740/tools/bin/../lib/gcc/arm-none-eabi/14.3.1/../../../../arm-none-eabi/lib/thumb/v7-m/nofp\libm.a(libm_a-math_err.o)
                0x0800aae8                __math_oflow
 *(.glue_7)
 .glue_7        0x0800aaf4        0x0 linker stubs
 *(.glue_7t)
 .glue_7t       0x0800aaf4        0x0 linker stubs
 *(.eh_frame)
 .eh_frame      0x0800aaf4        0x0 C:/ST/STM32CubeIDE_2.1.1/STM32CubeIDE/plugins/com.st.stm32cube.ide.mcu.externaltools.gnu-tools-for-stm32.14.3.rel1.win32_1.0.100.202602081740/tools/bin/../lib/gcc/arm-none-eabi/14.3.1/thumb/v7-m/nofp/crtbegin.o
 *(.init)
 .init          0x0800aaf4        0x4 C:/ST/STM32CubeIDE_2.1.1/STM32CubeIDE/plugins/com.st.stm32cube.ide.mcu.externaltools.gnu-tools-for-stm32.14.3.rel1.win32_1.0.100.202602081740/tools/bin/../lib/gcc/arm-none-eabi/14.3.1/thumb/v7-m/nofp/crti.o
                0x0800aaf4                _init
 .init          0x0800aaf8        0x8 C:/ST/STM32CubeIDE_2.1.1/STM32CubeIDE/plugins/com.st.stm32cube.ide.mcu.externaltools.gnu-tools-for-stm32.14.3.rel1.win32_1.0.100.202602081740/tools/bin/../lib/gcc/arm-none-eabi/14.3.1/thumb/v7-m/nofp/crtn.o
 *(.fini)
 .fini          0x0800ab00        0x4 C:/ST/STM32CubeIDE_2.1.1/STM32CubeIDE/plugins/com.st.stm32cube.ide.mcu.externaltools.gnu-tools-for-stm32.14.3.rel1.win32_1.0.100.202602081740/tools/bin/../lib/gcc/arm-none-eabi/14.3.1/thumb/v7-m/nofp/crti.o
                0x0800ab00                _fini
 .fini          0x0800ab04        0x8 C:/ST/STM32CubeIDE_2.1.1/STM32CubeIDE/plugins/com.st.stm32cube.ide.mcu.externaltools.gnu-tools-for-stm32.14.3.rel1.win32_1.0.100.202602081740/tools/bin/../lib/gcc/arm-none-eabi/14.3.1/thumb/v7-m/nofp/crtn.o
                0x0800ab0c                        . = ALIGN (0x4)
                0x0800ab0c                        _etext = .

.vfp11_veneer   0x0800ab0c        0x0
 .vfp11_veneer  0x0800ab0c        0x0 linker stubs

.v4_bx          0x0800ab0c        0x0
 .v4_bx         0x0800ab0c        0x0 linker stubs

.iplt           0x0800ab0c        0x0
 .iplt          0x0800ab0c        0x0 C:/ST/STM32CubeIDE_2.1.1/STM32CubeIDE/plugins/com.st.stm32cube.ide.mcu.externaltools.gnu-tools-for-stm32.14.3.rel1.win32_1.0.100.202602081740/tools/bin/../lib/gcc/arm-none-eabi/14.3.1/thumb/v7-m/nofp/crtbegin.o

.rodata         0x0800ab10      0xd98
                0x0800ab10                        . = ALIGN (0x4)
 *(.rodata)
 .rodata        0x0800ab10       0xe9 ./Src/main_uart.o
 *fill*         0x0800abf9        0x3 
 .rodata        0x0800abfc       0x80 ./Src/task_app.o
 .rodata        0x0800ac7c        0x5 ./Src/tasks.o
 *fill*         0x0800ac81        0x3 
 .rodata        0x0800ac84       0x11 ./Src/user_uart.o
 *(.rodata*)
 *fill*         0x0800ac95        0x3 
 .rodata.EngTrModel_ConstP
                0x0800ac98      0x840 ./Src/EngTrModel_data.o
                0x0800ac98                EngTrModel_ConstP
 .rodata.uxTopUsedPriority
                0x0800b4d8        0x4 ./Src/tasks.o
 .rodata._strtod_l.str1.1
                0x0800b4dc      0x166 C:/ST/STM32CubeIDE_2.1.1/STM32CubeIDE/plugins/com.st.stm32cube.ide.mcu.externaltools.gnu-tools-for-stm32.14.3.rel1.win32_1.0.100.202602081740/tools/bin/../lib/gcc/arm-none-eabi/14.3.1/../../../../arm-none-eabi/lib/thumb/v7-m/nofp\libc_nano.a(libc_a-strtod.o)
                                  0xf (size before relaxing)
 *fill*         0x0800b642        0x2 
 .rodata.fpinan.0
                0x0800b644       0x14 C:/ST/STM32CubeIDE_2.1.1/STM32CubeIDE/plugins/com.st.stm32cube.ide.mcu.externaltools.gnu-tools-for-stm32.14.3.rel1.win32_1.0.100.202602081740/tools/bin/../lib/gcc/arm-none-eabi/14.3.1/../../../../arm-none-eabi/lib/thumb/v7-m/nofp\libc_nano.a(libc_a-strtod.o)
 .rodata.fpi.1  0x0800b658       0x14 C:/ST/STM32CubeIDE_2.1.1/STM32CubeIDE/plugins/com.st.stm32cube.ide.mcu.externaltools.gnu-tools-for-stm32.14.3.rel1.win32_1.0.100.202602081740/tools/bin/../lib/gcc/arm-none-eabi/14.3.1/../../../../arm-none-eabi/lib/thumb/v7-m/nofp\libc_nano.a(libc_a-strtod.o)
 *fill*         0x0800b66c        0x4 
 .rodata.tinytens
                0x0800b670       0x28 C:/ST/STM32CubeIDE_2.1.1/STM32CubeIDE/plugins/com.st.stm32cube.ide.mcu.externaltools.gnu-tools-for-stm32.14.3.rel1.win32_1.0.100.202602081740/tools/bin/../lib/gcc/arm-none-eabi/14.3.1/../../../../arm-none-eabi/lib/thumb/v7-m/nofp\libc_nano.a(libc_a-strtod.o)
 .rodata._ctype_
                0x0800b698      0x101 C:/ST/STM32CubeIDE_2.1.1/STM32CubeIDE/plugins/com.st.stm32cube.ide.mcu.externaltools.gnu-tools-for-stm32.14.3.rel1.win32_1.0.100.202602081740/tools/bin/../lib/gcc/arm-none-eabi/14.3.1/../../../../arm-none-eabi/lib/thumb/v7-m/nofp\libc_nano.a(libc_a-ctype_.o)
                0x0800b698                _ctype_
 .rodata._setlocale_r.str1.1
                0x0800b799        0x9 C:/ST/STM32CubeIDE_2.1.1/STM32CubeIDE/plugins/com.st.stm32cube.ide.mcu.externaltools.gnu-tools-for-stm32.14.3.rel1.win32_1.0.100.202602081740/tools/bin/../lib/gcc/arm-none-eabi/14.3.1/../../../../arm-none-eabi/lib/thumb/v7-m/nofp\libc_nano.a(libc_a-locale.o)
 .rodata.str1.1
                0x0800b799        0x2 C:/ST/STM32CubeIDE_2.1.1/STM32CubeIDE/plugins/com.st.stm32cube.ide.mcu.externaltools.gnu-tools-for-stm32.14.3.rel1.win32_1.0.100.202602081740/tools/bin/../lib/gcc/arm-none-eabi/14.3.1/../../../../arm-none-eabi/lib/thumb/v7-m/nofp\libc_nano.a(libc_a-locale.o)
 .rodata.__gethex.str1.1
                0x0800b799       0x73 C:/ST/STM32CubeIDE_2.1.1/STM32CubeIDE/plugins/com.st.stm32cube.ide.mcu.externaltools.gnu-tools-for-stm32.14.3.rel1.win32_1.0.100.202602081740/tools/bin/../lib/gcc/arm-none-eabi/14.3.1/../../../../arm-none-eabi/lib/thumb/v7-m/nofp\libc_nano.a(libc_a-gdtoa-gethex.o)
 .rodata._Balloc.str1.1
                0x0800b799       0x70 C:/ST/STM32CubeIDE_2.1.1/STM32CubeIDE/plugins/com.st.stm32cube.ide.mcu.externaltools.gnu-tools-for-stm32.14.3.rel1.win32_1.0.100.202602081740/tools/bin/../lib/gcc/arm-none-eabi/14.3.1/../../../../arm-none-eabi/lib/thumb/v7-m/nofp\libc_nano.a(libc_a-mprec.o)
 .rodata.__multadd.str1.1
                0x0800b799       0x11 C:/ST/STM32CubeIDE_2.1.1/STM32CubeIDE/plugins/com.st.stm32cube.ide.mcu.externaltools.gnu-tools-for-stm32.14.3.rel1.win32_1.0.100.202602081740/tools/bin/../lib/gcc/arm-none-eabi/14.3.1/../../../../arm-none-eabi/lib/thumb/v7-m/nofp\libc_nano.a(libc_a-mprec.o)
 *fill*         0x0800b799        0x3 
 .rodata.p05.0  0x0800b79c        0xc C:/ST/STM32CubeIDE_2.1.1/STM32CubeIDE/plugins/com.st.stm32cube.ide.mcu.externaltools.gnu-tools-for-stm32.14.3.rel1.win32_1.0.100.202602081740/tools/bin/../lib/gcc/arm-none-eabi/14.3.1/../../../../arm-none-eabi/lib/thumb/v7-m/nofp\libc_nano.a(libc_a-mprec.o)
 .rodata.__mprec_bigtens
                0x0800b7a8       0x28 C:/ST/STM32CubeIDE_2.1.1/STM32CubeIDE/plugins/com.st.stm32cube.ide.mcu.externaltools.gnu-tools-for-stm32.14.3.rel1.win32_1.0.100.202602081740/tools/bin/../lib/gcc/arm-none-eabi/14.3.1/../../../../arm-none-eabi/lib/thumb/v7-m/nofp\libc_nano.a(libc_a-mprec.o)
                0x0800b7a8                __mprec_bigtens
 .rodata.__mprec_tens
                0x0800b7d0       0xc8 C:/ST/STM32CubeIDE_2.1.1/STM32CubeIDE/plugins/com.st.stm32cube.ide.mcu.externaltools.gnu-tools-for-stm32.14.3.rel1.win32_1.0.100.202602081740/tools/bin/../lib/gcc/arm-none-eabi/14.3.1/../../../../arm-none-eabi/lib/thumb/v7-m/nofp\libc_nano.a(libc_a-mprec.o)
                0x0800b7d0                __mprec_tens
 .rodata._svfprintf_r.str1.1
                0x0800b898       0x11 C:/ST/STM32CubeIDE_2.1.1/STM32CubeIDE/plugins/com.st.stm32cube.ide.mcu.externaltools.gnu-tools-for-stm32.14.3.rel1.win32_1.0.100.202602081740/tools/bin/../lib/gcc/arm-none-eabi/14.3.1/../../../../arm-none-eabi/lib/thumb/v7-m/nofp\libc_nano.a(libc_a-nano-svfprintf.o)
 .rodata._printf_i.str1.1
                0x0800b898       0x22 C:/ST/STM32CubeIDE_2.1.1/STM32CubeIDE/plugins/com.st.stm32cube.ide.mcu.externaltools.gnu-tools-for-stm32.14.3.rel1.win32_1.0.100.202602081740/tools/bin/../lib/gcc/arm-none-eabi/14.3.1/../../../../arm-none-eabi/lib/thumb/v7-m/nofp\libc_nano.a(libc_a-nano-vfprintf_i.o)
 .rodata.__assert_func.str1.1
                0x0800b898       0x3d C:/ST/STM32CubeIDE_2.1.1/STM32CubeIDE/plugins/com.st.stm32cube.ide.mcu.externaltools.gnu-tools-for-stm32.14.3.rel1.win32_1.0.100.202602081740/tools/bin/../lib/gcc/arm-none-eabi/14.3.1/../../../../arm-none-eabi/lib/thumb/v7-m/nofp\libc_nano.a(libc_a-assert.o)
 .rodata._vfprintf_r.str1.1
                0x0800b898       0x11 C:/ST/STM32CubeIDE_2.1.1/STM32CubeIDE/plugins/com.st.stm32cube.ide.mcu.externaltools.gnu-tools-for-stm32.14.3.rel1.win32_1.0.100.202602081740/tools/bin/../lib/gcc/arm-none-eabi/14.3.1/../../../../arm-none-eabi/lib/thumb/v7-m/nofp\libc_nano.a(libc_a-nano-vfprintf.o)
 .rodata.tiny   0x0800b898        0x8 C:/ST/STM32CubeIDE_2.1.1/STM32CubeIDE/plugins/com.st.stm32cube.ide.mcu.externaltools.gnu-tools-for-stm32.14.3.rel1.win32_1.0.100.202602081740/tools/bin/../lib/gcc/arm-none-eabi/14.3.1/../../../../arm-none-eabi/lib/thumb/v7-m/nofp\libm.a(libm_a-e_sqrt.o)
 .rodata.one    0x0800b8a0        0x8 C:/ST/STM32CubeIDE_2.1.1/STM32CubeIDE/plugins/com.st.stm32cube.ide.mcu.externaltools.gnu-tools-for-stm32.14.3.rel1.win32_1.0.100.202602081740/tools/bin/../lib/gcc/arm-none-eabi/14.3.1/../../../../arm-none-eabi/lib/thumb/v7-m/nofp\libm.a(libm_a-e_sqrt.o)
                0x0800b8d8                        . = ALIGN (0x4)

.ARM.extab      0x0800b8a8        0x0
                0x0800b8a8                        . = ALIGN (0x4)
 *(.ARM.extab* .gnu.linkonce.armextab.*)
                0x0800b8a8                        . = ALIGN (0x4)

.ARM            0x0800b8a8        0x8
                0x0800b8a8                        . = ALIGN (0x4)
                0x0800b8a8                        __exidx_start = .
 *(.ARM.exidx*)
 .ARM.exidx     0x0800b8a8        0x8 C:/ST/STM32CubeIDE_2.1.1/STM32CubeIDE/plugins/com.st.stm32cube.ide.mcu.externaltools.gnu-tools-for-stm32.14.3.rel1.win32_1.0.100.202602081740/tools/bin/../lib/gcc/arm-none-eabi/14.3.1/../../../../arm-none-eabi/lib/thumb/v7-m/nofp\libc_nano.a(libc_a-strlen.o)
                0x0800b8b0                        __exidx_end = .
                0x0800b8b0                        . = ALIGN (0x4)

.preinit_array  0x0800b8b0        0x0
                0x0800b8b0                        . = ALIGN (0x4)
                0x0800b8b0                        PROVIDE (__preinit_array_start = .)
 *(.preinit_array*)
                0x0800b8b0                        PROVIDE (__preinit_array_end = .)
                0x0800b8b0                        . = ALIGN (0x4)

.init_array     0x0800b8b0        0x4
                0x0800b8b0                        . = ALIGN (0x4)
                0x0800b8b0                        PROVIDE (__init_array_start = .)
 *(SORT_BY_NAME(.init_array.*))
 *(.init_array*)
 .init_array    0x0800b8b0        0x4 C:/ST/STM32CubeIDE_2.1.1/STM32CubeIDE/plugins/com.st.stm32cube.ide.mcu.externaltools.gnu-tools-for-stm32.14.3.rel1.win32_1.0.100.202602081740/tools/bin/../lib/gcc/arm-none-eabi/14.3.1/thumb/v7-m/nofp/crtbegin.o
                0x0800b8b4                        PROVIDE (__init_array_end = .)
                0x0800b8b4                        . = ALIGN (0x4)

.fini_array     0x0800b8b4        0x4
                0x0800b8b4                        . = ALIGN (0x4)
                [!provide]                        PROVIDE (__fini_array_start = .)
 *(SORT_BY_NAME(.fini_array.*))
 *(.fini_array*)
 .fini_array    0x0800b8b4        0x4 C:/ST/STM32CubeIDE_2.1.1/STM32CubeIDE/plugins/com.st.stm32cube.ide.mcu.externaltools.gnu-tools-for-stm32.14.3.rel1.win32_1.0.100.202602081740/tools/bin/../lib/gcc/arm-none-eabi/14.3.1/thumb/v7-m/nofp/crtbegin.o
                [!provide]                        PROVIDE (__fini_array_end = .)
                0x0800b8b8                        . = ALIGN (0x4)
                0x0800b8b8                        _sidata = LOADADDR (.data)

.rel.dyn        0x0800b8b8        0x0
 .rel.iplt      0x0800b8b8        0x0 C:/ST/STM32CubeIDE_2.1.1/STM32CubeIDE/plugins/com.st.stm32cube.ide.mcu.externaltools.gnu-tools-for-stm32.14.3.rel1.win32_1.0.100.202602081740/tools/bin/../lib/gcc/arm-none-eabi/14.3.1/thumb/v7-m/nofp/crtbegin.o

.data           0x20000000      0x1cc load address 0x0800b8b8
                0x20000000                        . = ALIGN (0x4)
                0x20000000                        _sdata = .
 *(.data)
 *(.data*)
 .data.uxCriticalNesting
                0x20000000        0x4 ./Src/port.o
 .data.__sglue  0x20000004        0xc C:/ST/STM32CubeIDE_2.1.1/STM32CubeIDE/plugins/com.st.stm32cube.ide.mcu.externaltools.gnu-tools-for-stm32.14.3.rel1.win32_1.0.100.202602081740/tools/bin/../lib/gcc/arm-none-eabi/14.3.1/../../../../arm-none-eabi/lib/thumb/v7-m/nofp\libc_nano.a(libc_a-findfp.o)
                0x20000004                __sglue
 .data.__global_locale
                0x20000010      0x16c C:/ST/STM32CubeIDE_2.1.1/STM32CubeIDE/plugins/com.st.stm32cube.ide.mcu.externaltools.gnu-tools-for-stm32.14.3.rel1.win32_1.0.100.202602081740/tools/bin/../lib/gcc/arm-none-eabi/14.3.1/../../../../arm-none-eabi/lib/thumb/v7-m/nofp\libc_nano.a(libc_a-locale.o)
                0x20000010                __global_locale
 .data._impure_ptr
                0x2000017c        0x4 C:/ST/STM32CubeIDE_2.1.1/STM32CubeIDE/plugins/com.st.stm32cube.ide.mcu.externaltools.gnu-tools-for-stm32.14.3.rel1.win32_1.0.100.202602081740/tools/bin/../lib/gcc/arm-none-eabi/14.3.1/../../../../arm-none-eabi/lib/thumb/v7-m/nofp\libc_nano.a(libc_a-impure.o)
                0x2000017c                _impure_ptr
 .data._impure_data
                0x20000180       0x4c C:/ST/STM32CubeIDE_2.1.1/STM32CubeIDE/plugins/com.st.stm32cube.ide.mcu.externaltools.gnu-tools-for-stm32.14.3.rel1.win32_1.0.100.202602081740/tools/bin/../lib/gcc/arm-none-eabi/14.3.1/../../../../arm-none-eabi/lib/thumb/v7-m/nofp\libc_nano.a(libc_a-impure.o)
                0x20000180                _impure_data
 *(.RamFunc)
 *(.RamFunc*)
                0x200001cc                        . = ALIGN (0x4)
                0x200001cc                        _edata = .

.igot.plt       0x200001cc        0x0 load address 0x0800ba84
 .igot.plt      0x200001cc        0x0 C:/ST/STM32CubeIDE_2.1.1/STM32CubeIDE/plugins/com.st.stm32cube.ide.mcu.externaltools.gnu-tools-for-stm32.14.3.rel1.win32_1.0.100.202602081740/tools/bin/../lib/gcc/arm-none-eabi/14.3.1/thumb/v7-m/nofp/crtbegin.o
                0x200001cc                        . = ALIGN (0x4)

.bss            0x200001d0     0x3bd8 load address 0x0800ba84
                0x200001d0                        _sbss = .
                0x200001d0                        __bss_start__ = _sbss
 *(.bss)
 .bss           0x200001d0       0x1c C:/ST/STM32CubeIDE_2.1.1/STM32CubeIDE/plugins/com.st.stm32cube.ide.mcu.externaltools.gnu-tools-for-stm32.14.3.rel1.win32_1.0.100.202602081740/tools/bin/../lib/gcc/arm-none-eabi/14.3.1/thumb/v7-m/nofp/crtbegin.o
 *(.bss*)
 *fill*         0x200001ec        0x4 
 .bss.EngTrModel_B
                0x200001f0       0x30 ./Src/EngTrModel.o
                0x200001f0                EngTrModel_B
 .bss.EngTrModel_DW
                0x20000220       0x28 ./Src/EngTrModel.o
                0x20000220                EngTrModel_DW
 .bss.EngTrModel_U
                0x20000248       0x10 ./Src/EngTrModel.o
                0x20000248                EngTrModel_U
 .bss.EngTrModel_Y
                0x20000258       0x18 ./Src/EngTrModel.o
                0x20000258                EngTrModel_Y
 .bss.ucHeap    0x20000270     0x3800 ./Src/heap_4.o
 .bss.xStart    0x20003a70        0x8 ./Src/heap_4.o
 .bss.pxEnd     0x20003a78        0x4 ./Src/heap_4.o
 .bss.xFreeBytesRemaining
                0x20003a7c        0x4 ./Src/heap_4.o
 .bss.xMinimumEverFreeBytesRemaining
                0x20003a80        0x4 ./Src/heap_4.o
 .bss.xNumberOfSuccessfulAllocations
                0x20003a84        0x4 ./Src/heap_4.o
 .bss.xNumberOfSuccessfulFrees
                0x20003a88        0x4 ./Src/heap_4.o
 .bss.ucMaxSysCallPriority
                0x20003a8c        0x1 ./Src/port.o
 *fill*         0x20003a8d        0x3 
 .bss.ulMaxPRIGROUPValue
                0x20003a90        0x4 ./Src/port.o
 .bss.xQueueRegistry
                0x20003a94       0x20 ./Src/queue.o
                0x20003a94                xQueueRegistry
 *fill*         0x20003ab4        0x4 
 .bss.rtInf     0x20003ab8        0x8 ./Src/rt_nonfinite.o
                0x20003ab8                rtInf
 .bss.rtMinusInf
                0x20003ac0        0x8 ./Src/rt_nonfinite.o
                0x20003ac0                rtMinusInf
 .bss.rtNaN     0x20003ac8        0x8 ./Src/rt_nonfinite.o
                0x20003ac8                rtNaN
 .bss.rtInfF    0x20003ad0        0x4 ./Src/rt_nonfinite.o
                0x20003ad0                rtInfF
 .bss.rtMinusInfF
                0x20003ad4        0x4 ./Src/rt_nonfinite.o
                0x20003ad4                rtMinusInfF
 .bss.rtNaNF    0x20003ad8        0x4 ./Src/rt_nonfinite.o
                0x20003ad8                rtNaNF
 .bss.__sbrk_heap_end
                0x20003adc        0x4 ./Src/sysmem.o
 .bss.xThrottleQueue
                0x20003ae0        0x4 ./Src/task_app.o
                0x20003ae0                xThrottleQueue
 .bss.xBrakeQueue
                0x20003ae4        0x4 ./Src/task_app.o
                0x20003ae4                xBrakeQueue
 .bss.xTelemetryOutputQueue
                0x20003ae8        0x4 ./Src/task_app.o
                0x20003ae8                xTelemetryOutputQueue
 .bss.xLCDOutputQueue
                0x20003aec        0x4 ./Src/task_app.o
                0x20003aec                xLCDOutputQueue
 .bss.xRemoteQueue
                0x20003af0        0x4 ./Src/task_app.o
                0x20003af0                xRemoteQueue
 .bss.xControlTaskHandle
                0x20003af4        0x4 ./Src/task_app.o
                0x20003af4                xControlTaskHandle
 .bss.xADCTaskHandle
                0x20003af8        0x4 ./Src/task_app.o
                0x20003af8                xADCTaskHandle
 .bss.localThrottlePercent.3
                0x20003afc        0x1 ./Src/task_app.o
 .bss.localBrakeActive.2
                0x20003afd        0x1 ./Src/task_app.o
 *fill*         0x20003afe        0x2 
 .bss.smoothedThrottle.1
                0x20003b00        0x8 ./Src/task_app.o
 .bss.smoothedBrake.0
                0x20003b08        0x8 ./Src/task_app.o
 .bss.pxCurrentTCB
                0x20003b10        0x4 ./Src/tasks.o
                0x20003b10                pxCurrentTCB
 .bss.pxReadyTasksLists
                0x20003b14       0x64 ./Src/tasks.o
 .bss.xDelayedTaskList1
                0x20003b78       0x14 ./Src/tasks.o
 .bss.xDelayedTaskList2
                0x20003b8c       0x14 ./Src/tasks.o
 .bss.pxDelayedTaskList
                0x20003ba0        0x4 ./Src/tasks.o
 .bss.pxOverflowDelayedTaskList
                0x20003ba4        0x4 ./Src/tasks.o
 .bss.xPendingReadyList
                0x20003ba8       0x14 ./Src/tasks.o
 .bss.xTasksWaitingTermination
                0x20003bbc       0x14 ./Src/tasks.o
 .bss.uxDeletedTasksWaitingCleanUp
                0x20003bd0        0x4 ./Src/tasks.o
 .bss.xSuspendedTaskList
                0x20003bd4       0x14 ./Src/tasks.o
 .bss.uxCurrentNumberOfTasks
                0x20003be8        0x4 ./Src/tasks.o
 .bss.xTickCount
                0x20003bec        0x4 ./Src/tasks.o
 .bss.uxTopReadyPriority
                0x20003bf0        0x4 ./Src/tasks.o
 .bss.xSchedulerRunning
                0x20003bf4        0x4 ./Src/tasks.o
 .bss.xPendedTicks
                0x20003bf8        0x4 ./Src/tasks.o
 .bss.xYieldPendings
                0x20003bfc        0x4 ./Src/tasks.o
 .bss.xNumOfOverflows
                0x20003c00        0x4 ./Src/tasks.o
 .bss.uxTaskNumber
                0x20003c04        0x4 ./Src/tasks.o
 .bss.xNextTaskUnblockTime
                0x20003c08        0x4 ./Src/tasks.o
 .bss.xIdleTaskHandles
                0x20003c0c        0x4 ./Src/tasks.o
 .bss.uxSchedulerSuspended
                0x20003c10        0x4 ./Src/tasks.o
 .bss.lastRightEncoder
                0x20003c14        0x2 ./Src/user_motor.o
 .bss.lastLeftEncoder
                0x20003c16        0x2 ./Src/user_motor.o
 .bss.USER_UART_RxBuffer
                0x20003c18       0x40 ./Src/user_uart.o
                0x20003c18                USER_UART_RxBuffer
 .bss.USER_UART_RxReady
                0x20003c58        0x1 ./Src/user_uart.o
                0x20003c58                USER_UART_RxReady
 .bss.rx_idx    0x20003c59        0x1 ./Src/user_uart.o
 *fill*         0x20003c5a        0x2 
 .bss.__sf      0x20003c5c      0x138 C:/ST/STM32CubeIDE_2.1.1/STM32CubeIDE/plugins/com.st.stm32cube.ide.mcu.externaltools.gnu-tools-for-stm32.14.3.rel1.win32_1.0.100.202602081740/tools/bin/../lib/gcc/arm-none-eabi/14.3.1/../../../../arm-none-eabi/lib/thumb/v7-m/nofp\libc_nano.a(libc_a-findfp.o)
                0x20003c5c                __sf
 .bss.__stdio_exit_handler
                0x20003d94        0x4 C:/ST/STM32CubeIDE_2.1.1/STM32CubeIDE/plugins/com.st.stm32cube.ide.mcu.externaltools.gnu-tools-for-stm32.14.3.rel1.win32_1.0.100.202602081740/tools/bin/../lib/gcc/arm-none-eabi/14.3.1/../../../../arm-none-eabi/lib/thumb/v7-m/nofp\libc_nano.a(libc_a-findfp.o)
                0x20003d94                __stdio_exit_handler
 .bss.errno     0x20003d98        0x4 C:/ST/STM32CubeIDE_2.1.1/STM32CubeIDE/plugins/com.st.stm32cube.ide.mcu.externaltools.gnu-tools-for-stm32.14.3.rel1.win32_1.0.100.202602081740/tools/bin/../lib/gcc/arm-none-eabi/14.3.1/../../../../arm-none-eabi/lib/thumb/v7-m/nofp\libc_nano.a(libc_a-reent.o)
                0x20003d98                errno
 .bss.__lock___malloc_recursive_mutex
                0x20003d9c        0x1 C:/ST/STM32CubeIDE_2.1.1/STM32CubeIDE/plugins/com.st.stm32cube.ide.mcu.externaltools.gnu-tools-for-stm32.14.3.rel1.win32_1.0.100.202602081740/tools/bin/../lib/gcc/arm-none-eabi/14.3.1/../../../../arm-none-eabi/lib/thumb/v7-m/nofp\libc_nano.a(libc_a-lock.o)
                0x20003d9c                __lock___malloc_recursive_mutex
 .bss.__lock___sfp_recursive_mutex
                0x20003d9d        0x1 C:/ST/STM32CubeIDE_2.1.1/STM32CubeIDE/plugins/com.st.stm32cube.ide.mcu.externaltools.gnu-tools-for-stm32.14.3.rel1.win32_1.0.100.202602081740/tools/bin/../lib/gcc/arm-none-eabi/14.3.1/../../../../arm-none-eabi/lib/thumb/v7-m/nofp\libc_nano.a(libc_a-lock.o)
                0x20003d9d                __lock___sfp_recursive_mutex
 *fill*         0x20003d9e        0x2 
 .bss.__malloc_sbrk_start
                0x20003da0        0x4 C:/ST/STM32CubeIDE_2.1.1/STM32CubeIDE/plugins/com.st.stm32cube.ide.mcu.externaltools.gnu-tools-for-stm32.14.3.rel1.win32_1.0.100.202602081740/tools/bin/../lib/gcc/arm-none-eabi/14.3.1/../../../../arm-none-eabi/lib/thumb/v7-m/nofp\libc_nano.a(libc_a-mallocr.o)
                0x20003da0                __malloc_sbrk_start
 .bss.__malloc_free_list
                0x20003da4        0x4 C:/ST/STM32CubeIDE_2.1.1/STM32CubeIDE/plugins/com.st.stm32cube.ide.mcu.externaltools.gnu-tools-for-stm32.14.3.rel1.win32_1.0.100.202602081740/tools/bin/../lib/gcc/arm-none-eabi/14.3.1/../../../../arm-none-eabi/lib/thumb/v7-m/nofp\libc_nano.a(libc_a-mallocr.o)
                0x20003da4                __malloc_free_list
 *(COMMON)
                0x20003da8                        . = ALIGN (0x4)
                0x20003da8                        _ebss = .
                0x20003da8                        __bss_end__ = _ebss

._user_heap_stack
                0x20003da8      0x600 load address 0x0800ba84
                0x20003da8                        . = ALIGN (0x8)
                [!provide]                        PROVIDE (end = .)
                0x20003da8                        PROVIDE (_end = .)
                0x20003fa8                        . = (. + _Min_Heap_Size)
 *fill*         0x20003da8      0x200 
                0x200043a8                        . = (. + _Min_Stack_Size)