Archive member included to satisfy reference by file (symbol)

C:/ST/STM32CubeIDE_2.1.1/STM32CubeIDE/plugins/com.st.stm32cube.ide.mcu.externaltools.gnu-tools-for-stm32.14.3.rel1.win32_1.0.100.202602081740/tools/bin/../lib/gcc/arm-none-eabi/14.3.1/../../../../arm-none-eabi/lib/thumb/v7-m/nofp\libc_nano.a(libc_a-exit.o)
                              C:/ST/STM32CubeIDE_2.1.1/STM32CubeIDE/plugins/com.st.stm32cube.ide.mcu.externaltools.gnu-tools-for-stm32.14.3.rel1.win32_1.0.100.202602081740/tools/bin/../lib/gcc/arm-none-eabi/14.3.1/../../../../arm-none-eabi/lib/thumb/v7-m/nofp/crt0.o (exit)
C:/ST/STM32CubeIDE_2.1.1/STM32CubeIDE/plugins/com.st.stm32cube.ide.mcu.externaltools.gnu-tools-for-stm32.14.3.rel1.win32_1.0.100.202602081740/tools/bin/../lib/gcc/arm-none-eabi/14.3.1/../../../../arm-none-eabi/lib/thumb/v7-m/nofp\libc_nano.a(libc_a-findfp.o)
                              C:/ST/STM32CubeIDE_2.1.1/STM32CubeIDE/plugins/com.st.stm32cube.ide.mcu.externaltools.gnu-tools-for-stm32.14.3.rel1.win32_1.0.100.202602081740/tools/bin/../lib/gcc/arm-none-eabi/14.3.1/../../../../arm-none-eabi/lib/thumb/v7-m/nofp\libc_nano.a(libc_a-exit.o) (__stdio_exit_handler)
C:/ST/STM32CubeIDE_2.1.1/STM32CubeIDE/plugins/com.st.stm32cube.ide.mcu.externaltools.gnu-tools-for-stm32.14.3.rel1.win32_1.0.100.202602081740/tools/bin/../lib/gcc/arm-none-eabi/14.3.1/../../../../arm-none-eabi/lib/thumb/v7-m/nofp\libc_nano.a(libc_a-fwalk.o)
                              C:/ST/STM32CubeIDE_2.1.1/STM32CubeIDE/plugins/com.st.stm32cube.ide.mcu.externaltools.gnu-tools-for-stm32.14.3.rel1.win32_1.0.100.202602081740/tools/bin/../lib/gcc/arm-none-eabi/14.3.1/../../../../arm-none-eabi/lib/thumb/v7-m/nofp\libc_nano.a(libc_a-findfp.o) (_fwalk_sglue)
C:/ST/STM32CubeIDE_2.1.1/STM32CubeIDE/plugins/com.st.stm32cube.ide.mcu.externaltools.gnu-tools-for-stm32.14.3.rel1.win32_1.0.100.202602081740/tools/bin/../lib/gcc/arm-none-eabi/14.3.1/../../../../arm-none-eabi/lib/thumb/v7-m/nofp\libc_nano.a(libc_a-snprintf.o)
                              ./Src/main_uart.o (snprintf)
C:/ST/STM32CubeIDE_2.1.1/STM32CubeIDE/plugins/com.st.stm32cube.ide.mcu.externaltools.gnu-tools-for-stm32.14.3.rel1.win32_1.0.100.202602081740/tools/bin/../lib/gcc/arm-none-eabi/14.3.1/../../../../arm-none-eabi/lib/thumb/v7-m/nofp\libc_nano.a(libc_a-stdio.o)
                              C:/ST/STM32CubeIDE_2.1.1/STM32CubeIDE/plugins/com.st.stm32cube.ide.mcu.externaltools.gnu-tools-for-stm32.14.3.rel1.win32_1.0.100.202602081740/tools/bin/../lib/gcc/arm-none-eabi/14.3.1/../../../../arm-none-eabi/lib/thumb/v7-m/nofp\libc_nano.a(libc_a-findfp.o) (__sread)
C:/ST/STM32CubeIDE_2.1.1/STM32CubeIDE/plugins/com.st.stm32cube.ide.mcu.externaltools.gnu-tools-for-stm32.14.3.rel1.win32_1.0.100.202602081740/tools/bin/../lib/gcc/arm-none-eabi/14.3.1/../../../../arm-none-eabi/lib/thumb/v7-m/nofp\libc_nano.a(libc_a-memset.o)
                              C:/ST/STM32CubeIDE_2.1.1/STM32CubeIDE/plugins/com.st.stm32cube.ide.mcu.externaltools.gnu-tools-for-stm32.14.3.rel1.win32_1.0.100.202602081740/tools/bin/../lib/gcc/arm-none-eabi/14.3.1/../../../../arm-none-eabi/lib/thumb/v7-m/nofp/crt0.o (memset)
C:/ST/STM32CubeIDE_2.1.1/STM32CubeIDE/plugins/com.st.stm32cube.ide.mcu.externaltools.gnu-tools-for-stm32.14.3.rel1.win32_1.0.100.202602081740/tools/bin/../lib/gcc/arm-none-eabi/14.3.1/../../../../arm-none-eabi/lib/thumb/v7-m/nofp\libc_nano.a(libc_a-closer.o)
                              C:/ST/STM32CubeIDE_2.1.1/STM32CubeIDE/plugins/com.st.stm32cube.ide.mcu.externaltools.gnu-tools-for-stm32.14.3.rel1.win32_1.0.100.202602081740/tools/bin/../lib/gcc/arm-none-eabi/14.3.1/../../../../arm-none-eabi/lib/thumb/v7-m/nofp\libc_nano.a(libc_a-stdio.o) (_close_r)
C:/ST/STM32CubeIDE_2.1.1/STM32CubeIDE/plugins/com.st.stm32cube.ide.mcu.externaltools.gnu-tools-for-stm32.14.3.rel1.win32_1.0.100.202602081740/tools/bin/../lib/gcc/arm-none-eabi/14.3.1/../../../../arm-none-eabi/lib/thumb/v7-m/nofp\libc_nano.a(libc_a-reent.o)
                              C:/ST/STM32CubeIDE_2.1.1/STM32CubeIDE/plugins/com.st.stm32cube.ide.mcu.externaltools.gnu-tools-for-stm32.14.3.rel1.win32_1.0.100.202602081740/tools/bin/../lib/gcc/arm-none-eabi/14.3.1/../../../../arm-none-eabi/lib/thumb/v7-m/nofp\libc_nano.a(libc_a-closer.o) (errno)
C:/ST/STM32CubeIDE_2.1.1/STM32CubeIDE/plugins/com.st.stm32cube.ide.mcu.externaltools.gnu-tools-for-stm32.14.3.rel1.win32_1.0.100.202602081740/tools/bin/../lib/gcc/arm-none-eabi/14.3.1/../../../../arm-none-eabi/lib/thumb/v7-m/nofp\libc_nano.a(libc_a-impure.o)
                              C:/ST/STM32CubeIDE_2.1.1/STM32CubeIDE/plugins/com.st.stm32cube.ide.mcu.externaltools.gnu-tools-for-stm32.14.3.rel1.win32_1.0.100.202602081740/tools/bin/../lib/gcc/arm-none-eabi/14.3.1/../../../../arm-none-eabi/lib/thumb/v7-m/nofp\libc_nano.a(libc_a-snprintf.o) (_impure_ptr)
[...]
Memory Configuration

Name             Origin             Length             Attributes
RAM              0x20000000         0x00005000         xrw
FLASH            0x08000000         0x00020000         xr
*default*        0x00000000         0xffffffff

Linker script and memory map

LOAD C:/ST/STM32CubeIDE_2.1.1/STM32CubeIDE/plugins/com.st.stm32cube.ide.mcu.externaltools.gnu-tools-for-stm32.14.3.rel1.win32_1.0.100.202602081740/tools/bin/../lib/gcc/arm-none-eabi/14.3.1/thumb/v7-m/nofp/crti.o
LOAD C:/ST/STM32CubeIDE_2.1.1/STM32CubeIDE/plugins/com.st.stm32cube.ide.mcu.externaltools.gnu-tools-for-stm32.14.3.rel1.win32_1.0.100.202602081740/tools/bin/../lib/gcc/arm-none-eabi/14.3.1/thumb/v7-m/nofp/crtbegin.o
LOAD C:/ST/STM32CubeIDE_2.1.1/STM32CubeIDE/plugins/com.st.stm32cube.ide.mcu.externaltools.gnu-tools-for-stm32.14.3.rel1.win32_1.0.100.202602081740/tools/bin/../lib/gcc/arm-none-eabi/14.3.1/../../../../arm-none-eabi/lib/thumb/v7-m/nofp/crt0.o
LOAD ./Src/EngTrModel.o
LOAD ./Src/EngTrModel_data.o
LOAD ./Src/heap_4.o
LOAD ./Src/lcd.o
LOAD ./Src/list.o
LOAD ./Src/main_uart.o
LOAD ./Src/port.o
LOAD ./Src/queue.o
LOAD ./Src/rtGetInf.o
LOAD ./Src/rtGetNaN.o
LOAD ./Src/rt_nonfinite.o
LOAD ./Src/syscall.o
LOAD ./Src/sysmem.o
LOAD ./Src/task_app.o
LOAD ./Src/tasks.o
LOAD ./Src/timers.o
LOAD ./Src/user_adc.o
LOAD ./Src/user_motor.o
LOAD ./Src/user_pwm.o
LOAD ./Src/user_timer.o
LOAD ./Src/user_uart.o
LOAD ./Startup/startup_stm32f103rbtx.o
START GROUP
LOAD C:/ST/STM32CubeIDE_2.1.1/STM32CubeIDE/plugins/com.st.stm32cube.ide.mcu.externaltools.gnu-tools-for-stm32.14.3.rel1.win32_1.0.100.202602081740/tools/bin/../lib/gcc/arm-none-eabi/14.3.1/../../../../arm-none-eabi/lib/thumb/v7-m/nofp\libc_nano.a
LOAD C:/ST/STM32CubeIDE_2.1.1/STM32CubeIDE/plugins/com.st.stm32cube.ide.mcu.externaltools.gnu-tools-for-stm32.14.3.rel1.win32_1.0.100.202602081740/tools/bin/../lib/gcc/arm-none-eabi/14.3.1/../../../../arm-none-eabi/lib/thumb/v7-m/nofp\libm.a
END GROUP
START GROUP
LOAD C:/ST/STM32CubeIDE_2.1.1/STM32CubeIDE/plugins/com.st.stm32cube.ide.mcu.externaltools.gnu-tools-for-stm32.14.3.rel1.win32_1.0.100.202602081740/tools/bin/../lib/gcc/arm-none-eabi/14.3.1/thumb/v7-m/nofp\libgcc.a
LOAD C:/ST/STM32CubeIDE_2.1.1/STM32CubeIDE/plugins/com.st.stm32cube.ide.mcu.externaltools.gnu-tools-for-stm32.14.3.rel1.win32_1.0.100.202602081740/tools/bin/../lib/gcc/arm-none-eabi/14.3.1/../../../../arm-none-eabi/lib/thumb/v7-m/nofp\libc_nano.a
END GROUP
START GROUP
LOAD C:/ST/STM32CubeIDE_2.1.1/STM32CubeIDE/plugins/com.st.stm32cube.ide.mcu.externaltools.gnu-tools-for-stm32.14.3.rel1.win32_1.0.100.202602081740/tools/bin/../lib/gcc/arm-none-eabi/14.3.1/thumb/v7-m/nofp\libgcc.a
LOAD C:/ST/STM32CubeIDE_2.1.1/STM32CubeIDE/plugins/com.st.stm32cube.ide.mcu.externaltools.gnu-tools-for-stm32.14.3.rel1.win32_1.0.100.202602081740/tools/bin/../lib/gcc/arm-none-eabi/14.3.1/../../../../arm-none-eabi/lib/thumb/v7-m/nofp\libc_nano.a
LOAD C:/ST/STM32CubeIDE_2.1.1/STM32CubeIDE/plugins/com.st.stm32cube.ide.mcu.externaltools.gnu-tools-for-stm32.14.3.rel1.win32_1.0.100.202602081740/tools/bin/../lib/gcc/arm-none-eabi/14.3.1/../../../../arm-none-eabi/lib/thumb/v7-m/nofp\libnosys.a
END GROUP
START GROUP
LOAD C:/ST/STM32CubeIDE_2.1.1/STM32CubeIDE/plugins/com.st.stm32cube.ide.mcu.externaltools.gnu-tools-for-stm32.14.3.rel1.win32_1.0.100.202602081740/tools/bin/../lib/gcc/arm-none-eabi/14.3.1/thumb/v7-m/nofp\libgcc.a
LOAD C:/ST/STM32CubeIDE_2.1.1/STM32CubeIDE/plugins/com.st.stm32cube.ide.mcu.externaltools.gnu-tools-for-stm32.14.3.rel1.win32_1.0.100.202602081740/tools/bin/../lib/gcc/arm-none-eabi/14.3.1/../../../../arm-none-eabi/lib/thumb/v7-m/nofp\libc_nano.a
LOAD C:/ST/STM32CubeIDE_2.1.1/STM32CubeIDE/plugins/com.st.stm32cube.ide.mcu.externaltools.gnu-tools-for-stm32.14.3.rel1.win32_1.0.100.202602081740/tools/bin/../lib/gcc/arm-none-eabi/14.3.1/../../../../arm-none-eabi/lib/thumb/v7-m/nofp\libnosys.a
END GROUP
LOAD C:/ST/STM32CubeIDE_2.1.1/STM32CubeIDE/plugins/com.st.stm32cube.ide.mcu.externaltools.gnu-tools-for-stm32.14.3.rel1.win32_1.0.100.202602081740/tools/bin/../lib/gcc/arm-none-eabi/14.3.1/thumb/v7-m/nofp/crtend.o
LOAD C:/ST/STM32CubeIDE_2.1.1/STM32CubeIDE/plugins/com.st.stm32cube.ide.mcu.externaltools.gnu-tools-for-stm32.14.3.rel1.win32_1.0.100.202602081740/tools/bin/../lib/gcc/arm-none-eabi/14.3.1/thumb/v7-m/nofp/crtn.o
                0x20005000                        _estack = (ORIGIN (RAM) + LENGTH (RAM))
                0x00000200                        _Min_Heap_Size = 0x200
                0x00000400                        _Min_Stack_Size = 0x400

.isr_vector     0x08000000      0x130
                0x08000000                        . = ALIGN (0x4)
 *(.isr_vector)
 .isr_vector    0x08000000      0x130 ./Startup/startup_stm32f103rbtx.o
                0x08000000                g_pfnVectors
                0x08000130                        . = ALIGN (0x4)

.text           0x08000130     0x702c
                0x08000130                        . = ALIGN (0x4)
 *(.text)
 .text          0x08000130       0x40 C:/ST/STM32CubeIDE_2.1.1/STM32CubeIDE/plugins/com.st.stm32cube.ide.mcu.externaltools.gnu-tools-for-stm32.14.3.rel1.win32_1.0.100.202602081740/tools/bin/../lib/gcc/arm-none-eabi/14.3.1/thumb/v7-m/nofp/crtbegin.o
 .text          0x08000170       0x10 C:/ST/STM32CubeIDE_2.1.1/STM32CubeIDE/plugins/com.st.stm32cube.ide.mcu.externaltools.gnu-tools-for-stm32.14.3.rel1.win32_1.0.100.202602081740/tools/bin/../lib/gcc/arm-none-eabi/14.3.1/../../../../arm-none-eabi/lib/thumb/v7-m/nofp\libc_nano.a(libc_a-strlen.o)
                0x08000170                strlen
 .text          0x08000180      0x378 C:/ST/STM32CubeIDE_2.1.1/STM32CubeIDE/plugins/com.st.stm32cube.ide.mcu.externaltools.gnu-tools-for-stm32.14.3.rel1.win32_1.0.100.202602081740/tools/bin/../lib/gcc/arm-none-eabi/14.3.1/thumb/v7-m/nofp\libgcc.a(_arm_addsubdf3.o)
                0x08000180                __aeabi_drsub
                0x08000188                __aeabi_dsub
                0x08000188                __subdf3
                0x0800018c                __aeabi_dadd
                0x0800018c                __adddf3
                0x08000404                __floatunsidf
                0x08000404                __aeabi_ui2d
                0x08000424                __floatsidf
                0x08000424                __aeabi_i2d
                0x08000448                __aeabi_f2d
                0x08000448                __extendsfdf2
                0x0800048c                __floatundidf
                0x0800048c                __aeabi_ul2d
                0x0800049c                __floatdidf
                0x0800049c                __aeabi_l2d
 .text          0x080004f8      0x424 C:/ST/STM32CubeIDE_2.1.1/STM32CubeIDE/plugins/com.st.stm32cube.ide.mcu.externaltools.gnu-tools-for-stm32.14.3.rel1.win32_1.0.100.202602081740/tools/bin/../lib/gcc/arm-none-eabi/14.3.1/thumb/v7-m/nofp\libgcc.a(_arm_muldivdf3.o)
                0x080004f8                __aeabi_dmul
                0x080004f8                __muldf3
                0x0800074c                __divdf3
                0x0800074c                __aeabi_ddiv
 .text          0x0800091c      0x110 C:/ST/STM32CubeIDE_2.1.1/STM32CubeIDE/plugins/com.st.stm32cube.ide.mcu.externaltools.gnu-tools-for-stm32.14.3.rel1.win32_1.0.100.202602081740/tools/bin/../lib/gcc/arm-none-eabi/14.3.1/thumb/v7-m/nofp\libgcc.a(_arm_cmpdf2.o)
                0x0800091c                __gtdf2
                0x0800091c                __gedf2
                0x08000924                __ltdf2
                0x08000924                __ledf2
                0x0800092c                __nedf2
                0x0800092c                __eqdf2
                0x0800092c                __cmpdf2
                0x080009a8                __aeabi_cdrcmple
                0x080009b8                __aeabi_cdcmpeq
                0x080009b8                __aeabi_cdcmple
                0x080009c8                __aeabi_dcmpeq
                0x080009dc                __aeabi_dcmplt
                0x080009f0                __aeabi_dcmple
                0x08000a04                __aeabi_dcmpge
                0x08000a18                __aeabi_dcmpgt
 .text          0x08000a2c       0x2c C:/ST/STM32CubeIDE_2.1.1/STM32CubeIDE/plugins/com.st.stm32cube.ide.mcu.externaltools.gnu-tools-for-stm32.14.3.rel1.win32_1.0.100.202602081740/tools/bin/../lib/gcc/arm-none-eabi/14.3.1/thumb/v7-m/nofp\libgcc.a(_arm_unorddf2.o)
                0x08000a2c                __unorddf2
                0x08000a2c                __aeabi_dcmpun
 .text          0x08000a58       0x40 C:/ST/STM32CubeIDE_2.1.1/STM32CubeIDE/plugins/com.st.stm32cube.ide.mcu.externaltools.gnu-tools-for-stm32.14.3.rel1.win32_1.0.100.202602081740/tools/bin/../lib/gcc/arm-none-eabi/14.3.1/thumb/v7-m/nofp\libgcc.a(_arm_fixunsdfsi.o)
                0x08000a58                __aeabi_d2uiz
                0x08000a58                __fixunsdfsi
 *(.text*)
 .text.look2_binlxpw
                0x08000a98      0x3f8 ./Src/EngTrModel.o
                0x08000a98                look2_binlxpw
 .text.look1_binlxpw
                0x08000e90      0x1c8 ./Src/EngTrModel.o
                0x08000e90                look1_binlxpw
 .text.EngTrModel_gear_state
                0x08001058      0x10c ./Src/EngTrModel.o
 .text.rt_powd_snf
                0x08001164      0x234 ./Src/EngTrModel.o
                0x08001164                rt_powd_snf
 .text.EngTrModel_step
                0x08001398      0x5b4 ./Src/EngTrModel.o
                0x08001398                EngTrModel_step
 .text.EngTrModel_initialize
                0x0800194c        0xe ./Src/EngTrModel.o
                0x0800194c                EngTrModel_initialize
 *fill*         0x0800195a        0x2 
 .text.pvPortMalloc
                0x0800195c      0x270 ./Src/heap_4.o
                0x0800195c                pvPortMalloc
 .text.vPortFree
                0x08001bcc       0xec ./Src/heap_4.o
                0x08001bcc                vPortFree
 .text.prvHeapInit
                0x08001cb8       0xb4 ./Src/heap_4.o
 .text.prvInsertBlockIntoFreeList
                0x08001d6c       0xf4 ./Src/heap_4.o
 .text.LCD_DelayUs
                0x08001e60       0x34 ./Src/lcd.o
 .text.LCD_Delay_10us
                0x08001e94        0xe ./Src/lcd.o
 .text.LCD_Delay_53us
                0x08001ea2        0xe ./Src/lcd.o
 .text.LCD_Delay_100us
                0x08001eb0        0xe ./Src/lcd.o
 .text.LCD_Delay_1ms
                0x08001ebe       0x22 ./Src/lcd.o
 .text.LCD_Delay_4_1ms
                0x08001ee0       0x22 ./Src/lcd.o
 .text.LCD_Delay_40ms
                0x08001f02       0x22 ./Src/lcd.o
 .text.LCD_Pulse_EN
                0x08001f24       0x30 ./Src/lcd.o
                0x08001f24                LCD_Pulse_EN
 .text.LCD_Out_Data4
                0x08001f54       0x98 ./Src/lcd.o
                0x08001f54                LCD_Out_Data4
 .text.LCD_Write_Byte
                0x08001fec       0x4c ./Src/lcd.o
                0x08001fec                LCD_Write_Byte
 .text.LCD_Write_Cmd
                0x08002038       0x30 ./Src/lcd.o
                0x08002038                LCD_Write_Cmd
 .text.LCD_Put_Char
                0x08002068       0x30 ./Src/lcd.o
                0x08002068                LCD_Put_Char
 .text.LCD_Set_Cursor
                0x08002098       0x56 ./Src/lcd.o
                0x08002098                LCD_Set_Cursor
 .text.LCD_Put_Str
                0x080020ee       0x48 ./Src/lcd.o
                0x080020ee                LCD_Put_Str
 *fill*         0x08002136        0x2 
 .text.LCD_Init
                0x08002138      0x150 ./Src/lcd.o
                0x08002138                LCD_Init
 .text.vListInitialise
                0x08002288       0x3e ./Src/list.o
                0x08002288                vListInitialise
 .text.vListInitialiseItem
                0x080022c6       0x18 ./Src/list.o
                0x080022c6                vListInitialiseItem
 .text.vListInsert
                0x080022de       0x70 ./Src/list.o
                0x080022de                vListInsert
 .text.uxListRemove
                0x0800234e       0x52 ./Src/list.o
                0x0800234e                uxListRemove
 .text.main     0x080023a0       0x74 ./Src/main_uart.o
                0x080023a0                main
 .text.USER_GPIO_Init
                0x08002414       0x44 ./Src/main_uart.o
                0x08002414                USER_GPIO_Init
 .text.USER_SystemClock_Config
                0x08002458       0x90 ./Src/main_uart.o
                0x08002458                USER_SystemClock_Config
 .text.pxPortInitialiseStack
                0x080024e8       0x58 ./Src/port.o
                0x080024e8                pxPortInitialiseStack
 .text.prvTaskExitError
                0x08002540       0x58 ./Src/port.o
 .text.SVC_Handler
                0x08002598       0x28 ./Src/port.o
                0x08002598                SVC_Handler
 .text.prvPortStartFirstTask
                0x080025c0       0x24 ./Src/port.o
 .text.xPortStartScheduler
                0x080025e4      0x17c ./Src/port.o
                0x080025e4                xPortStartScheduler
 .text.vPortEnterCritical
                0x08002760       0x60 ./Src/port.o
                0x08002760                vPortEnterCritical
 .text.vPortExitCritical
                0x080027c0       0x54 ./Src/port.o
                0x080027c0                vPortExitCritical
 .text.PendSV_Handler
                0x08002814       0x48 ./Src/port.o
                0x08002814                PendSV_Handler
 .text.SysTick_Handler
                0x0800285c       0x44 ./Src/port.o
                0x0800285c                SysTick_Handler
 .text.vPortSetupTimerInterrupt
                0x080028a0       0x34 ./Src/port.o
                0x080028a0                vPortSetupTimerInterrupt
 .text.vPortValidateInterruptPriority
                0x080028d4       0x80 ./Src/port.o
                0x080028d4                vPortValidateInterruptPriority
 .text.xQueueGenericReset
                0x08002954      0x124 ./Src/queue.o
                0x08002954                xQueueGenericReset
 .text.xQueueGenericCreate
                0x08002a78       0x9e ./Src/queue.o
                0x08002a78                xQueueGenericCreate
 .text.prvInitialiseNewQueue
                0x08002b16       0x3e ./Src/queue.o
 .text.xQueueGenericSend
                0x08002b54      0x204 ./Src/queue.o
                0x08002b54                xQueueGenericSend
 .text.xQueueReceive
                0x08002d58      0x1c4 ./Src/queue.o
                0x08002d58                xQueueReceive
 .text.prvCopyDataToQueue
                0x08002f1c       0xb8 ./Src/queue.o
 .text.prvCopyDataFromQueue
                0x08002fd4       0x4c ./Src/queue.o
 .text.prvUnlockQueue
                0x08003020       0xa4 ./Src/queue.o
 .text.prvIsQueueEmpty
                0x080030c4       0x2c ./Src/queue.o
 .text.prvIsQueueFull
                0x080030f0       0x30 ./Src/queue.o
 .text.vQueueAddToRegistry
                0x08003120       0x9c ./Src/queue.o
                0x08003120                vQueueAddToRegistry
 .text.rtGetInf
                0x080031bc       0x8c ./Src/rtGetInf.o
                0x080031bc                rtGetInf
 .text.rtGetInfF
                0x08003248       0x18 ./Src/rtGetInf.o
                0x08003248                rtGetInfF
 .text.rtGetMinusInf
                0x08003260       0x8c ./Src/rtGetInf.o
                0x08003260                rtGetMinusInf
 .text.rtGetMinusInfF
                0x080032ec       0x1c ./Src/rtGetInf.o
                0x080032ec                rtGetMinusInfF
 .text.rtGetNaN
                0x08003308       0x90 ./Src/rtGetNaN.o
                0x08003308                rtGetNaN
 .text.rtGetNaNF
                0x08003398       0x4c ./Src/rtGetNaN.o
                0x08003398                rtGetNaNF
 .text.rt_InitInfAndNaN
                0x080033e4       0x70 ./Src/rt_nonfinite.o
                0x080033e4                rt_InitInfAndNaN
 .text.rtIsInf  0x08003454       0x48 ./Src/rt_nonfinite.o
                0x08003454                rtIsInf
 .text.rtIsNaN  0x0800349c       0x9c ./Src/rt_nonfinite.o
                0x0800349c                rtIsNaN
 .text._sbrk    0x08003538       0x6c ./Src/sysmem.o
                0x08003538                _sbrk
 .text.USER_SmoothThrottle
                0x080035a4       0xc0 ./Src/task_app.o
 .text.USER_SmoothBrake
                0x08003664       0x34 ./Src/task_app.o
 .text.USER_ClampRpm
                0x08003698       0x6c ./Src/task_app.o
 .text.USER_ClampSpeed
                0x08003704       0x6c ./Src/task_app.o
 .text.vControlTask
                0x08003770      0x1b4 ./Src/task_app.o
                0x08003770                vControlTask
 .text.vADCTask
                0x08003924       0xb8 ./Src/task_app.o
                0x08003924                vADCTask
 .text.vTelemetryTask
                0x080039dc       0x64 ./Src/task_app.o
                0x080039dc                vTelemetryTask
 .text.vLCDTask
                0x08003a40      0x100 ./Src/task_app.o
                0x08003a40                vLCDTask
 .text.vMotorTask
                0x08003b40       0x1e ./Src/task_app.o
                0x08003b40                vMotorTask
 *fill*         0x08003b5e        0x2 
 .text.vCreateAllTasks
                0x08003b60      0x1b8 ./Src/task_app.o
                0x08003b60                vCreateAllTasks
 .text.prvCreateTask
                0x08003d18       0x78 ./Src/tasks.o
 .text.xTaskCreate
                0x08003d90       0x46 ./Src/tasks.o
                0x08003d90                xTaskCreate
 .text.prvInitialiseNewTask
                0x08003dd6      0x144 ./Src/tasks.o
 *fill*         0x08003f1a        0x2 
 .text.prvAddNewTaskToReadyList
                0x08003f1c      0x128 ./Src/tasks.o
 .text.xTaskDelayUntil
                0x08004044      0x104 ./Src/tasks.o
                0x08004044                xTaskDelayUntil
 .text.vTaskDelay
                0x08004148       0x6c ./Src/tasks.o
                0x08004148                vTaskDelay
 .text.prvCreateIdleTasks
                0x080041b4       0xac ./Src/tasks.o
 .text.vTaskStartScheduler
                0x08004260       0x7c ./Src/tasks.o
                0x08004260                vTaskStartScheduler
 .text.vTaskSuspendAll
                0x080042dc       0x1c ./Src/tasks.o
                0x080042dc                vTaskSuspendAll
 .text.xTaskResumeAll
                0x080042f8      0x210 ./Src/tasks.o
                0x080042f8                xTaskResumeAll
 .text.xTaskGetTickCount
                0x08004508       0x1c ./Src/tasks.o
                0x08004508                xTaskGetTickCount
 .text.xTaskIncrementTick
                0x08004524      0x234 ./Src/tasks.o
                0x08004524                xTaskIncrementTick
 .text.vTaskSwitchContext
                0x08004758       0xb8 ./Src/tasks.o
                0x08004758                vTaskSwitchContext
 .text.vTaskPlaceOnEventList
                0x08004810       0x4c ./Src/tasks.o
                0x08004810                vTaskPlaceOnEventList
 .text.xTaskRemoveFromEventList
                0x0800485c      0x1b0 ./Src/tasks.o
                0x0800485c                xTaskRemoveFromEventList
 .text.vTaskInternalSetTimeOutState
                0x08004a0c       0x2c ./Src/tasks.o
                0x08004a0c                vTaskInternalSetTimeOutState
 .text.xTaskCheckForTimeOut
                0x08004a38       0xd0 ./Src/tasks.o
                0x08004a38                xTaskCheckForTimeOut
 .text.vTaskMissedYield
                0x08004b08       0x18 ./Src/tasks.o
                0x08004b08                vTaskMissedYield
 .text.prvIdleTask
                0x08004b20       0x30 ./Src/tasks.o
 .text.prvInitialiseTaskLists
                0x08004b50       0x80 ./Src/tasks.o
 .text.prvCheckTasksWaitingTermination
                0x08004bd0       0x5c ./Src/tasks.o
 .text.prvDeleteTCB
                0x08004c2c       0x20 ./Src/tasks.o
 .text.prvResetNextTaskUnblockTime
                0x08004c4c       0x34 ./Src/tasks.o
 .text.xTaskGetSchedulerState
                0x08004c80       0x3c ./Src/tasks.o
                0x08004c80                xTaskGetSchedulerState
 .text.ulTaskGenericNotifyTake
                0x08004cbc      0x110 ./Src/tasks.o
                0x08004cbc                ulTaskGenericNotifyTake
 .text.vTaskGenericNotifyGiveFromISR
                0x08004dcc      0x218 ./Src/tasks.o
                0x08004dcc                vTaskGenericNotifyGiveFromISR
 .text.prvAddCurrentTaskToDelayedList
                0x08004fe4      0x104 ./Src/tasks.o
 .text.USER_ADC1_Init
                0x080050e8       0xc4 ./Src/user_adc.o
                0x080050e8                USER_ADC1_Init
 .text.USER_ADC1_ReadThrottleRaw
                0x080051ac       0x38 ./Src/user_adc.o
                0x080051ac                USER_ADC1_ReadThrottleRaw
 .text.USER_Motor_Init
                0x080051e4        0xc ./Src/user_motor.o
                0x080051e4                USER_Motor_Init
 .text.USER_PWM4_Init
                0x080051f0       0xb8 ./Src/user_pwm.o
                0x080051f0                USER_PWM4_Init
 .text.USER_PWM4_SetDutyPercent
                0x080052a8       0x26 ./Src/user_pwm.o
                0x080052a8                USER_PWM4_SetDutyPercent
 *fill*         0x080052ce        0x2 
 .text.USER_PWM4_ClampDuty
                0x080052d0       0x34 ./Src/user_pwm.o
 .text.USER_PWM4_ApplyDuty
                0x08005304       0x30 ./Src/user_pwm.o
 .text.USER_TIM2_Init40ms
                0x08005334       0x8c ./Src/user_timer.o
                0x08005334                USER_TIM2_Init40ms
 .text.TIM2_IRQHandler
                0x080053c0       0x5c ./Src/user_timer.o
                0x080053c0                TIM2_IRQHandler
 .text.USER_GPIO_LED_Init
                0x0800541c       0x38 ./Src/user_uart.o
                0x0800541c                USER_GPIO_LED_Init
 .text.USER_USART2_Init
                0x08005454       0xb0 ./Src/user_uart.o
                0x08005454                USER_USART2_Init
 .text.USER_USART2_Transmit
                0x08005504       0x38 ./Src/user_uart.o
                0x08005504                USER_USART2_Transmit
 .text.USER_USART2_Send_8bit
                0x0800553c       0x2c ./Src/user_uart.o
 .text.USER_USART2_SendString
                0x08005568       0x2a ./Src/user_uart.o
                0x08005568                USER_USART2_SendString
 *fill*         0x08005592        0x2 
 .text.USER_USART2_SendTelemetry
                0x08005594       0x78 ./Src/user_uart.o
                0x08005594                USER_USART2_SendTelemetry
 .text.Reset_Handler
                0x0800560c       0x50 ./Startup/startup_stm32f103rbtx.o
                0x0800560c                Reset_Handler
 .text.Default_Handler
                0x0800565c        0x2 ./Startup/startup_stm32f103rbtx.o
                0x0800565c                EXTI2_IRQHandler
                0x0800565c                TIM8_TRG_COM_IRQHandler
                0x0800565c                TIM8_CC_IRQHandler
                0x0800565c                DebugMon_Handler
                0x0800565c                TIM1_CC_IRQHandler
                0x0800565c                HardFault_Handler
                0x0800565c                TIM6_IRQHandler
                0x0800565c                PVD_IRQHandler
                0x0800565c                SDIO_IRQHandler
                0x0800565c                NMI_Handler
                0x0800565c                EXTI3_IRQHandler
                0x0800565c                USB_HP_CAN_TX_IRQHandler
                0x0800565c                EXTI0_IRQHandler
                0x0800565c                I2C2_EV_IRQHandler
                0x0800565c                UsageFault_Handler
                0x0800565c                ADC1_2_IRQHandler
                0x0800565c                SPI1_IRQHandler
                0x0800565c                CAN_SCE_IRQHandler
                0x0800565c                TAMPER_IRQHandler
                0x0800565c                TIM8_UP_IRQHandler
                0x0800565c                DMA2_Channel2_IRQHandler
                0x0800565c                DMA1_Channel4_IRQHandler
                0x0800565c                USART3_IRQHandler
                0x0800565c                RTC_IRQHandler
                0x0800565c                DMA1_Channel7_IRQHandler
                0x0800565c                UART5_IRQHandler
                0x0800565c                ADC3_IRQHandler
                0x0800565c                TIM4_IRQHandler
                0x0800565c                CAN_RX1_IRQHandler
                0x0800565c                DMA2_Channel1_IRQHandler
                0x0800565c                I2C1_EV_IRQHandler
                0x0800565c                DMA1_Channel6_IRQHandler
                0x0800565c                UART4_IRQHandler
                0x0800565c                TIM3_IRQHandler
                0x0800565c                RCC_IRQHandler
                0x0800565c                TIM1_TRG_COM_IRQHandler
                0x0800565c                DMA1_Channel1_IRQHandler
                0x0800565c                Default_Handler
                0x0800565c                EXTI15_10_IRQHandler
                0x0800565c                TIM7_IRQHandler
                0x0800565c                TIM5_IRQHandler
                0x0800565c                EXTI9_5_IRQHandler
                0x0800565c                SPI2_IRQHandler
                0x0800565c                USB_LP_CAN_RX0_IRQHandler
                0x0800565c                MemManage_Handler
                0x0800565c                DMA1_Channel5_IRQHandler
                0x0800565c                EXTI4_IRQHandler
                0x0800565c                DMA1_Channel3_IRQHandler
                0x0800565c                FSMC_IRQHandler
                0x0800565c                TIM1_UP_IRQHandler
                0x0800565c                WWDG_IRQHandler
                0x0800565c                TIM1_BRK_IRQHandler
                0x0800565c                EXTI1_IRQHandler
                0x0800565c                RTCAlarm_IRQHandler
                0x0800565c                DMA2_Channel4_5_IRQHandler
                0x0800565c                USART2_IRQHandler
                0x0800565c                I2C2_ER_IRQHandler
                0x0800565c                DMA1_Channel2_IRQHandler
                0x0800565c                TIM8_BRK_IRQHandler
                0x0800565c                FLASH_IRQHandler
                0x0800565c                BusFault_Handler
                0x0800565c                USART1_IRQHandler
                0x0800565c                SPI3_IRQHandler
                0x0800565c                I2C1_ER_IRQHandler
                0x0800565c                DMA2_Channel3_IRQHandler
 *fill*         0x0800565e        0x2 
 .text.snprintf
                0x08005660       0x6c C:/ST/STM32CubeIDE_2.1.1/STM32CubeIDE/plugins/com.st.stm32cube.ide.mcu.externaltools.gnu-tools-for-stm32.14.3.rel1.win32_1.0.100.202602081740/tools/bin/../lib/gcc/arm-none-eabi/14.3.1/../../../../arm-none-eabi/lib/thumb/v7-m/nofp\libc_nano.a(libc_a-snprintf.o)
                0x08005660                sniprintf
                0x08005660                snprintf
 .text.memset   0x080056cc       0x10 C:/ST/STM32CubeIDE_2.1.1/STM32CubeIDE/plugins/com.st.stm32cube.ide.mcu.externaltools.gnu-tools-for-stm32.14.3.rel1.win32_1.0.100.202602081740/tools/bin/../lib/gcc/arm-none-eabi/14.3.1/../../../../arm-none-eabi/lib/thumb/v7-m/nofp\libc_nano.a(libc_a-memset.o)
                0x080056cc                memset
 .text.__errno  0x080056dc        0xc C:/ST/STM32CubeIDE_2.1.1/STM32CubeIDE/plugins/com.st.stm32cube.ide.mcu.externaltools.gnu-tools-for-stm32.14.3.rel1.win32_1.0.100.202602081740/tools/bin/../lib/gcc/arm-none-eabi/14.3.1/../../../../arm-none-eabi/lib/thumb/v7-m/nofp\libc_nano.a(libc_a-errno.o)
                0x080056dc                __errno
 .text.__libc_init_array
                0x080056e8       0x48 C:/ST/STM32CubeIDE_2.1.1/STM32CubeIDE/plugins/com.st.stm32cube.ide.mcu.externaltools.gnu-tools-for-stm32.14.3.rel1.win32_1.0.100.202602081740/tools/bin/../lib/gcc/arm-none-eabi/14.3.1/../../../../arm-none-eabi/lib/thumb/v7-m/nofp\libc_nano.a(libc_a-init.o)
                0x080056e8                __libc_init_array
 .text.__retarget_lock_acquire_recursive
                0x08005730        0x2 C:/ST/STM32CubeIDE_2.1.1/STM32CubeIDE/plugins/com.st.stm32cube.ide.mcu.externaltools.gnu-tools-for-stm32.14.3.rel1.win32_1.0.100.202602081740/tools/bin/../lib/gcc/arm-none-eabi/14.3.1/../../../../arm-none-eabi/lib/thumb/v7-m/nofp\libc_nano.a(libc_a-lock.o)
                0x08005730                __retarget_lock_acquire_recursive
 .text.__retarget_lock_release_recursive
                0x08005732        0x2 C:/ST/STM32CubeIDE_2.1.1/STM32CubeIDE/plugins/com.st.stm32cube.ide.mcu.externaltools.gnu-tools-for-stm32.14.3.rel1.win32_1.0.100.202602081740/tools/bin/../lib/gcc/arm-none-eabi/14.3.1/../../../../arm-none-eabi/lib/thumb/v7-m/nofp\libc_nano.a(libc_a-lock.o)
                0x08005732                __retarget_lock_release_recursive
 .text.memcpy   0x08005734       0x1c C:/ST/STM32CubeIDE_2.1.1/STM32CubeIDE/plugins/com.st.stm32cube.ide.mcu.externaltools.gnu-tools-for-stm32.14.3.rel1.win32_1.0.100.202602081740/tools/bin/../lib/gcc/arm-none-eabi/14.3.1/../../../../arm-none-eabi/lib/thumb/v7-m/nofp\libc_nano.a(libc_a-memcpy-stub.o)
                0x08005734                memcpy
 .text._free_r  0x08005750       0x90 C:/ST/STM32CubeIDE_2.1.1/STM32CubeIDE/plugins/com.st.stm32cube.ide.mcu.externaltools.gnu-tools-for-stm32.14.3.rel1.win32_1.0.100.202602081740/tools/bin/../lib/gcc/arm-none-eabi/14.3.1/../../../../arm-none-eabi/lib/thumb/v7-m/nofp\libc_nano.a(libc_a-freer.o)
                0x08005750                _free_r
 .text.sbrk_aligned
                0x080057e0       0x44 C:/ST/STM32CubeIDE_2.1.1/STM32CubeIDE/plugins/com.st.stm32cube.ide.mcu.externaltools.gnu-tools-for-stm32.14.3.rel1.win32_1.0.100.202602081740/tools/bin/../lib/gcc/arm-none-eabi/14.3.1/../../../../arm-none-eabi/lib/thumb/v7-m/nofp\libc_nano.a(libc_a-mallocr.o)
 .text._malloc_r
                0x08005824      0x100 C:/ST/STM32CubeIDE_2.1.1/STM32CubeIDE/plugins/com.st.stm32cube.ide.mcu.externaltools.gnu-tools-for-stm32.14.3.rel1.win32_1.0.100.202602081740/tools/bin/../lib/gcc/arm-none-eabi/14.3.1/../../../../arm-none-eabi/lib/thumb/v7-m/nofp\libc_nano.a(libc_a-mallocr.o)
                0x08005824                _malloc_r
 .text.__malloc_lock
                0x08005924        0xc C:/ST/STM32CubeIDE_2.1.1/STM32CubeIDE/plugins/com.st.stm32cube.ide.mcu.externaltools.gnu-tools-for-stm32.14.3.rel1.win32_1.0.100.202602081740/tools/bin/../lib/gcc/arm-none-eabi/14.3.1/../../../../arm-none-eabi/lib/thumb/v7-m/nofp\libc_nano.a(libc_a-mlock.o)
                0x08005924                __malloc_lock
 .text.__malloc_unlock
                0x08005930        0xc C:/ST/STM32CubeIDE_2.1.1/STM32CubeIDE/plugins/com.st.stm32cube.ide.mcu.externaltools.gnu-tools-for-stm32.14.3.rel1.win32_1.0.100.202602081740/tools/bin/../lib/gcc/arm-none-eabi/14.3.1/../../../../arm-none-eabi/lib/thumb/v7-m/nofp\libc_nano.a(libc_a-mlock.o)
                0x08005930                __malloc_unlock
 .text.__ssputs_r
                0x0800593c       0xc0 C:/ST/STM32CubeIDE_2.1.1/STM32CubeIDE/plugins/com.st.stm32cube.ide.mcu.externaltools.gnu-tools-for-stm32.14.3.rel1.win32_1.0.100.202602081740/tools/bin/../lib/gcc/arm-none-eabi/14.3.1/../../../../arm-none-eabi/lib/thumb/v7-m/nofp\libc_nano.a(libc_a-nano-svfprintf.o)
                0x0800593c                __ssputs_r
 .text._svfprintf_r
                0x080059fc      0x1f0 C:/ST/STM32CubeIDE_2.1.1/STM32CubeIDE/plugins/com.st.stm32cube.ide.mcu.externaltools.gnu-tools-for-stm32.14.3.rel1.win32_1.0.100.202602081740/tools/bin/../lib/gcc/arm-none-eabi/14.3.1/../../../../arm-none-eabi/lib/thumb/v7-m/nofp\libc_nano.a(libc_a-nano-svfprintf.o)
                0x080059fc                _svfiprintf_r
                0x080059fc                _svfprintf_r
 .text._printf_common
                0x08005bec       0xe4 C:/ST/STM32CubeIDE_2.1.1/STM32CubeIDE/plugins/com.st.stm32cube.ide.mcu.externaltools.gnu-tools-for-stm32.14.3.rel1.win32_1.0.100.202602081740/tools/bin/../lib/gcc/arm-none-eabi/14.3.1/../../../../arm-none-eabi/lib/thumb/v7-m/nofp\libc_nano.a(libc_a-nano-vfprintf_i.o)
                0x08005bec                _printf_common
 .text._printf_i
                0x08005cd0      0x24c C:/ST/STM32CubeIDE_2.1.1/STM32CubeIDE/plugins/com.st.stm32cube.ide.mcu.externaltools.gnu-tools-for-stm32.14.3.rel1.win32_1.0.100.202602081740/tools/bin/../lib/gcc/arm-none-eabi/14.3.1/../../../../arm-none-eabi/lib/thumb/v7-m/nofp\libc_nano.a(libc_a-nano-vfprintf_i.o)
                0x08005cd0                _printf_i
 .text.memmove  0x08005f1c       0x32 C:/ST/STM32CubeIDE_2.1.1/STM32CubeIDE/plugins/com.st.stm32cube.ide.mcu.externaltools.gnu-tools-for-stm32.14.3.rel1.win32_1.0.100.202602081740/tools/bin/../lib/gcc/arm-none-eabi/14.3.1/../../../../arm-none-eabi/lib/thumb/v7-m/nofp\libc_nano.a(libc_a-memmove.o)
                0x08005f1c                memmove
 *fill*         0x08005f4e        0x2 
 .text._sbrk_r  0x08005f50       0x20 C:/ST/STM32CubeIDE_2.1.1/STM32CubeIDE/plugins/com.st.stm32cube.ide.mcu.externaltools.gnu-tools-for-stm32.14.3.rel1.win32_1.0.100.202602081740/tools/bin/../lib/gcc/arm-none-eabi/14.3.1/../../../../arm-none-eabi/lib/thumb/v7-m/nofp\libc_nano.a(libc_a-sbrkr.o)
                0x08005f50                _sbrk_r
 .text.memchr   0x08005f70       0x1c C:/ST/STM32CubeIDE_2.1.1/STM32CubeIDE/plugins/com.st.stm32cube.ide.mcu.externaltools.gnu-tools-for-stm32.14.3.rel1.win32_1.0.100.202602081740/tools/bin/../lib/gcc/arm-none-eabi/14.3.1/../../../../arm-none-eabi/lib/thumb/v7-m/nofp\libc_nano.a(libc_a-memchr-stub.o)
                0x08005f70                memchr
 .text._realloc_r
                0x08005f8c       0x5c C:/ST/STM32CubeIDE_2.1.1/STM32CubeIDE/plugins/com.st.stm32cube.ide.mcu.externaltools.gnu-tools-for-stm32.14.3.rel1.win32_1.0.100.202602081740/tools/bin/../lib/gcc/arm-none-eabi/14.3.1/../../../../arm-none-eabi/lib/thumb/v7-m/nofp\libc_nano.a(libc_a-reallocr.o)
                0x08005f8c                _realloc_r
 .text._malloc_usable_size_r
                0x08005fe8       0x10 C:/ST/STM32CubeIDE_2.1.1/STM32CubeIDE/plugins/com.st.stm32cube.ide.mcu.externaltools.gnu-tools-for-stm32.14.3.rel1.win32_1.0.100.202602081740/tools/bin/../lib/gcc/arm-none-eabi/14.3.1/../../../../arm-none-eabi/lib/thumb/v7-m/nofp\libc_nano.a(libc_a-msizer.o)
                0x08005fe8                _malloc_usable_size_r
 .text.pow      0x08005ff8       0xdc C:/ST/STM32CubeIDE_2.1.1/STM32CubeIDE/plugins/com.st.stm32cube.ide.mcu.externaltools.gnu-tools-for-stm32.14.3.rel1.win32_1.0.100.202602081740/tools/bin/../lib/gcc/arm-none-eabi/14.3.1/../../../../arm-none-eabi/lib/thumb/v7-m/nofp\libm.a(libm_a-w_pow.o)
                0x08005ff8                pow
 .text.sqrt     0x080060d4       0x50 C:/ST/STM32CubeIDE_2.1.1/STM32CubeIDE/plugins/com.st.stm32cube.ide.mcu.externaltools.gnu-tools-for-stm32.14.3.rel1.win32_1.0.100.202602081740/tools/bin/../lib/gcc/arm-none-eabi/14.3.1/../../../../arm-none-eabi/lib/thumb/v7-m/nofp\libm.a(libm_a-w_sqrt.o)
                0x080060d4                sqrt
 .text.finite   0x08006124        0xc C:/ST/STM32CubeIDE_2.1.1/STM32CubeIDE/plugins/com.st.stm32cube.ide.mcu.externaltools.gnu-tools-for-stm32.14.3.rel1.win32_1.0.100.202602081740/tools/bin/../lib/gcc/arm-none-eabi/14.3.1/../../../../arm-none-eabi/lib/thumb/v7-m/nofp\libm.a(libm_a-s_finite.o)
                0x08006124                finite
 .text.__ieee754_sqrt
                0x08006130      0x1dc C:/ST/STM32CubeIDE_2.1.1/STM32CubeIDE/plugins/com.st.stm32cube.ide.mcu.externaltools.gnu-tools-for-stm32.14.3.rel1.win32_1.0.100.202602081740/tools/bin/../lib/gcc/arm-none-eabi/14.3.1/../../../../arm-none-eabi/lib/thumb/v7-m/nofp\libm.a(libm_a-e_sqrt.o)
                0x08006130                __ieee754_sqrt
 *fill*         0x0800630c        0x4 
 .text.floor    0x08006310      0x108 C:/ST/STM32CubeIDE_2.1.1/STM32CubeIDE/plugins/com.st.stm32cube.ide.mcu.externaltools.gnu-tools-for-stm32.14.3.rel1.win32_1.0.100.202602081740/tools/bin/../lib/gcc/arm-none-eabi/14.3.1/../../../../arm-none-eabi/lib/thumb/v7-m/nofp\libm.a(libm_a-s_floor.o)
                0x08006310                floor
 .text.__ieee754_pow
                0x08006418      0xbc8 C:/ST/STM32CubeIDE_2.1.1/STM32CubeIDE/plugins/com.st.stm32cube.ide.mcu.externaltools.gnu-tools-for-stm32.14.3.rel1.win32_1.0.100.202602081740/tools/bin/../lib/gcc/arm-none-eabi/14.3.1/../../../../arm-none-eabi/lib/thumb/v7-m/nofp\libm.a(libm_a-e_pow.o)
                0x08006418                __ieee754_pow
 .text.fabs     0x08006fe0        0x8 C:/ST/STM32CubeIDE_2.1.1/STM32CubeIDE/plugins/com.st.stm32cube.ide.mcu.externaltools.gnu-tools-for-stm32.14.3.rel1.win32_1.0.100.202602081740/tools/bin/../lib/gcc/arm-none-eabi/14.3.1/../../../../arm-none-eabi/lib/thumb/v7-m/nofp\libm.a(libm_a-s_fabs.o)
                0x08006fe0                fabs
 .text.scalbn   0x08006fe8       0xfc C:/ST/STM32CubeIDE_2.1.1/STM32CubeIDE/plugins/com.st.stm32cube.ide.mcu.externaltools.gnu-tools-for-stm32.14.3.rel1.win32_1.0.100.202602081740/tools/bin/../lib/gcc/arm-none-eabi/14.3.1/../../../../arm-none-eabi/lib/thumb/v7-m/nofp\libm.a(libm_a-s_scalbn.o)
                0x08006fe8                scalbn
 .text.with_errno
                0x080070e4       0x18 C:/ST/STM32CubeIDE_2.1.1/STM32CubeIDE/plugins/com.st.stm32cube.ide.mcu.externaltools.gnu-tools-for-stm32.14.3.rel1.win32_1.0.100.202602081740/tools/bin/../lib/gcc/arm-none-eabi/14.3.1/../../../../arm-none-eabi/lib/thumb/v7-m/nofp\libm.a(libm_a-math_err.o)
 .text.xflow    0x080070fc       0x30 C:/ST/STM32CubeIDE_2.1.1/STM32CubeIDE/plugins/com.st.stm32cube.ide.mcu.externaltools.gnu-tools-for-stm32.14.3.rel1.win32_1.0.100.202602081740/tools/bin/../lib/gcc/arm-none-eabi/14.3.1/../../../../arm-none-eabi/lib/thumb/v7-m/nofp\libm.a(libm_a-math_err.o)
 .text.__math_uflow
                0x0800712c        0xc C:/ST/STM32CubeIDE_2.1.1/STM32CubeIDE/plugins/com.st.stm32cube.ide.mcu.externaltools.gnu-tools-for-stm32.14.3.rel1.win32_1.0.100.202602081740/tools/bin/../lib/gcc/arm-none-eabi/14.3.1/../../../../arm-none-eabi/lib/thumb/v7-m/nofp\libm.a(libm_a-math_err.o)
                0x0800712c                __math_uflow
 .text.__math_oflow
                0x08007138        0xc C:/ST/STM32CubeIDE_2.1.1/STM32CubeIDE/plugins/com.st.stm32cube.ide.mcu.externaltools.gnu-tools-for-stm32.14.3.rel1.win32_1.0.100.202602081740/tools/bin/../lib/gcc/arm-none-eabi/14.3.1/../../../../arm-none-eabi/lib/thumb/v7-m/nofp\libm.a(libm_a-math_err.o)
                0x08007138                __math_oflow
 *(.glue_7)
 .glue_7        0x08007144        0x0 linker stubs
 *(.glue_7t)
 .glue_7t       0x08007144        0x0 linker stubs
 *(.eh_frame)
 .eh_frame      0x08007144        0x0 C:/ST/STM32CubeIDE_2.1.1/STM32CubeIDE/plugins/com.st.stm32cube.ide.mcu.externaltools.gnu-tools-for-stm32.14.3.rel1.win32_1.0.100.202602081740/tools/bin/../lib/gcc/arm-none-eabi/14.3.1/thumb/v7-m/nofp/crtbegin.o
 *(.init)
 .init          0x08007144        0x4 C:/ST/STM32CubeIDE_2.1.1/STM32CubeIDE/plugins/com.st.stm32cube.ide.mcu.externaltools.gnu-tools-for-stm32.14.3.rel1.win32_1.0.100.202602081740/tools/bin/../lib/gcc/arm-none-eabi/14.3.1/thumb/v7-m/nofp/crti.o
                0x08007144                _init
 .init          0x08007148        0x8 C:/ST/STM32CubeIDE_2.1.1/STM32CubeIDE/plugins/com.st.stm32cube.ide.mcu.externaltools.gnu-tools-for-stm32.14.3.rel1.win32_1.0.100.202602081740/tools/bin/../lib/gcc/arm-none-eabi/14.3.1/thumb/v7-m/nofp/crtn.o
 *(.fini)
 .fini          0x08007150        0x4 C:/ST/STM32CubeIDE_2.1.1/STM32CubeIDE/plugins/com.st.stm32cube.ide.mcu.externaltools.gnu-tools-for-stm32.14.3.rel1.win32_1.0.100.202602081740/tools/bin/../lib/gcc/arm-none-eabi/14.3.1/thumb/v7-m/nofp/crti.o
                0x08007150                _fini
 .fini          0x08007154        0x8 C:/ST/STM32CubeIDE_2.1.1/STM32CubeIDE/plugins/com.st.stm32cube.ide.mcu.externaltools.gnu-tools-for-stm32.14.3.rel1.win32_1.0.100.202602081740/tools/bin/../lib/gcc/arm-none-eabi/14.3.1/thumb/v7-m/nofp/crtn.o
                0x0800715c                        . = ALIGN (0x4)
                0x0800715c                        _etext = .

.vfp11_veneer   0x0800715c        0x0
 .vfp11_veneer  0x0800715c        0x0 linker stubs

.v4_bx          0x0800715c        0x0
 .v4_bx         0x0800715c        0x0 linker stubs

.iplt           0x0800715c        0x0
 .iplt          0x0800715c        0x0 C:/ST/STM32CubeIDE_2.1.1/STM32CubeIDE/plugins/com.st.stm32cube.ide.mcu.externaltools.gnu-tools-for-stm32.14.3.rel1.win32_1.0.100.202602081740/tools/bin/../lib/gcc/arm-none-eabi/14.3.1/thumb/v7-m/nofp/crtbegin.o

.rodata         0x08007160      0xa00
                0x08007160                        . = ALIGN (0x4)
 *(.rodata)
 .rodata        0x08007160       0xe9 ./Src/main_uart.o
 *fill*         0x08007249        0x3 
 .rodata        0x0800724c       0x70 ./Src/task_app.o
 .rodata        0x080072bc        0x5 ./Src/tasks.o
 *fill*         0x080072c1        0x3 
 .rodata        0x080072c4       0x11 ./Src/user_uart.o
 *(.rodata*)
 *fill*         0x080072d5        0x3 
 .rodata.EngTrModel_ConstP
                0x080072d8      0x840 ./Src/EngTrModel_data.o
                0x080072d8                EngTrModel_ConstP
 .rodata.uxTopUsedPriority
                0x08007b18        0x4 ./Src/tasks.o
 .rodata._svfprintf_r.str1.1
                0x08007b1c       0x33 C:/ST/STM32CubeIDE_2.1.1/STM32CubeIDE/plugins/com.st.stm32cube.ide.mcu.externaltools.gnu-tools-for-stm32.14.3.rel1.win32_1.0.100.202602081740/tools/bin/../lib/gcc/arm-none-eabi/14.3.1/../../../../arm-none-eabi/lib/thumb/v7-m/nofp\libc_nano.a(libc_a-nano-svfprintf.o)
                                 0x11 (size before relaxing)
 .rodata._printf_i.str1.1
                0x08007b4f       0x22 C:/ST/STM32CubeIDE_2.1.1/STM32CubeIDE/plugins/com.st.stm32cube.ide.mcu.externaltools.gnu-tools-for-stm32.14.3.rel1.win32_1.0.100.202602081740/tools/bin/../lib/gcc/arm-none-eabi/14.3.1/../../../../arm-none-eabi/lib/thumb/v7-m/nofp\libc_nano.a(libc_a-nano-vfprintf_i.o)
 *fill*         0x08007b4f        0x1 
 .rodata.tiny   0x08007b50        0x8 C:/ST/STM32CubeIDE_2.1.1/STM32CubeIDE/plugins/com.st.stm32cube.ide.mcu.externaltools.gnu-tools-for-stm32.14.3.rel1.win32_1.0.100.202602081740/tools/bin/../lib/gcc/arm-none-eabi/14.3.1/../../../../arm-none-eabi/lib/thumb/v7-m/nofp\libm.a(libm_a-e_sqrt.o)
 .rodata.one    0x08007b58        0x8 C:/ST/STM32CubeIDE_2.1.1/STM32CubeIDE/plugins/com.st.stm32cube.ide.mcu.externaltools.gnu-tools-for-stm32.14.3.rel1.win32_1.0.100.202602081740/tools/bin/../lib/gcc/arm-none-eabi/14.3.1/../../../../arm-none-eabi/lib/thumb/v7-m/nofp\libm.a(libm_a-e_sqrt.o)
                0x08007b60                        . = ALIGN (0x4)

.ARM.extab      0x08007b60        0x0
                0x08007b60                        . = ALIGN (0x4)
 *(.ARM.extab* .gnu.linkonce.armextab.*)
                0x08007b60                        . = ALIGN (0x4)

.ARM            0x08007b60        0x8
                0x08007b60                        . = ALIGN (0x4)
                0x08007b60                        __exidx_start = .
 *(.ARM.exidx*)
 .ARM.exidx     0x08007b60        0x8 C:/ST/STM32CubeIDE_2.1.1/STM32CubeIDE/plugins/com.st.stm32cube.ide.mcu.externaltools.gnu-tools-for-stm32.14.3.rel1.win32_1.0.100.202602081740/tools/bin/../lib/gcc/arm-none-eabi/14.3.1/../../../../arm-none-eabi/lib/thumb/v7-m/nofp\libc_nano.a(libc_a-strlen.o)
                0x08007b68                        __exidx_end = .
                0x08007b68                        . = ALIGN (0x4)

.preinit_array  0x08007b68        0x0
                0x08007b68                        . = ALIGN (0x4)
                0x08007b68                        PROVIDE (__preinit_array_start = .)
 *(.preinit_array*)
                0x08007b68                        PROVIDE (__preinit_array_end = .)
                0x08007b68                        . = ALIGN (0x4)

.init_array     0x08007b68        0x4
                0x08007b68                        . = ALIGN (0x4)
                0x08007b68                        PROVIDE (__init_array_start = .)
 *(SORT_BY_NAME(.init_array.*))
 *(.init_array*)
 .init_array    0x08007b68        0x4 C:/ST/STM32CubeIDE_2.1.1/STM32CubeIDE/plugins/com.st.stm32cube.ide.mcu.externaltools.gnu-tools-for-stm32.14.3.rel1.win32_1.0.100.202602081740/tools/bin/../lib/gcc/arm-none-eabi/14.3.1/thumb/v7-m/nofp/crtbegin.o
                0x08007b6c                        PROVIDE (__init_array_end = .)
                0x08007b6c                        . = ALIGN (0x4)

.fini_array     0x08007b6c        0x4
                0x08007b6c                        . = ALIGN (0x4)
                [!provide]                        PROVIDE (__fini_array_start = .)
 *(SORT_BY_NAME(.fini_array.*))
 *(.fini_array*)
 .fini_array    0x08007b6c        0x4 C:/ST/STM32CubeIDE_2.1.1/STM32CubeIDE/plugins/com.st.stm32cube.ide.mcu.externaltools.gnu-tools-for-stm32.14.3.rel1.win32_1.0.100.202602081740/tools/bin/../lib/gcc/arm-none-eabi/14.3.1/thumb/v7-m/nofp/crtbegin.o
                [!provide]                        PROVIDE (__fini_array_end = .)
                0x08007b70                        . = ALIGN (0x4)
                0x08007b70                        _sidata = LOADADDR (.data)

.rel.dyn        0x08007b70        0x0
 .rel.iplt      0x08007b70        0x0 C:/ST/STM32CubeIDE_2.1.1/STM32CubeIDE/plugins/com.st.stm32cube.ide.mcu.externaltools.gnu-tools-for-stm32.14.3.rel1.win32_1.0.100.202602081740/tools/bin/../lib/gcc/arm-none-eabi/14.3.1/thumb/v7-m/nofp/crtbegin.o

.data           0x20000000       0x54 load address 0x08007b70
                0x20000000                        . = ALIGN (0x4)
                0x20000000                        _sdata = .
 *(.data)
 *(.data*)
 .data.uxCriticalNesting
                0x20000000        0x4 ./Src/port.o
 .data._impure_ptr
                0x20000004        0x4 C:/ST/STM32CubeIDE_2.1.1/STM32CubeIDE/plugins/com.st.stm32cube.ide.mcu.externaltools.gnu-tools-for-stm32.14.3.rel1.win32_1.0.100.202602081740/tools/bin/../lib/gcc/arm-none-eabi/14.3.1/../../../../arm-none-eabi/lib/thumb/v7-m/nofp\libc_nano.a(libc_a-impure.o)
                0x20000004                _impure_ptr
 .data._impure_data
                0x20000008       0x4c C:/ST/STM32CubeIDE_2.1.1/STM32CubeIDE/plugins/com.st.stm32cube.ide.mcu.externaltools.gnu-tools-for-stm32.14.3.rel1.win32_1.0.100.202602081740/tools/bin/../lib/gcc/arm-none-eabi/14.3.1/../../../../arm-none-eabi/lib/thumb/v7-m/nofp\libc_nano.a(libc_a-impure.o)
                0x20000008                _impure_data
 *(.RamFunc)
 *(.RamFunc*)
                0x20000054                        . = ALIGN (0x4)
                0x20000054                        _edata = .

.igot.plt       0x20000054        0x0 load address 0x08007bc4
 .igot.plt      0x20000054        0x0 C:/ST/STM32CubeIDE_2.1.1/STM32CubeIDE/plugins/com.st.stm32cube.ide.mcu.externaltools.gnu-tools-for-stm32.14.3.rel1.win32_1.0.100.202602081740/tools/bin/../lib/gcc/arm-none-eabi/14.3.1/thumb/v7-m/nofp/crtbegin.o
                0x20000054                        . = ALIGN (0x4)

.bss            0x20000058     0x3b8c load address 0x08007bc4
                0x20000058                        _sbss = .
                0x20000058                        __bss_start__ = _sbss
 *(.bss)
 .bss           0x20000058       0x1c C:/ST/STM32CubeIDE_2.1.1/STM32CubeIDE/plugins/com.st.stm32cube.ide.mcu.externaltools.gnu-tools-for-stm32.14.3.rel1.win32_1.0.100.202602081740/tools/bin/../lib/gcc/arm-none-eabi/14.3.1/thumb/v7-m/nofp/crtbegin.o
 *(.bss*)
 *fill*         0x20000074        0x4 
 .bss.EngTrModel_B
                0x20000078       0x30 ./Src/EngTrModel.o
                0x20000078                EngTrModel_B
 .bss.EngTrModel_DW
                0x200000a8       0x28 ./Src/EngTrModel.o
                0x200000a8                EngTrModel_DW
 .bss.EngTrModel_U
                0x200000d0       0x10 ./Src/EngTrModel.o
                0x200000d0                EngTrModel_U
 .bss.EngTrModel_Y
                0x200000e0       0x18 ./Src/EngTrModel.o
                0x200000e0                EngTrModel_Y
 .bss.ucHeap    0x200000f8     0x3800 ./Src/heap_4.o
 .bss.xStart    0x200038f8        0x8 ./Src/heap_4.o
 .bss.pxEnd     0x20003900        0x4 ./Src/heap_4.o
 .bss.xFreeBytesRemaining
                0x20003904        0x4 ./Src/heap_4.o
 .bss.xMinimumEverFreeBytesRemaining
                0x20003908        0x4 ./Src/heap_4.o
 .bss.xNumberOfSuccessfulAllocations
                0x2000390c        0x4 ./Src/heap_4.o
 .bss.xNumberOfSuccessfulFrees
                0x20003910        0x4 ./Src/heap_4.o
 .bss.ucMaxSysCallPriority
                0x20003914        0x1 ./Src/port.o
 *fill*         0x20003915        0x3 
 .bss.ulMaxPRIGROUPValue
                0x20003918        0x4 ./Src/port.o
 .bss.xQueueRegistry
                0x2000391c       0x20 ./Src/queue.o
                0x2000391c                xQueueRegistry
 *fill*         0x2000393c        0x4 
 .bss.rtInf     0x20003940        0x8 ./Src/rt_nonfinite.o
                0x20003940                rtInf
 .bss.rtMinusInf
                0x20003948        0x8 ./Src/rt_nonfinite.o
                0x20003948                rtMinusInf
 .bss.rtNaN     0x20003950        0x8 ./Src/rt_nonfinite.o
                0x20003950                rtNaN
 .bss.rtInfF    0x20003958        0x4 ./Src/rt_nonfinite.o
                0x20003958                rtInfF
 .bss.rtMinusInfF
                0x2000395c        0x4 ./Src/rt_nonfinite.o
                0x2000395c                rtMinusInfF
 .bss.rtNaNF    0x20003960        0x4 ./Src/rt_nonfinite.o
                0x20003960                rtNaNF
 .bss.__sbrk_heap_end
                0x20003964        0x4 ./Src/sysmem.o
 .bss.xThrottleQueue
                0x20003968        0x4 ./Src/task_app.o
                0x20003968                xThrottleQueue
 .bss.xBrakeQueue
                0x2000396c        0x4 ./Src/task_app.o
                0x2000396c                xBrakeQueue
 .bss.xTelemetryOutputQueue
                0x20003970        0x4 ./Src/task_app.o
                0x20003970                xTelemetryOutputQueue
 .bss.xLCDOutputQueue
                0x20003974        0x4 ./Src/task_app.o
                0x20003974                xLCDOutputQueue
 .bss.xControlTaskHandle
                0x20003978        0x4 ./Src/task_app.o
                0x20003978                xControlTaskHandle
 .bss.xADCTaskHandle
                0x2000397c        0x4 ./Src/task_app.o
                0x2000397c                xADCTaskHandle
 .bss.throttlePercent.3
                0x20003980        0x1 ./Src/task_app.o
 .bss.brakeActive.2
                0x20003981        0x1 ./Src/task_app.o
 *fill*         0x20003982        0x6 
 .bss.smoothedThrottle.1
                0x20003988        0x8 ./Src/task_app.o
 .bss.smoothedBrake.0
                0x20003990        0x8 ./Src/task_app.o
 .bss.pxCurrentTCB
                0x20003998        0x4 ./Src/tasks.o
                0x20003998                pxCurrentTCB
 .bss.pxReadyTasksLists
                0x2000399c       0x64 ./Src/tasks.o
 .bss.xDelayedTaskList1
                0x20003a00       0x14 ./Src/tasks.o
 .bss.xDelayedTaskList2
                0x20003a14       0x14 ./Src/tasks.o
 .bss.pxDelayedTaskList
                0x20003a28        0x4 ./Src/tasks.o
 .bss.pxOverflowDelayedTaskList
                0x20003a2c        0x4 ./Src/tasks.o
 .bss.xPendingReadyList
                0x20003a30       0x14 ./Src/tasks.o
 .bss.xTasksWaitingTermination
                0x20003a44       0x14 ./Src/tasks.o
 .bss.uxDeletedTasksWaitingCleanUp
                0x20003a58        0x4 ./Src/tasks.o
 .bss.xSuspendedTaskList
                0x20003a5c       0x14 ./Src/tasks.o
 .bss.uxCurrentNumberOfTasks
                0x20003a70        0x4 ./Src/tasks.o
 .bss.xTickCount
                0x20003a74        0x4 ./Src/tasks.o
 .bss.uxTopReadyPriority
                0x20003a78        0x4 ./Src/tasks.o
 .bss.xSchedulerRunning
                0x20003a7c        0x4 ./Src/tasks.o
 .bss.xPendedTicks
                0x20003a80        0x4 ./Src/tasks.o
 .bss.xYieldPendings
                0x20003a84        0x4 ./Src/tasks.o
 .bss.xNumOfOverflows
                0x20003a88        0x4 ./Src/tasks.o
 .bss.uxTaskNumber
                0x20003a8c        0x4 ./Src/tasks.o
 .bss.xNextTaskUnblockTime
                0x20003a90        0x4 ./Src/tasks.o
 .bss.xIdleTaskHandles
                0x20003a94        0x4 ./Src/tasks.o
 .bss.uxSchedulerSuspended
                0x20003a98        0x4 ./Src/tasks.o
 .bss.__sf      0x20003a9c      0x138 C:/ST/STM32CubeIDE_2.1.1/STM32CubeIDE/plugins/com.st.stm32cube.ide.mcu.externaltools.gnu-tools-for-stm32.14.3.rel1.win32_1.0.100.202602081740/tools/bin/../lib/gcc/arm-none-eabi/14.3.1/../../../../arm-none-eabi/lib/thumb/v7-m/nofp\libc_nano.a(libc_a-findfp.o)
                0x20003a9c                __sf
 .bss.errno     0x20003bd4        0x4 C:/ST/STM32CubeIDE_2.1.1/STM32CubeIDE/plugins/com.st.stm32cube.ide.mcu.externaltools.gnu-tools-for-stm32.14.3.rel1.win32_1.0.100.202602081740/tools/bin/../lib/gcc/arm-none-eabi/14.3.1/../../../../arm-none-eabi/lib/thumb/v7-m/nofp\libc_nano.a(libc_a-reent.o)
                0x20003bd4                errno
 .bss.__lock___malloc_recursive_mutex
                0x20003bd8        0x1 C:/ST/STM32CubeIDE_2.1.1/STM32CubeIDE/plugins/com.st.stm32cube.ide.mcu.externaltools.gnu-tools-for-stm32.14.3.rel1.win32_1.0.100.202602081740/tools/bin/../lib/gcc/arm-none-eabi/14.3.1/../../../../arm-none-eabi/lib/thumb/v7-m/nofp\libc_nano.a(libc_a-lock.o)
                0x20003bd8                __lock___malloc_recursive_mutex
 *fill*         0x20003bd9        0x3 
 .bss.__malloc_sbrk_start
                0x20003bdc        0x4 C:/ST/STM32CubeIDE_2.1.1/STM32CubeIDE/plugins/com.st.stm32cube.ide.mcu.externaltools.gnu-tools-for-stm32.14.3.rel1.win32_1.0.100.202602081740/tools/bin/../lib/gcc/arm-none-eabi/14.3.1/../../../../arm-none-eabi/lib/thumb/v7-m/nofp\libc_nano.a(libc_a-mallocr.o)
                0x20003bdc                __malloc_sbrk_start
 .bss.__malloc_free_list
                0x20003be0        0x4 C:/ST/STM32CubeIDE_2.1.1/STM32CubeIDE/plugins/com.st.stm32cube.ide.mcu.externaltools.gnu-tools-for-stm32.14.3.rel1.win32_1.0.100.202602081740/tools/bin/../lib/gcc/arm-none-eabi/14.3.1/../../../../arm-none-eabi/lib/thumb/v7-m/nofp\libc_nano.a(libc_a-mallocr.o)
                0x20003be0                __malloc_free_list
 *(COMMON)
                0x20003be4                        . = ALIGN (0x4)
                0x20003be4                        _ebss = .
                0x20003be4                        __bss_end__ = _ebss

._user_heap_stack
                0x20003be4      0x604 load address 0x08007bc4
                0x20003be8                        . = ALIGN (0x8)
 *fill*         0x20003be4        0x4 
                [!provide]                        PROVIDE (end = .)
                0x20003be8                        PROVIDE (_end = .)
                0x20003de8                        . = (. + _Min_Heap_Size)
 *fill*         0x20003be8      0x200 
                0x200041e8                        . = (. + _Min_Stack_Size)
 *fill*         0x20003de8      0x400 
                0x200041e8                        . = ALIGN (0x8)

/DISCARD/
 libc.a(*)
 libm.a(*)
 libgcc.a(*)

.ARM.attributes
                0x00000000       0x29
 *(.ARM.attributes)
 .ARM.attributes
                0x00000000       0x1d C:/ST/STM32CubeIDE_2.1.1/STM32CubeIDE/plugins/com.st.stm32cube.ide.mcu.externaltools.gnu-tools-for-stm32.14.3.rel1.win32_1.0.100.202602081740/tools/bin/../lib/gcc/arm-none-eabi/14.3.1/thumb/v7-m/nofp/crti.o
 .ARM.attributes
                0x0000001d       0x2d C:/ST/STM32CubeIDE_2.1.1/STM32CubeIDE/plugins/com.st.stm32cube.ide.mcu.externaltools.gnu-tools-for-stm32.14.3.rel1.win32_1.0.100.202602081740/tools/bin/../lib/gcc/arm-none-eabi/14.3.1/thumb/v7-m/nofp/crtbegin.o
 .ARM.attributes
                0x0000004a       0x2d ./Src/EngTrModel.o
 .ARM.attributes
                0x00000077       0x2d ./Src/EngTrModel_data.o
 .ARM.attributes
                0x000000a4       0x2d ./Src/heap_4.o
 .ARM.attributes
                0x000000d1       0x2d ./Src/lcd.o
 .ARM.attributes
                0x000000fe       0x2d ./Src/list.o
 .ARM.attributes
                0x0000012b       0x2d ./Src/main_uart.o
 .ARM.attributes
                0x00000158       0x2d ./Src/port.o
 .ARM.attributes
                0x00000185       0x2d ./Src/queue.o
 .ARM.attributes
                0x000001b2       0x2d ./Src/rtGetInf.o
 .ARM.attributes
                0x000001df       0x2d ./Src/rtGetNaN.o
 .ARM.attributes
                0x0000020c       0x2d ./Src/rt_nonfinite.o
 .ARM.attributes
                0x00000239       0x2d ./Src/sysmem.o
 .ARM.attributes
                0x00000266       0x2d ./Src/task_app.o
 .ARM.attributes
                0x00000293       0x2d ./Src/tasks.o
 .ARM.attributes
                0x000002c0       0x2d ./Src/user_adc.o
 .ARM.attributes
                0x000002ed       0x2d ./Src/user_motor.o
 .ARM.attributes
                0x0000031a       0x2d ./Src/user_pwm.o
 .ARM.attributes
                0x00000347       0x2d ./Src/user_timer.o
 .ARM.attributes
                0x00000374       0x2d ./Src/user_uart.o
 .ARM.attributes
                0x000003a1       0x21 ./Startup/startup_stm32f103rbtx.o
 .ARM.attributes
                0x000003c2       0x2d C:/ST/STM32CubeIDE_2.1.1/STM32CubeIDE/plugins/com.st.stm32cube.ide.mcu.externaltools.gnu-tools-for-stm32.14.3.rel1.win32_1.0.100.202602081740/tools/bin/../lib/gcc/arm-none-eabi/14.3.1/../../../../arm-none-eabi/lib/thumb/v7-m/nofp\libc_nano.a(libc_a-findfp.o)
 .ARM.attributes
                0x000003ef       0x2d C:/ST/STM32CubeIDE_2.1.1/STM32CubeIDE/plugins/com.st.stm32cube.ide.mcu.externaltools.gnu-tools-for-stm32.14.3.rel1.win32_1.0.100.202602081740/tools/bin/../lib/gcc/arm-none-eabi/14.3.1/../../../../arm-none-eabi/lib/thumb/v7-m/nofp\libc_nano.a(libc_a-snprintf.o)
 .ARM.attributes
                0x0000041c       0x2d C:/ST/STM32CubeIDE_2.1.1/STM32CubeIDE/plugins/com.st.stm32cube.ide.mcu.externaltools.gnu-tools-for-stm32.14.3.rel1.win32_1.0.100.202602081740/tools/bin/../lib/gcc/arm-none-eabi/14.3.1/../../../../arm-none-eabi/lib/thumb/v7-m/nofp\libc_nano.a(libc_a-memset.o)
 .ARM.attributes
                0x00000449       0x2d C:/ST/STM32CubeIDE_2.1.1/STM32CubeIDE/plugins/com.st.stm32cube.ide.mcu.externaltools.gnu-tools-for-stm32.14.3.rel1.win32_1.0.100.202602081740/tools/bin/../lib/gcc/arm-none-eabi/14.3.1/../../../../arm-none-eabi/lib/thumb/v7-m/nofp\libc_nano.a(libc_a-reent.o)
 .ARM.attributes
                0x00000476       0x2d C:/ST/STM32CubeIDE_2.1.1/STM32CubeIDE/plugins/com.st.stm32cube.ide.mcu.externaltools.gnu-tools-for-stm32.14.3.rel1.win32_1.0.100.202602081740/tools/bin/../lib/gcc/arm-none-eabi/14.3.1/../../../../arm-none-eabi/lib/thumb/v7-m/nofp\libc_nano.a(libc_a-impure.o)
 .ARM.attributes
                0x000004a3       0x2d C:/ST/STM32CubeIDE_2.1.1/STM32CubeIDE/plugins/com.st.stm32cube.ide.mcu.externaltools.gnu-tools-for-stm32.14.3.rel1.win32_1.0.100.202602081740/tools/bin/../lib/gcc/arm-none-eabi/14.3.1/../../../../arm-none-eabi/lib/thumb/v7-m/nofp\libc_nano.a(libc_a-errno.o)
 .ARM.attributes
                0x000004d0       0x2d C:/ST/STM32CubeIDE_2.1.1/STM32CubeIDE/plugins/com.st.stm32cube.ide.mcu.externaltools.gnu-tools-for-stm32.14.3.rel1.win32_1.0.100.202602081740/tools/bin/../lib/gcc/arm-none-eabi/14.3.1/../../../../arm-none-eabi/lib/thumb/v7-m/nofp\libc_nano.a(libc_a-init.o)
 .ARM.attributes
                0x000004fd       0x2d C:/ST/STM32CubeIDE_2.1.1/STM32CubeIDE/plugins/com.st.stm32cube.ide.mcu.externaltools.gnu-tools-for-stm32.14.3.rel1.win32_1.0.100.202602081740/tools/bin/../lib/gcc/arm-none-eabi/14.3.1/../../../../arm-none-eabi/lib/thumb/v7-m/nofp\libc_nano.a(libc_a-lock.o)
 .ARM.attributes
                0x0000052a       0x2d C:/ST/STM32CubeIDE_2.1.1/STM32CubeIDE/plugins/com.st.stm32cube.ide.mcu.externaltools.gnu-tools-for-stm32.14.3.rel1.win32_1.0.100.202602081740/tools/bin/../lib/gcc/arm-none-eabi/14.3.1/../../../../arm-none-eabi/lib/thumb/v7-m/nofp\libc_nano.a(libc_a-memcpy-stub.o)
 .ARM.attributes
                0x00000557       0x17 C:/ST/STM32CubeIDE_2.1.1/STM32CubeIDE/plugins/com.st.stm32cube.ide.mcu.externaltools.gnu-tools-for-stm32.14.3.rel1.win32_1.0.100.202602081740/tools/bin/../lib/gcc/arm-none-eabi/14.3.1/../../../../arm-none-eabi/lib/thumb/v7-m/nofp\libc_nano.a(libc_a-strlen.o)
 .ARM.attributes
                0x0000056e       0x2d C:/ST/STM32CubeIDE_2.1.1/STM32CubeIDE/plugins/com.st.stm32cube.ide.mcu.externaltools.gnu-tools-for-stm32.14.3.rel1.win32_1.0.100.202602081740/tools/bin/../lib/gcc/arm-none-eabi/14.3.1/../../../../arm-none-eabi/lib/thumb/v7-m/nofp\libc_nano.a(libc_a-freer.o)
 .ARM.attributes
                0x0000059b       0x2d C:/ST/STM32CubeIDE_2.1.1/STM32CubeIDE/plugins/com.st.stm32cube.ide.mcu.externaltools.gnu-tools-for-stm32.14.3.rel1.win32_1.0.100.202602081740/tools/bin/../lib/gcc/arm-none-eabi/14.3.1/../../../../arm-none-eabi/lib/thumb/v7-m/nofp\libc_nano.a(libc_a-mallocr.o)
 .ARM.attributes
                0x000005c8       0x2d C:/ST/STM32CubeIDE_2.1.1/STM32CubeIDE/plugins/com.st.stm32cube.ide.mcu.externaltools.gnu-tools-for-stm32.14.3.rel1.win32_1.0.100.202602081740/tools/bin/../lib/gcc/arm-none-eabi/14.3.1/../../../../arm-none-eabi/lib/thumb/v7-m/nofp\libc_nano.a(libc_a-mlock.o)
 .ARM.attributes
                0x000005f5       0x2d C:/ST/STM32CubeIDE_2.1.1/STM32CubeIDE/plugins/com.st.stm32cube.ide.mcu.externaltools.gnu-tools-for-stm32.14.3.rel1.win32_1.0.100.202602081740/tools/bin/../lib/gcc/arm-none-eabi/14.3.1/../../../../arm-none-eabi/lib/thumb/v7-m/nofp\libc_nano.a(libc_a-nano-svfprintf.o)
 .ARM.attributes
                0x00000622       0x2d C:/ST/STM32CubeIDE_2.1.1/STM32CubeIDE/plugins/com.st.stm32cube.ide.mcu.externaltools.gnu-tools-for-stm32.14.3.rel1.win32_1.0.100.202602081740/tools/bin/../lib/gcc/arm-none-eabi/14.3.1/../../../../arm-none-eabi/lib/thumb/v7-m/nofp\libc_nano.a(libc_a-nano-vfprintf_i.o)
 .ARM.attributes
                0x0000064f       0x2d C:/ST/STM32CubeIDE_2.1.1/STM32CubeIDE/plugins/com.st.stm32cube.ide.mcu.externaltools.gnu-tools-for-stm32.14.3.rel1.win32_1.0.100.202602081740/tools/bin/../lib/gcc/arm-none-eabi/14.3.1/../../../../arm-none-eabi/lib/thumb/v7-m/nofp\libc_nano.a(libc_a-memmove.o)
 .ARM.attributes
                0x0000067c       0x2d C:/ST/STM32CubeIDE_2.1.1/STM32CubeIDE/plugins/com.st.stm32cube.ide.mcu.externaltools.gnu-tools-for-stm32.14.3.rel1.win32_1.0.100.202602081740/tools/bin/../lib/gcc/arm-none-eabi/14.3.1/../../../../arm-none-eabi/lib/thumb/v7-m/nofp\libc_nano.a(libc_a-sbrkr.o)
 .ARM.attributes
                0x000006a9       0x2d C:/ST/STM32CubeIDE_2.1.1/STM32CubeIDE/plugins/com.st.stm32cube.ide.mcu.externaltools.gnu-tools-for-stm32.14.3.rel1.win32_1.0.100.202602081740/tools/bin/../lib/gcc/arm-none-eabi/14.3.1/../../../../arm-none-eabi/lib/thumb/v7-m/nofp\libc_nano.a(libc_a-memchr-stub.o)
 .ARM.attributes
                0x000006d6       0x2d C:/ST/STM32CubeIDE_2.1.1/STM32CubeIDE/plugins/com.st.stm32cube.ide.mcu.externaltools.gnu-tools-for-stm32.14.3.rel1.win32_1.0.100.202602081740/tools/bin/../lib/gcc/arm-none-eabi/14.3.1/../../../../arm-none-eabi/lib/thumb/v7-m/nofp\libc_nano.a(libc_a-reallocr.o)
 .ARM.attributes
                0x00000703       0x2d C:/ST/STM32CubeIDE_2.1.1/STM32CubeIDE/plugins/com.st.stm32cube.ide.mcu.externaltools.gnu-tools-for-stm32.14.3.rel1.win32_1.0.100.202602081740/tools/bin/../lib/gcc/arm-none-eabi/14.3.1/../../../../arm-none-eabi/lib/thumb/v7-m/nofp\libc_nano.a(libc_a-msizer.o)
 .ARM.attributes
                0x00000730       0x2d C:/ST/STM32CubeIDE_2.1.1/STM32CubeIDE/plugins/com.st.stm32cube.ide.mcu.externaltools.gnu-tools-for-stm32.14.3.rel1.win32_1.0.100.202602081740/tools/bin/../lib/gcc/arm-none-eabi/14.3.1/../../../../arm-none-eabi/lib/thumb/v7-m/nofp\libm.a(libm_a-w_pow.o)
 .ARM.attributes
                0x0000075d       0x2d C:/ST/STM32CubeIDE_2.1.1/STM32CubeIDE/plugins/com.st.stm32cube.ide.mcu.externaltools.gnu-tools-for-stm32.14.3.rel1.win32_1.0.100.202602081740/tools/bin/../lib/gcc/arm-none-eabi/14.3.1/../../../../arm-none-eabi/lib/thumb/v7-m/nofp\libm.a(libm_a-w_sqrt.o)
 .ARM.attributes
                0x0000078a       0x2d C:/ST/STM32CubeIDE_2.1.1/STM32CubeIDE/plugins/com.st.stm32cube.ide.mcu.externaltools.gnu-tools-for-stm32.14.3.rel1.win32_1.0.100.202602081740/tools/bin/../lib/gcc/arm-none-eabi/14.3.1/../../../../arm-none-eabi/lib/thumb/v7-m/nofp\libm.a(libm_a-s_finite.o)
 .ARM.attributes
                0x000007b7       0x2d C:/ST/STM32CubeIDE_2.1.1/STM32CubeIDE/plugins/com.st.stm32cube.ide.mcu.externaltools.gnu-tools-for-stm32.14.3.rel1.win32_1.0.100.202602081740/tools/bin/../lib/gcc/arm-none-eabi/14.3.1/../../../../arm-none-eabi/lib/thumb/v7-m/nofp\libm.a(libm_a-e_sqrt.o)
 .ARM.attributes
                0x000007e4       0x2d C:/ST/STM32CubeIDE_2.1.1/STM32CubeIDE/plugins/com.st.stm32cube.ide.mcu.externaltools.gnu-tools-for-stm32.14.3.rel1.win32_1.0.100.202602081740/tools/bin/../lib/gcc/arm-none-eabi/14.3.1/../../../../arm-none-eabi/lib/thumb/v7-m/nofp\libm.a(libm_a-s_floor.o)
 .ARM.attributes
                0x00000811       0x2d C:/ST/STM32CubeIDE_2.1.1/STM32CubeIDE/plugins/com.st.stm32cube.ide.mcu.externaltools.gnu-tools-for-stm32.14.3.rel1.win32_1.0.100.202602081740/tools/bin/../lib/gcc/arm-none-eabi/14.3.1/../../../../arm-none-eabi/lib/thumb/v7-m/nofp\libm.a(libm_a-e_pow.o)
 .ARM.attributes
                0x0000083e       0x2d C:/ST/STM32CubeIDE_2.1.1/STM32CubeIDE/plugins/com.st.stm32cube.ide.mcu.externaltools.gnu-tools-for-stm32.14.3.rel1.win32_1.0.100.202602081740/tools/bin/../lib/gcc/arm-none-eabi/14.3.1/../../../../arm-none-eabi/lib/thumb/v7-m/nofp\libm.a(libm_a-s_fabs.o)
 .ARM.attributes
                0x0000086b       0x2d C:/ST/STM32CubeIDE_2.1.1/STM32CubeIDE/plugins/com.st.stm32cube.ide.mcu.externaltools.gnu-tools-for-stm32.14.3.rel1.win32_1.0.100.202602081740/tools/bin/../lib/gcc/arm-none-eabi/14.3.1/../../../../arm-none-eabi/lib/thumb/v7-m/nofp\libm.a(libm_a-s_scalbn.o)
 .ARM.attributes
                0x00000898       0x2d C:/ST/STM32CubeIDE_2.1.1/STM32CubeIDE/plugins/com.st.stm32cube.ide.mcu.externaltools.gnu-tools-for-stm32.14.3.rel1.win32_1.0.100.202602081740/tools/bin/../lib/gcc/arm-none-eabi/14.3.1/../../../../arm-none-eabi/lib/thumb/v7-m/nofp\libm.a(libm_a-math_err.o)
 .ARM.attributes
                0x000008c5       0x1d C:/ST/STM32CubeIDE_2.1.1/STM32CubeIDE/plugins/com.st.stm32cube.ide.mcu.externaltools.gnu-tools-for-stm32.14.3.rel1.win32_1.0.100.202602081740/tools/bin/../lib/gcc/arm-none-eabi/14.3.1/thumb/v7-m/nofp\libgcc.a(_arm_addsubdf3.o)
 .ARM.attributes
                0x000008e2       0x1d C:/ST/STM32CubeIDE_2.1.1/STM32CubeIDE/plugins/com.st.stm32cube.ide.mcu.externaltools.gnu-tools-for-stm32.14.3.rel1.win32_1.0.100.202602081740/tools/bin/../lib/gcc/arm-none-eabi/14.3.1/thumb/v7-m/nofp\libgcc.a(_arm_muldivdf3.o)
 .ARM.attributes
                0x000008ff       0x1d C:/ST/STM32CubeIDE_2.1.1/STM32CubeIDE/plugins/com.st.stm32cube.ide.mcu.externaltools.gnu-tools-for-stm32.14.3.rel1.win32_1.0.100.202602081740/tools/bin/../lib/gcc/arm-none-eabi/14.3.1/thumb/v7-m/nofp\libgcc.a(_arm_cmpdf2.o)
 .ARM.attributes
                0x0000091c       0x1d C:/ST/STM32CubeIDE_2.1.1/STM32CubeIDE/plugins/com.st.stm32cube.ide.mcu.externaltools.gnu-tools-for-stm32.14.3.rel1.win32_1.0.100.202602081740/tools/bin/../lib/gcc/arm-none-eabi/14.3.1/thumb/v7-m/nofp\libgcc.a(_arm_unorddf2.o)
 .ARM.attributes
                0x00000939       0x1d C:/ST/STM32CubeIDE_2.1.1/STM32CubeIDE/plugins/com.st.stm32cube.ide.mcu.externaltools.gnu-tools-for-stm32.14.3.rel1.win32_1.0.100.202602081740/tools/bin/../lib/gcc/arm-none-eabi/14.3.1/thumb/v7-m/nofp\libgcc.a(_arm_fixunsdfsi.o)
 .ARM.attributes
                0x00000956       0x1d C:/ST/STM32CubeIDE_2.1.1/STM32CubeIDE/plugins/com.st.stm32cube.ide.mcu.externaltools.gnu-tools-for-stm32.14.3.rel1.win32_1.0.100.202602081740/tools/bin/../lib/gcc/arm-none-eabi/14.3.1/thumb/v7-m/nofp/crtn.o
OUTPUT(Repo.elf elf32-littlearm)
LOAD linker stubs
LOAD C:/ST/STM32CubeIDE_2.1.1/STM32CubeIDE/plugins/com.st.stm32cube.ide.mcu.externaltools.gnu-tools-for-stm32.14.3.rel1.win32_1.0.100.202602081740/tools/bin/../lib/gcc/arm-none-eabi/14.3.1/../../../../arm-none-eabi/lib/thumb/v7-m/nofp\libc.a
LOAD C:/ST/STM32CubeIDE_2.1.1/STM32CubeIDE/plugins/com.st.stm32cube.ide.mcu.externaltools.gnu-tools-for-stm32.14.3.rel1.win32_1.0.100.202602081740/tools/bin/../lib/gcc/arm-none-eabi/14.3.1/../../../../arm-none-eabi/lib/thumb/v7-m/nofp\libm.a
LOAD C:/ST/STM32CubeIDE_2.1.1/STM32CubeIDE/plugins/com.st.stm32cube.ide.mcu.externaltools.gnu-tools-for-stm32.14.3.rel1.win32_1.0.100.202602081740/tools/bin/../lib/gcc/arm-none-eabi/14.3.1/thumb/v7-m/nofp\libgcc.a

.debug_info     0x00000000     0x7aff
 .debug_info    0x00000000      0x78b ./Src/EngTrModel.o
 .debug_info    0x0000078b      0x203 ./Src/EngTrModel_data.o
 .debug_info    0x0000098e      0x5ea ./Src/heap_4.o
 .debug_info    0x00000f78      0x53b ./Src/lcd.o
 .debug_info    0x000014b3      0x2aa ./Src/list.o
 .debug_info    0x0000175d      0x51b ./Src/main_uart.o
 .debug_info    0x00001c78      0x52b ./Src/port.o
 .debug_info    0x000021a3     0x14a0 ./Src/queue.o
 .debug_info    0x00003643      0x3aa ./Src/rtGetInf.o
 .debug_info    0x000039ed      0x2d4 ./Src/rtGetNaN.o
 .debug_info    0x00003cc1      0x404 ./Src/rt_nonfinite.o
 .debug_info    0x000040c5      0x168 ./Src/sysmem.o
 .debug_info    0x0000422d      0x98c ./Src/task_app.o
 .debug_info    0x00004bb9     0x212a ./Src/tasks.o
 .debug_info    0x00006ce3      0x2ac ./Src/user_adc.o
 .debug_info    0x00006f8f      0x104 ./Src/user_motor.o
 .debug_info    0x00007093      0x323 ./Src/user_pwm.o
 .debug_info    0x000073b6      0x2e2 ./Src/user_timer.o
 .debug_info    0x00007698      0x437 ./Src/user_uart.o
 .debug_info    0x00007acf       0x30 ./Startup/startup_stm32f103rbtx.o

.debug_abbrev   0x00000000     0x1ec2
 .debug_abbrev  0x00000000      0x227 ./Src/EngTrModel.o
 .debug_abbrev  0x00000227       0xa6 ./Src/EngTrModel_data.o
 .debug_abbrev  0x000002cd      0x25a ./Src/heap_4.o
 .debug_abbrev  0x00000527      0x1c8 ./Src/lcd.o
 .debug_abbrev  0x000006ef       0xee ./Src/list.o
 .debug_abbrev  0x000007dd      0x1e7 ./Src/main_uart.o
 .debug_abbrev  0x000009c4      0x255 ./Src/port.o
 .debug_abbrev  0x00000c19      0x308 ./Src/queue.o
 .debug_abbrev  0x00000f21      0x13a ./Src/rtGetInf.o
 .debug_abbrev  0x0000105b      0x117 ./Src/rtGetNaN.o
 .debug_abbrev  0x00001172      0x17e ./Src/rt_nonfinite.o
 .debug_abbrev  0x000012f0       0xbc ./Src/sysmem.o
 .debug_abbrev  0x000013ac      0x274 ./Src/task_app.o
 .debug_abbrev  0x00001620      0x37e ./Src/tasks.o
 .debug_abbrev  0x0000199e       0xad ./Src/user_adc.o
 .debug_abbrev  0x00001a4b       0x83 ./Src/user_motor.o
 .debug_abbrev  0x00001ace      0x104 ./Src/user_pwm.o
 .debug_abbrev  0x00001bd2      0x103 ./Src/user_timer.o
 .debug_abbrev  0x00001cd5      0x1c9 ./Src/user_uart.o
 .debug_abbrev  0x00001e9e       0x24 ./Startup/startup_stm32f103rbtx.o

.debug_aranges  0x00000000      0x7b0
 .debug_aranges
                0x00000000       0x50 ./Src/EngTrModel.o
 .debug_aranges
                0x00000050       0x18 ./Src/EngTrModel_data.o
 .debug_aranges
                0x00000068       0x70 ./Src/heap_4.o
 .debug_aranges
                0x000000d8       0xb0 ./Src/lcd.o
 .debug_aranges
                0x00000188       0x40 ./Src/list.o
 .debug_aranges
                0x000001c8       0x60 ./Src/main_uart.o
 .debug_aranges
                0x00000228       0x78 ./Src/port.o
 .debug_aranges
                0x000002a0       0xf0 ./Src/queue.o
 .debug_aranges
                0x00000390       0x38 ./Src/rtGetInf.o
 .debug_aranges
                0x000003c8       0x28 ./Src/rtGetNaN.o
 .debug_aranges
                0x000003f0       0x40 ./Src/rt_nonfinite.o
 .debug_aranges
                0x00000430       0x20 ./Src/sysmem.o
 .debug_aranges
                0x00000450       0x68 ./Src/task_app.o
 .debug_aranges
                0x000004b8      0x1b8 ./Src/tasks.o
 .debug_aranges
                0x00000670       0x28 ./Src/user_adc.o
 .debug_aranges
                0x00000698       0x38 ./Src/user_motor.o
 .debug_aranges
                0x000006d0       0x38 ./Src/user_pwm.o
 .debug_aranges
                0x00000708       0x28 ./Src/user_timer.o
 .debug_aranges
                0x00000730       0x58 ./Src/user_uart.o
 .debug_aranges
                0x00000788       0x28 ./Startup/startup_stm32f103rbtx.o

.debug_rnglists
                0x00000000      0x5aa
 .debug_rnglists
                0x00000000       0x3c ./Src/EngTrModel.o
 .debug_rnglists
                0x0000003c       0x54 ./Src/heap_4.o
 .debug_rnglists
                0x00000090       0x83 ./Src/lcd.o
 .debug_rnglists
                0x00000113       0x2b ./Src/list.o
 .debug_rnglists
                0x0000013e       0x46 ./Src/main_uart.o
 .debug_rnglists
                0x00000184       0x57 ./Src/port.o
 .debug_rnglists
                0x000001db       0xbc ./Src/queue.o
 .debug_rnglists
                0x00000297       0x27 ./Src/rtGetInf.o
 .debug_rnglists
                0x000002be       0x1a ./Src/rtGetNaN.o
 .debug_rnglists
                0x000002d8       0x2c ./Src/rt_nonfinite.o
 .debug_rnglists
                0x00000304       0x13 ./Src/sysmem.o
 .debug_rnglists
                0x00000317       0x4e ./Src/task_app.o
 .debug_rnglists
                0x00000365      0x16f ./Src/tasks.o
 .debug_rnglists
                0x000004d4       0x1a ./Src/user_adc.o
 .debug_rnglists
                0x000004ee       0x25 ./Src/user_motor.o
 .debug_rnglists
                0x00000513       0x26 ./Src/user_pwm.o
 .debug_rnglists
                0x00000539       0x1a ./Src/user_timer.o
 .debug_rnglists
                0x00000553       0x3e ./Src/user_uart.o
 .debug_rnglists
                0x00000591       0x19 ./Startup/startup_stm32f103rbtx.o

.debug_macro    0x00000000     0x57ad
 .debug_macro   0x00000000      0x17a ./Src/EngTrModel.o
 .debug_macro   0x0000017a      0xad2 ./Src/EngTrModel.o
 .debug_macro   0x00000c4c       0x22 ./Src/EngTrModel.o
 .debug_macro   0x00000c6e       0x5b ./Src/EngTrModel.o
 .debug_macro   0x00000cc9       0x24 ./Src/EngTrModel.o
 .debug_macro   0x00000ced       0x94 ./Src/EngTrModel.o
 .debug_macro   0x00000d81       0x43 ./Src/EngTrModel.o
 .debug_macro   0x00000dc4       0x34 ./Src/EngTrModel.o
 .debug_macro   0x00000df8      0x190 ./Src/EngTrModel.o
 .debug_macro   0x00000f88       0x57 ./Src/EngTrModel.o
 .debug_macro   0x00000fdf      0x364 ./Src/EngTrModel.o
 .debug_macro   0x00001343       0x16 ./Src/EngTrModel.o
 .debug_macro   0x00001359       0x4a ./Src/EngTrModel.o
 .debug_macro   0x000013a3       0x34 ./Src/EngTrModel.o
 .debug_macro   0x000013d7       0x10 ./Src/EngTrModel.o
 .debug_macro   0x000013e7       0x58 ./Src/EngTrModel.o
 .debug_macro   0x0000143f       0x8e ./Src/EngTrModel.o
 .debug_macro   0x000014cd       0x1c ./Src/EngTrModel.o
 .debug_macro   0x000014e9      0x17e ./Src/EngTrModel.o
 .debug_macro   0x00001667      0x19b ./Src/EngTrModel.o
 .debug_macro   0x00001802       0x7f ./Src/EngTrModel.o
 .debug_macro   0x00001881       0x10 ./Src/EngTrModel.o
 .debug_macro   0x00001891      0x13e ./Src/EngTrModel_data.o
 .debug_macro   0x000019cf      0x237 ./Src/heap_4.o
 .debug_macro   0x00001c06       0x16 ./Src/heap_4.o
 .debug_macro   0x00001c1c      0x11c ./Src/heap_4.o
 .debug_macro   0x00001d38       0x9b ./Src/heap_4.o
 .debug_macro   0x00001dd3       0x16 ./Src/heap_4.o
 .debug_macro   0x00001de9       0x29 ./Src/heap_4.o
 .debug_macro   0x00001e12       0x16 ./Src/heap_4.o
 .debug_macro   0x00001e28       0x3c ./Src/heap_4.o
 .debug_macro   0x00001e64       0x20 ./Src/heap_4.o
 .debug_macro   0x00001e84      0x103 ./Src/heap_4.o
 .debug_macro   0x00001f87       0x6a ./Src/heap_4.o
 .debug_macro   0x00001ff1      0x1df ./Src/heap_4.o
 .debug_macro   0x000021d0       0x16 ./Src/heap_4.o
 .debug_macro   0x000021e6      0x154 ./Src/heap_4.o
 .debug_macro   0x0000233a       0x2e ./Src/heap_4.o
 .debug_macro   0x00002368      0x182 ./Src/heap_4.o
 .debug_macro   0x000024ea       0xee ./Src/heap_4.o
 .debug_macro   0x000025d8       0x3a ./Src/heap_4.o
 .debug_macro   0x00002612       0x1f ./Src/heap_4.o
 .debug_macro   0x00002631       0x12 ./Src/heap_4.o
 .debug_macro   0x00002643      0xff5 ./Src/heap_4.o
 .debug_macro   0x00003638       0xc3 ./Src/heap_4.o
 .debug_macro   0x000036fb      0x161 ./Src/heap_4.o
 .debug_macro   0x0000385c       0xf1 ./Src/lcd.o
 .debug_macro   0x0000394d       0x8e ./Src/lcd.o
 .debug_macro   0x000039db       0x51 ./Src/lcd.o
 .debug_macro   0x00003a2c       0xaa ./Src/lcd.o
 .debug_macro   0x00003ad6       0xa0 ./Src/lcd.o
 .debug_macro   0x00003b76      0x1a2 ./Src/list.o
 .debug_macro   0x00003d18      0x280 ./Src/main_uart.o
 .debug_macro   0x00003f98       0x61 ./Src/main_uart.o
 .debug_macro   0x00003ff9       0x16 ./Src/main_uart.o
 .debug_macro   0x0000400f       0x9e ./Src/main_uart.o
 .debug_macro   0x000040ad      0x112 ./Src/main_uart.o
 .debug_macro   0x000041bf       0x10 ./Src/main_uart.o
 .debug_macro   0x000041cf       0x16 ./Src/main_uart.o
 .debug_macro   0x000041e5       0x16 ./Src/main_uart.o
 .debug_macro   0x000041fb      0x146 ./Src/main_uart.o
 .debug_macro   0x00004341       0x3a ./Src/main_uart.o
 .debug_macro   0x0000437b       0x80 ./Src/main_uart.o
 .debug_macro   0x000043fb      0x1ab ./Src/port.o
 .debug_macro   0x000045a6      0x239 ./Src/queue.o
 .debug_macro   0x000047df       0x41 ./Src/rtGetInf.o
 .debug_macro   0x00004820       0x41 ./Src/rtGetNaN.o
 .debug_macro   0x00004861       0x4d ./Src/rt_nonfinite.o
 .debug_macro   0x000048ae      0x116 ./Src/sysmem.o
 .debug_macro   0x000049c4      0x23c ./Src/sysmem.o
 .debug_macro   0x00004c00      0x26c ./Src/task_app.o
 .debug_macro   0x00004e6c      0x2c6 ./Src/tasks.o
 .debug_macro   0x00005132       0x98 ./Src/tasks.o
 .debug_macro   0x000051ca       0x17 ./Src/tasks.o
 .debug_macro   0x000051e1      0x128 ./Src/user_adc.o
 .debug_macro   0x00005309       0x76 ./Src/user_motor.o
 .debug_macro   0x0000537f       0x8e ./Src/user_pwm.o
 .debug_macro   0x0000540d      0x21e ./Src/user_timer.o
 .debug_macro   0x0000562b      0x182 ./Src/user_uart.o

.debug_line     0x00000000     0xa238
 .debug_line    0x00000000      0xa58 ./Src/EngTrModel.o
 .debug_line    0x00000a58      0x591 ./Src/EngTrModel_data.o
 .debug_line    0x00000fe9      0xb10 ./Src/heap_4.o
 .debug_line    0x00001af9      0x9d5 ./Src/lcd.o
 .debug_line    0x000024ce      0x780 ./Src/list.o
 .debug_line    0x00002c4e      0x91e ./Src/main_uart.o
 .debug_line    0x0000356c      0x81d ./Src/port.o
 .debug_line    0x00003d89     0x145d ./Src/queue.o
 .debug_line    0x000051e6      0x20a ./Src/rtGetInf.o
 .debug_line    0x000053f0      0x1bc ./Src/rtGetNaN.o
 .debug_line    0x000055ac      0x2e9 ./Src/rt_nonfinite.o
 .debug_line    0x00005895      0x588 ./Src/sysmem.o
 .debug_line    0x00005e1d      0xa3d ./Src/task_app.o
 .debug_line    0x0000685a     0x1b4b ./Src/tasks.o
 .debug_line    0x000083a5      0x5ee ./Src/user_adc.o
 .debug_line    0x00008993      0x461 ./Src/user_motor.o
 .debug_line    0x00008df4      0x500 ./Src/user_pwm.o
 .debug_line    0x000092f4      0x76c ./Src/user_timer.o
 .debug_line    0x00009a60      0x75d ./Src/user_uart.o
 .debug_line    0x0000a1bd       0x7b ./Startup/startup_stm32f103rbtx.o

.debug_str      0x00000000    0x18886
 .debug_str     0x00000000    0x18886 ./Src/EngTrModel.o
                               0x76fe (size before relaxing)
 .debug_str     0x00018886     0x7276 ./Src/EngTrModel_data.o
 .debug_str     0x00018886    0x124ad ./Src/heap_4.o
 .debug_str     0x00018886     0xf2c9 ./Src/lcd.o
 .debug_str     0x00018886    0x108b9 ./Src/list.o
 .debug_str     0x00018886    0x13df4 ./Src/main_uart.o
 .debug_str     0x00018886     0xf328 ./Src/port.o
 .debug_str     0x00018886    0x13030 ./Src/queue.o
 .debug_str     0x00018886     0x34e6 ./Src/rtGetInf.o
 .debug_str     0x00018886     0x34be ./Src/rtGetNaN.o
 .debug_str     0x00018886     0x356b ./Src/rt_nonfinite.o
 .debug_str     0x00018886     0x76a7 ./Src/sysmem.o
 .debug_str     0x00018886    0x14012 ./Src/task_app.o
 .debug_str     0x00018886    0x13e3d ./Src/tasks.o
 .debug_str     0x00018886     0xeedc ./Src/user_adc.o
 .debug_str     0x00018886     0x40a8 ./Src/user_motor.o
 .debug_str     0x00018886     0x41e7 ./Src/user_pwm.o
 .debug_str     0x00018886    0x1317a ./Src/user_timer.o
 .debug_str     0x00018886     0x7df5 ./Src/user_uart.o
 .debug_str     0x00018886       0x74 ./Startup/startup_stm32f103rbtx.o

.comment        0x00000000       0x43
 .comment       0x00000000       0x43 ./Src/EngTrModel.o
                                 0x44 (size before relaxing)
 .comment       0x00000043       0x44 ./Src/EngTrModel_data.o
 .comment       0x00000043       0x44 ./Src/heap_4.o
 .comment       0x00000043       0x44 ./Src/lcd.o
 .comment       0x00000043       0x44 ./Src/list.o
 .comment       0x00000043       0x44 ./Src/main_uart.o
 .comment       0x00000043       0x44 ./Src/port.o
 .comment       0x00000043       0x44 ./Src/queue.o
 .comment       0x00000043       0x44 ./Src/rtGetInf.o
 .comment       0x00000043       0x44 ./Src/rtGetNaN.o
 .comment       0x00000043       0x44 ./Src/rt_nonfinite.o
 .comment       0x00000043       0x44 ./Src/sysmem.o
 .comment       0x00000043       0x44 ./Src/task_app.o
 .comment       0x00000043       0x44 ./Src/tasks.o
 .comment       0x00000043       0x44 ./Src/user_adc.o
 .comment       0x00000043       0x44 ./Src/user_motor.o
 .comment       0x00000043       0x44 ./Src/user_pwm.o
 .comment       0x00000043       0x44 ./Src/user_timer.o
 .comment       0x00000043       0x44 ./Src/user_uart.o

.debug_frame    0x00000000     0x24a0
 .debug_frame   0x00000000      0x118 ./Src/EngTrModel.o
 .debug_frame   0x00000118      0x178 ./Src/heap_4.o
 .debug_frame   0x00000290      0x274 ./Src/lcd.o
 .debug_frame   0x00000504       0xc4 ./Src/list.o
 .debug_frame   0x000005c8      0x134 ./Src/main_uart.o
 .debug_frame   0x000006fc      0x17c ./Src/port.o
 .debug_frame   0x00000878      0x3e0 ./Src/queue.o
 .debug_frame   0x00000c58       0xa0 ./Src/rtGetInf.o
 .debug_frame   0x00000cf8       0x58 ./Src/rtGetNaN.o
 .debug_frame   0x00000d50       0xc4 ./Src/rt_nonfinite.o
 .debug_frame   0x00000e14       0x34 ./Src/sysmem.o
 .debug_frame   0x00000e48      0x168 ./Src/task_app.o
 .debug_frame   0x00000fb0      0x748 ./Src/tasks.o
 .debug_frame   0x000016f8       0x48 ./Src/user_adc.o
 .debug_frame   0x00001740       0x98 ./Src/user_motor.o
 .debug_frame   0x000017d8       0x98 ./Src/user_pwm.o
 .debug_frame   0x00001870       0x58 ./Src/user_timer.o
 .debug_frame   0x000018c8      0x128 ./Src/user_uart.o
 .debug_frame   0x000019f0      0x144 C:/ST/STM32CubeIDE_2.1.1/STM32CubeIDE/plugins/com.st.stm32cube.ide.mcu.externaltools.gnu-tools-for-stm32.14.3.rel1.win32_1.0.100.202602081740/tools/bin/../lib/gcc/arm-none-eabi/14.3.1/../../../../arm-none-eabi/lib/thumb/v7-m/nofp\libc_nano.a(libc_a-findfp.o)
 .debug_frame   0x00001b34       0x7c C:/ST/STM32CubeIDE_2.1.1/STM32CubeIDE/plugins/com.st.stm32cube.ide.mcu.externaltools.gnu-tools-for-stm32.14.3.rel1.win32_1.0.100.202602081740/tools/bin/../lib/gcc/arm-none-eabi/14.3.1/../../../../arm-none-eabi/lib/thumb/v7-m/nofp\libc_nano.a(libc_a-snprintf.o)
 .debug_frame   0x00001bb0       0x20 C:/ST/STM32CubeIDE_2.1.1/STM32CubeIDE/plugins/com.st.stm32cube.ide.mcu.externaltools.gnu-tools-for-stm32.14.3.rel1.win32_1.0.100.202602081740/tools/bin/../lib/gcc/arm-none-eabi/14.3.1/../../../../arm-none-eabi/lib/thumb/v7-m/nofp\libc_nano.a(libc_a-memset.o)
 .debug_frame   0x00001bd0       0x38 C:/ST/STM32CubeIDE_2.1.1/STM32CubeIDE/plugins/com.st.stm32cube.ide.mcu.externaltools.gnu-tools-for-stm32.14.3.rel1.win32_1.0.100.202602081740/tools/bin/../lib/gcc/arm-none-eabi/14.3.1/../../../../arm-none-eabi/lib/thumb/v7-m/nofp\libc_nano.a(libc_a-reent.o)
 .debug_frame   0x00001c08       0x20 C:/ST/STM32CubeIDE_2.1.1/STM32CubeIDE/plugins/com.st.stm32cube.ide.mcu.externaltools.gnu-tools-for-stm32.14.3.rel1.win32_1.0.100.202602081740/tools/bin/../lib/gcc/arm-none-eabi/14.3.1/../../../../arm-none-eabi/lib/thumb/v7-m/nofp\libc_nano.a(libc_a-errno.o)
 .debug_frame   0x00001c28       0x2c C:/ST/STM32CubeIDE_2.1.1/STM32CubeIDE/plugins/com.st.stm32cube.ide.mcu.externaltools.gnu-tools-for-stm32.14.3.rel1.win32_1.0.100.202602081740/tools/bin/../lib/gcc/arm-none-eabi/14.3.1/../../../../arm-none-eabi/lib/thumb/v7-m/nofp\libc_nano.a(libc_a-init.o)
 .debug_frame   0x00001c54       0xb0 C:/ST/STM32CubeIDE_2.1.1/STM32CubeIDE/plugins/com.st.stm32cube.ide.mcu.externaltools.gnu-tools-for-stm32.14.3.rel1.win32_1.0.100.202602081740/tools/bin/../lib/gcc/arm-none-eabi/14.3.1/../../../../arm-none-eabi/lib/thumb/v7-m/nofp\libc_nano.a(libc_a-lock.o)
 .debug_frame   0x00001d04       0x28 C:/ST/STM32CubeIDE_2.1.1/STM32CubeIDE/plugins/com.st.stm32cube.ide.mcu.externaltools.gnu-tools-for-stm32.14.3.rel1.win32_1.0.100.202602081740/tools/bin/../lib/gcc/arm-none-eabi/14.3.1/../../../../arm-none-eabi/lib/thumb/v7-m/nofp\libc_nano.a(libc_a-memcpy-stub.o)
 .debug_frame   0x00001d2c       0x20 C:/ST/STM32CubeIDE_2.1.1/STM32CubeIDE/plugins/com.st.stm32cube.ide.mcu.externaltools.gnu-tools-for-stm32.14.3.rel1.win32_1.0.100.202602081740/tools/bin/../lib/gcc/arm-none-eabi/14.3.1/../../../../arm-none-eabi/lib/thumb/v7-m/nofp\libc_nano.a(libc_a-strlen.o)
 .debug_frame   0x00001d4c       0x38 C:/ST/STM32CubeIDE_2.1.1/STM32CubeIDE/plugins/com.st.stm32cube.ide.mcu.externaltools.gnu-tools-for-stm32.14.3.rel1.win32_1.0.100.202602081740/tools/bin/../lib/gcc/arm-none-eabi/14.3.1/../../../../arm-none-eabi/lib/thumb/v7-m/nofp\libc_nano.a(libc_a-freer.o)
 .debug_frame   0x00001d84       0x50 C:/ST/STM32CubeIDE_2.1.1/STM32CubeIDE/plugins/com.st.stm32cube.ide.mcu.externaltools.gnu-tools-for-stm32.14.3.rel1.win32_1.0.100.202602081740/tools/bin/../lib/gcc/arm-none-eabi/14.3.1/../../../../arm-none-eabi/lib/thumb/v7-m/nofp\libc_nano.a(libc_a-mallocr.o)
 .debug_frame   0x00001dd4       0x30 C:/ST/STM32CubeIDE_2.1.1/STM32CubeIDE/plugins/com.st.stm32cube.ide.mcu.externaltools.gnu-tools-for-stm32.14.3.rel1.win32_1.0.100.202602081740/tools/bin/../lib/gcc/arm-none-eabi/14.3.1/../../../../arm-none-eabi/lib/thumb/v7-m/nofp\libc_nano.a(libc_a-mlock.o)
 .debug_frame   0x00001e04       0x90 C:/ST/STM32CubeIDE_2.1.1/STM32CubeIDE/plugins/com.st.stm32cube.ide.mcu.externaltools.gnu-tools-for-stm32.14.3.rel1.win32_1.0.100.202602081740/tools/bin/../lib/gcc/arm-none-eabi/14.3.1/../../../../arm-none-eabi/lib/thumb/v7-m/nofp\libc_nano.a(libc_a-nano-svfprintf.o)
 .debug_frame   0x00001e94       0x60 C:/ST/STM32CubeIDE_2.1.1/STM32CubeIDE/plugins/com.st.stm32cube.ide.mcu.externaltools.gnu-tools-for-stm32.14.3.rel1.win32_1.0.100.202602081740/tools/bin/../lib/gcc/arm-none-eabi/14.3.1/../../../../arm-none-eabi/lib/thumb/v7-m/nofp\libc_nano.a(libc_a-nano-vfprintf_i.o)
 .debug_frame   0x00001ef4       0x28 C:/ST/STM32CubeIDE_2.1.1/STM32CubeIDE/plugins/com.st.stm32cube.ide.mcu.externaltools.gnu-tools-for-stm32.14.3.rel1.win32_1.0.100.202602081740/tools/bin/../lib/gcc/arm-none-eabi/14.3.1/../../../../arm-none-eabi/lib/thumb/v7-m/nofp\libc_nano.a(libc_a-memmove.o)
 .debug_frame   0x00001f1c       0x2c C:/ST/STM32CubeIDE_2.1.1/STM32CubeIDE/plugins/com.st.stm32cube.ide.mcu.externaltools.gnu-tools-for-stm32.14.3.rel1.win32_1.0.100.202602081740/tools/bin/../lib/gcc/arm-none-eabi/14.3.1/../../../../arm-none-eabi/lib/thumb/v7-m/nofp\libc_nano.a(libc_a-sbrkr.o)
 .debug_frame   0x00001f48       0x28 C:/ST/STM32CubeIDE_2.1.1/STM32CubeIDE/plugins/com.st.stm32cube.ide.mcu.externaltools.gnu-tools-for-stm32.14.3.rel1.win32_1.0.100.202602081740/tools/bin/../lib/gcc/arm-none-eabi/14.3.1/../../../../arm-none-eabi/lib/thumb/v7-m/nofp\libc_nano.a(libc_a-memchr-stub.o)
 .debug_frame   0x00001f70       0x3c C:/ST/STM32CubeIDE_2.1.1/STM32CubeIDE/plugins/com.st.stm32cube.ide.mcu.externaltools.gnu-tools-for-stm32.14.3.rel1.win32_1.0.100.202602081740/tools/bin/../lib/gcc/arm-none-eabi/14.3.1/../../../../arm-none-eabi/lib/thumb/v7-m/nofp\libc_nano.a(libc_a-reallocr.o)
 .debug_frame   0x00001fac       0x20 C:/ST/STM32CubeIDE_2.1.1/STM32CubeIDE/plugins/com.st.stm32cube.ide.mcu.externaltools.gnu-tools-for-stm32.14.3.rel1.win32_1.0.100.202602081740/tools/bin/../lib/gcc/arm-none-eabi/14.3.1/../../../../arm-none-eabi/lib/thumb/v7-m/nofp\libc_nano.a(libc_a-msizer.o)
 .debug_frame   0x00001fcc       0x34 C:/ST/STM32CubeIDE_2.1.1/STM32CubeIDE/plugins/com.st.stm32cube.ide.mcu.externaltools.gnu-tools-for-stm32.14.3.rel1.win32_1.0.100.202602081740/tools/bin/../lib/gcc/arm-none-eabi/14.3.1/../../../../arm-none-eabi/lib/thumb/v7-m/nofp\libm.a(libm_a-w_pow.o)
 .debug_frame   0x00002000       0x30 C:/ST/STM32CubeIDE_2.1.1/STM32CubeIDE/plugins/com.st.stm32cube.ide.mcu.externaltools.gnu-tools-for-stm32.14.3.rel1.win32_1.0.100.202602081740/tools/bin/../lib/gcc/arm-none-eabi/14.3.1/../../../../arm-none-eabi/lib/thumb/v7-m/nofp\libm.a(libm_a-w_sqrt.o)
 .debug_frame   0x00002030       0x20 C:/ST/STM32CubeIDE_2.1.1/STM32CubeIDE/plugins/com.st.stm32cube.ide.mcu.externaltools.gnu-tools-for-stm32.14.3.rel1.win32_1.0.100.202602081740/tools/bin/../lib/gcc/arm-none-eabi/14.3.1/../../../../arm-none-eabi/lib/thumb/v7-m/nofp\libm.a(libm_a-s_finite.o)
 .debug_frame   0x00002050       0x38 C:/ST/STM32CubeIDE_2.1.1/STM32CubeIDE/plugins/com.st.stm32cube.ide.mcu.externaltools.gnu-tools-for-stm32.14.3.rel1.win32_1.0.100.202602081740/tools/bin/../lib/gcc/arm-none-eabi/14.3.1/../../../../arm-none-eabi/lib/thumb/v7-m/nofp\libm.a(libm_a-e_sqrt.o)
 .debug_frame   0x00002088       0x30 C:/ST/STM32CubeIDE_2.1.1/STM32CubeIDE/plugins/com.st.stm32cube.ide.mcu.externaltools.gnu-tools-for-stm32.14.3.rel1.win32_1.0.100.202602081740/tools/bin/../lib/gcc/arm-none-eabi/14.3.1/../../../../arm-none-eabi/lib/thumb/v7-m/nofp\libm.a(libm_a-s_floor.o)
 .debug_frame   0x000020b8       0x80 C:/ST/STM32CubeIDE_2.1.1/STM32CubeIDE/plugins/com.st.stm32cube.ide.mcu.externaltools.gnu-tools-for-stm32.14.3.rel1.win32_1.0.100.202602081740/tools/bin/../lib/gcc/arm-none-eabi/14.3.1/../../../../arm-none-eabi/lib/thumb/v7-m/nofp\libm.a(libm_a-e_pow.o)
 .debug_frame   0x00002138       0x20 C:/ST/STM32CubeIDE_2.1.1/STM32CubeIDE/plugins/com.st.stm32cube.ide.mcu.externaltools.gnu-tools-for-stm32.14.3.rel1.win32_1.0.100.202602081740/tools/bin/../lib/gcc/arm-none-eabi/14.3.1/../../../../arm-none-eabi/lib/thumb/v7-m/nofp\libm.a(libm_a-s_fabs.o)
 .debug_frame   0x00002158       0x30 C:/ST/STM32CubeIDE_2.1.1/STM32CubeIDE/plugins/com.st.stm32cube.ide.mcu.externaltools.gnu-tools-for-stm32.14.3.rel1.win32_1.0.100.202602081740/tools/bin/../lib/gcc/arm-none-eabi/14.3.1/../../../../arm-none-eabi/lib/thumb/v7-m/nofp\libm.a(libm_a-s_scalbn.o)
 .debug_frame   0x00002188      0x114 C:/ST/STM32CubeIDE_2.1.1/STM32CubeIDE/plugins/com.st.stm32cube.ide.mcu.externaltools.gnu-tools-for-stm32.14.3.rel1.win32_1.0.100.202602081740/tools/bin/../lib/gcc/arm-none-eabi/14.3.1/../../../../arm-none-eabi/lib/thumb/v7-m/nofp\libm.a(libm_a-math_err.o)
 .debug_frame   0x0000229c       0xac C:/ST/STM32CubeIDE_2.1.1/STM32CubeIDE/plugins/com.st.stm32cube.ide.mcu.externaltools.gnu-tools-for-stm32.14.3.rel1.win32_1.0.100.202602081740/tools/bin/../lib/gcc/arm-none-eabi/14.3.1/thumb/v7-m/nofp\libgcc.a(_arm_addsubdf3.o)
 .debug_frame   0x00002348       0x50 C:/ST/STM32CubeIDE_2.1.1/STM32CubeIDE/plugins/com.st.stm32cube.ide.mcu.externaltools.gnu-tools-for-stm32.14.3.rel1.win32_1.0.100.202602081740/tools/bin/../lib/gcc/arm-none-eabi/14.3.1/thumb/v7-m/nofp\libgcc.a(_arm_muldivdf3.o)
 .debug_frame   0x00002398       0xc4 C:/ST/STM32CubeIDE_2.1.1/STM32CubeIDE/plugins/com.st.stm32cube.ide.mcu.externaltools.gnu-tools-for-stm32.14.3.rel1.win32_1.0.100.202602081740/tools/bin/../lib/gcc/arm-none-eabi/14.3.1/thumb/v7-m/nofp\libgcc.a(_arm_cmpdf2.o)
 .debug_frame   0x0000245c       0x20 C:/ST/STM32CubeIDE_2.1.1/STM32CubeIDE/plugins/com.st.stm32cube.ide.mcu.externaltools.gnu-tools-for-stm32.14.3.rel1.win32_1.0.100.202602081740/tools/bin/../lib/gcc/arm-none-eabi/14.3.1/thumb/v7-m/nofp\libgcc.a(_arm_unorddf2.o)
 .debug_frame   0x0000247c       0x24 C:/ST/STM32CubeIDE_2.1.1/STM32CubeIDE/plugins/com.st.stm32cube.ide.mcu.externaltools.gnu-tools-for-stm32.14.3.rel1.win32_1.0.100.202602081740/tools/bin/../lib/gcc/arm-none-eabi/14.3.1/thumb/v7-m/nofp\libgcc.a(_arm_fixunsdfsi.o)

.debug_line_str
                0x00000000       0x58
 .debug_line_str
                0x00000000       0x58 ./Startup/startup_stm32f103rbtx.o