../Src/lcd.c:16:20:DWT_Init	4	static
../Src/lcd.c:23:13:LCD_DelayUs	24	static
../Src/lcd.c:30:13:LCD_Delay_10us	8	static
../Src/lcd.c:31:13:LCD_Delay_53us	8	static
../Src/lcd.c:32:13:LCD_Delay_100us	8	static
../Src/lcd.c:33:13:LCD_Delay_1ms	8	static
../Src/lcd.c:34:13:LCD_Delay_4_1ms	8	static
../Src/lcd.c:35:13:LCD_Delay_40ms	8	static
../Src/lcd.c:50:6:LCD_Pulse_EN	8	static
../Src/lcd.c:61:6:LCD_Out_Data4	24	static
../Src/lcd.c:78:6:LCD_Write_Byte	16	static
../Src/lcd.c:92:6:LCD_Write_Cmd	16	static
../Src/lcd.c:100:6:LCD_Put_Char	16	static
../Src/lcd.c:108:6:LCD_Set_Cursor	24	static
../Src/lcd.c:118:6:LCD_Put_Str	24	static
../Src/lcd.c:123:6:LCD_Put_Num	32	static
../Src/lcd.c:134:6:LCD_Busy	4	static
../Src/lcd.c:140:6:LCD_BarGraphic	24	static
../Src/lcd.c:149:6:LCD_BarGraphicXY	24	static
../Src/lcd.c:159:6:LCD_Init	8	static
