../Src/lcd.c:11:13:LCD_DelayUs	24	static
../Src/lcd.c:17:13:LCD_Delay_10us	8	static
../Src/lcd.c:18:13:LCD_Delay_53us	8	static
../Src/lcd.c:19:13:LCD_Delay_100us	8	static
../Src/lcd.c:20:13:LCD_Delay_1ms	8	static
../Src/lcd.c:21:13:LCD_Delay_4_1ms	8	static
../Src/lcd.c:22:13:LCD_Delay_40ms	8	static
../Src/lcd.c:37:6:LCD_Pulse_EN	8	static
../Src/lcd.c:48:6:LCD_Out_Data4	24	static
../Src/lcd.c:65:6:LCD_Write_Byte	16	static
../Src/lcd.c:79:6:LCD_Write_Cmd	16	static
../Src/lcd.c:87:6:LCD_Put_Char	16	static
../Src/lcd.c:95:6:LCD_Set_Cursor	24	static
../Src/lcd.c:105:6:LCD_Put_Str	24	static
../Src/lcd.c:110:6:LCD_Put_Num	32	static
../Src/lcd.c:121:6:LCD_Busy	4	static
../Src/lcd.c:127:6:LCD_BarGraphic	24	static
../Src/lcd.c:136:6:LCD_BarGraphicXY	24	static
../Src/lcd.c:146:6:LCD_Init	8	static
