../Src/main_uart.c:42:5:main	40	static,ignoring_inline_asm
../Src/main_uart.c:111:6:USER_GPIO_Init	4	static
../Src/main_uart.c:120:6:USER_SystemClock_Config	4	static
../Src/main_uart.c:135:16:USER_ReadBrakeState	4	static
../Src/main_uart.c:140:16:USER_ClampPercentFromRaw	16	static
../Src/main_uart.c:149:17:USER_ClampRpm	16	static
../Src/main_uart.c:162:17:USER_ClampSpeed	16	static
../Src/main_uart.c:175:13:USER_LCD_WritePadded	40	static
../Src/main_uart.c:197:13:USER_LCD_UpdateStatus	64	static
../Src/main_uart.c:213:13:USER_LCD_SimpleTest	8	static
